Component: ARM Compiler 5.06 update 7 (build 960) Tool: armlink [4d3601]

==============================================================================

Section Cross References

    startup_stm32h723xx.o(STACK) refers (Special) to heapauxi.o(.text) for __use_two_region_memory
    startup_stm32h723xx.o(HEAP) refers (Special) to heapauxi.o(.text) for __use_two_region_memory
    startup_stm32h723xx.o(RESET) refers (Special) to heapauxi.o(.text) for __use_two_region_memory
    startup_stm32h723xx.o(RESET) refers to startup_stm32h723xx.o(STACK) for __initial_sp
    startup_stm32h723xx.o(RESET) refers to startup_stm32h723xx.o(.text) for Reset_Handler
    startup_stm32h723xx.o(RESET) refers to stm32h7xx_it.o(i.NMI_Handler) for NMI_Handler
    startup_stm32h723xx.o(RESET) refers to stm32h7xx_it.o(i.HardFault_Handler) for HardFault_Handler
    startup_stm32h723xx.o(RESET) refers to stm32h7xx_it.o(i.MemManage_Handler) for MemManage_Handler
    startup_stm32h723xx.o(RESET) refers to stm32h7xx_it.o(i.BusFault_Handler) for BusFault_Handler
    startup_stm32h723xx.o(RESET) refers to stm32h7xx_it.o(i.UsageFault_Handler) for UsageFault_Handler
    startup_stm32h723xx.o(RESET) refers to port.o(.emb_text) for SVC_Handler
    startup_stm32h723xx.o(RESET) refers to stm32h7xx_it.o(i.DebugMon_Handler) for DebugMon_Handler
    startup_stm32h723xx.o(RESET) refers to cmsis_os2.o(i.SysTick_Handler) for SysTick_Handler
    startup_stm32h723xx.o(RESET) refers to stm32h7xx_it.o(i.DMA1_Stream0_IRQHandler) for DMA1_Stream0_IRQHandler
    startup_stm32h723xx.o(RESET) refers to stm32h7xx_it.o(i.DMA1_Stream1_IRQHandler) for DMA1_Stream1_IRQHandler
    startup_stm32h723xx.o(RESET) refers to stm32h7xx_it.o(i.DMA1_Stream2_IRQHandler) for DMA1_Stream2_IRQHandler
    startup_stm32h723xx.o(RESET) refers to stm32h7xx_it.o(i.DMA1_Stream3_IRQHandler) for DMA1_Stream3_IRQHandler
    startup_stm32h723xx.o(RESET) refers to stm32h7xx_it.o(i.DMA1_Stream4_IRQHandler) for DMA1_Stream4_IRQHandler
    startup_stm32h723xx.o(RESET) refers to stm32h7xx_it.o(i.DMA1_Stream5_IRQHandler) for DMA1_Stream5_IRQHandler
    startup_stm32h723xx.o(RESET) refers to stm32h7xx_it.o(i.DMA1_Stream6_IRQHandler) for DMA1_Stream6_IRQHandler
    startup_stm32h723xx.o(RESET) refers to stm32h7xx_it.o(i.TIM1_UP_IRQHandler) for TIM1_UP_IRQHandler
    startup_stm32h723xx.o(RESET) refers to stm32h7xx_it.o(i.USART1_IRQHandler) for USART1_IRQHandler
    startup_stm32h723xx.o(RESET) refers to stm32h7xx_it.o(i.DMA1_Stream7_IRQHandler) for DMA1_Stream7_IRQHandler
    startup_stm32h723xx.o(RESET) refers to stm32h7xx_it.o(i.UART5_IRQHandler) for UART5_IRQHandler
    startup_stm32h723xx.o(RESET) refers to stm32h7xx_it.o(i.DMA2_Stream0_IRQHandler) for DMA2_Stream0_IRQHandler
    startup_stm32h723xx.o(RESET) refers to stm32h7xx_it.o(i.DMA2_Stream1_IRQHandler) for DMA2_Stream1_IRQHandler
    startup_stm32h723xx.o(RESET) refers to stm32h7xx_it.o(i.DMA2_Stream2_IRQHandler) for DMA2_Stream2_IRQHandler
    startup_stm32h723xx.o(RESET) refers to stm32h7xx_it.o(i.DMA2_Stream3_IRQHandler) for DMA2_Stream3_IRQHandler
    startup_stm32h723xx.o(RESET) refers to stm32h7xx_it.o(i.UART7_IRQHandler) for UART7_IRQHandler
    startup_stm32h723xx.o(RESET) refers to stm32h7xx_it.o(i.UART8_IRQHandler) for UART8_IRQHandler
    startup_stm32h723xx.o(RESET) refers to stm32h7xx_it.o(i.UART9_IRQHandler) for UART9_IRQHandler
    startup_stm32h723xx.o(RESET) refers to stm32h7xx_it.o(i.USART10_IRQHandler) for USART10_IRQHandler
    startup_stm32h723xx.o(.text) refers (Special) to heapauxi.o(.text) for __use_two_region_memory
    startup_stm32h723xx.o(.text) refers to system_stm32h7xx.o(i.ExitRun0Mode) for ExitRun0Mode
    startup_stm32h723xx.o(.text) refers to system_stm32h7xx.o(i.SystemInit) for SystemInit
    startup_stm32h723xx.o(.text) refers to __main.o(!!!main) for __main
    startup_stm32h723xx.o(.text) refers to startup_stm32h723xx.o(HEAP) for Heap_Mem
    startup_stm32h723xx.o(.text) refers to startup_stm32h723xx.o(STACK) for Stack_Mem
    main.o(i.HAL_TIM_PeriodElapsedCallback) refers to stm32h7xx_hal.o(i.HAL_IncTick) for HAL_IncTick
    main.o(i.SystemClock_Config) refers to rt_memclr_w.o(.text) for __aeabi_memclr4
    main.o(i.SystemClock_Config) refers to stm32h7xx_hal_pwr_ex.o(i.HAL_PWREx_ConfigSupply) for HAL_PWREx_ConfigSupply
    main.o(i.SystemClock_Config) refers to stm32h7xx_hal_rcc.o(i.HAL_RCC_OscConfig) for HAL_RCC_OscConfig
    main.o(i.SystemClock_Config) refers to main.o(i.Error_Handler) for Error_Handler
    main.o(i.SystemClock_Config) refers to stm32h7xx_hal_rcc.o(i.HAL_RCC_ClockConfig) for HAL_RCC_ClockConfig
    main.o(i.main) refers to stm32h7xx_hal.o(i.HAL_Init) for HAL_Init
    main.o(i.main) refers to main.o(i.SystemClock_Config) for SystemClock_Config
    main.o(i.main) refers to gpio.o(i.MX_GPIO_Init) for MX_GPIO_Init
    main.o(i.main) refers to dma.o(i.MX_DMA_Init) for MX_DMA_Init
    main.o(i.main) refers to usart.o(i.MX_UART7_Init) for MX_UART7_Init
[...]
    __rt_entry                               0x0800038d   Thumb Code     0  __rtentry.o(.ARM.Collect$$rtentry$$00000000)
    __rt_entry_presh_1                       0x0800038d   Thumb Code     0  __rtentry2.o(.ARM.Collect$$rtentry$$00000002)
    __rt_entry_sh                            0x0800038d   Thumb Code     0  __rtentry4.o(.ARM.Collect$$rtentry$$00000004)
    __rt_entry_li                            0x08000393   Thumb Code     0  __rtentry2.o(.ARM.Collect$$rtentry$$0000000A)
    __rt_entry_postsh_1                      0x08000393   Thumb Code     0  __rtentry2.o(.ARM.Collect$$rtentry$$00000009)
    __rt_entry_main                          0x08000397   Thumb Code     0  __rtentry2.o(.ARM.Collect$$rtentry$$0000000D)
    __rt_entry_postli_1                      0x08000397   Thumb Code     0  __rtentry2.o(.ARM.Collect$$rtentry$$0000000C)
    __rt_exit                                0x0800039f   Thumb Code     0  rtexit.o(.ARM.Collect$$rtexit$$00000000)
    __rt_exit_ls                             0x080003a1   Thumb Code     0  rtexit2.o(.ARM.Collect$$rtexit$$00000003)
    __rt_exit_prels_1                        0x080003a1   Thumb Code     0  rtexit2.o(.ARM.Collect$$rtexit$$00000002)
    __rt_exit_exit                           0x080003a5   Thumb Code     0  rtexit2.o(.ARM.Collect$$rtexit$$00000004)
    SVC_Handler                              0x080003ad   Thumb Code    28  port.o(.emb_text)
    __asm___6_port_c_39a90d8d__prvStartFirstTask 0x080003cd   Thumb Code    36  port.o(.emb_text)
    __asm___6_port_c_39a90d8d__prvEnableVFP  0x080003f5   Thumb Code    16  port.o(.emb_text)
    PendSV_Handler                           0x08000409   Thumb Code    88  port.o(.emb_text)
    vPortGetIPSR                             0x08000465   Thumb Code     6  port.o(.emb_text)
    Reset_Handler                            0x0800046d   Thumb Code    12  startup_stm32h723xx.o(.text)
    ADC3_IRQHandler                          0x0800048b   Thumb Code     0  startup_stm32h723xx.o(.text)
    ADC_IRQHandler                           0x0800048b   Thumb Code     0  startup_stm32h723xx.o(.text)
    BDMA_Channel0_IRQHandler                 0x0800048b   Thumb Code     0  startup_stm32h723xx.o(.text)
    BDMA_Channel1_IRQHandler                 0x0800048b   Thumb Code     0  startup_stm32h723xx.o(.text)
    BDMA_Channel2_IRQHandler                 0x0800048b   Thumb Code     0  startup_stm32h723xx.o(.text)
    BDMA_Channel3_IRQHandler                 0x0800048b   Thumb Code     0  startup_stm32h723xx.o(.text)
    BDMA_Channel4_IRQHandler                 0x0800048b   Thumb Code     0  startup_stm32h723xx.o(.text)
    BDMA_Channel5_IRQHandler                 0x0800048b   Thumb Code     0  startup_stm32h723xx.o(.text)
    BDMA_Channel6_IRQHandler                 0x0800048b   Thumb Code     0  startup_stm32h723xx.o(.text)
    BDMA_Channel7_IRQHandler                 0x0800048b   Thumb Code     0  startup_stm32h723xx.o(.text)
    CEC_IRQHandler                           0x0800048b   Thumb Code     0  startup_stm32h723xx.o(.text)
    COMP1_IRQHandler                         0x0800048b   Thumb Code     0  startup_stm32h723xx.o(.text)
    CORDIC_IRQHandler                        0x0800048b   Thumb Code     0  startup_stm32h723xx.o(.text)
    CRS_IRQHandler                           0x0800048b   Thumb Code     0  startup_stm32h723xx.o(.text)
    DCMI_PSSI_IRQHandler                     0x0800048b   Thumb Code     0  startup_stm32h723xx.o(.text)
    DFSDM1_FLT0_IRQHandler                   0x0800048b   Thumb Code     0  startup_stm32h723xx.o(.text)
    DFSDM1_FLT1_IRQHandler                   0x0800048b   Thumb Code     0  startup_stm32h723xx.o(.text)
    DFSDM1_FLT2_IRQHandler                   0x0800048b   Thumb Code     0  startup_stm32h723xx.o(.text)
    DFSDM1_FLT3_IRQHandler                   0x0800048b   Thumb Code     0  startup_stm32h723xx.o(.text)
    DMA2D_IRQHandler                         0x0800048b   Thumb Code     0  startup_stm32h723xx.o(.text)
    DMA2_Stream4_IRQHandler                  0x0800048b   Thumb Code     0  startup_stm32h723xx.o(.text)
    DMA2_Stream5_IRQHandler                  0x0800048b   Thumb Code     0  startup_stm32h723xx.o(.text)
    DMA2_Stream6_IRQHandler                  0x0800048b   Thumb Code     0  startup_stm32h723xx.o(.text)
    DMA2_Stream7_IRQHandler                  0x0800048b   Thumb Code     0  startup_stm32h723xx.o(.text)
    DMAMUX1_OVR_IRQHandler                   0x0800048b   Thumb Code     0  startup_stm32h723xx.o(.text)
    DMAMUX2_OVR_IRQHandler                   0x0800048b   Thumb Code     0  startup_stm32h723xx.o(.text)
    DTS_IRQHandler                           0x0800048b   Thumb Code     0  startup_stm32h723xx.o(.text)
    ECC_IRQHandler                           0x0800048b   Thumb Code     0  startup_stm32h723xx.o(.text)
    ETH_IRQHandler                           0x0800048b   Thumb Code     0  startup_stm32h723xx.o(.text)
    ETH_WKUP_IRQHandler                      0x0800048b   Thumb Code     0  startup_stm32h723xx.o(.text)
    EXTI0_IRQHandler                         0x0800048b   Thumb Code     0  startup_stm32h723xx.o(.text)
    EXTI15_10_IRQHandler                     0x0800048b   Thumb Code     0  startup_stm32h723xx.o(.text)
    EXTI1_IRQHandler                         0x0800048b   Thumb Code     0  startup_stm32h723xx.o(.text)
    EXTI2_IRQHandler                         0x0800048b   Thumb Code     0  startup_stm32h723xx.o(.text)
    EXTI3_IRQHandler                         0x0800048b   Thumb Code     0  startup_stm32h723xx.o(.text)
    EXTI4_IRQHandler                         0x0800048b   Thumb Code     0  startup_stm32h723xx.o(.text)
    EXTI9_5_IRQHandler                       0x0800048b   Thumb Code     0  startup_stm32h723xx.o(.text)
    FDCAN1_IT0_IRQHandler                    0x0800048b   Thumb Code     0  startup_stm32h723xx.o(.text)
    FDCAN1_IT1_IRQHandler                    0x0800048b   Thumb Code     0  startup_stm32h723xx.o(.text)
    FDCAN2_IT0_IRQHandler                    0x0800048b   Thumb Code     0  startup_stm32h723xx.o(.text)
    FDCAN2_IT1_IRQHandler                    0x0800048b   Thumb Code     0  startup_stm32h723xx.o(.text)
    FDCAN3_IT0_IRQHandler                    0x0800048b   Thumb Code     0  startup_stm32h723xx.o(.text)
    FDCAN3_IT1_IRQHandler                    0x0800048b   Thumb Code     0  startup_stm32h723xx.o(.text)
    FDCAN_CAL_IRQHandler                     0x0800048b   Thumb Code     0  startup_stm32h723xx.o(.text)
    FLASH_IRQHandler                         0x0800048b   Thumb Code     0  startup_stm32h723xx.o(.text)
    FMAC_IRQHandler                          0x0800048b   Thumb Code     0  startup_stm32h723xx.o(.text)
    FMC_IRQHandler                           0x0800048b   Thumb Code     0  startup_stm32h723xx.o(.text)
    FPU_IRQHandler                           0x0800048b   Thumb Code     0  startup_stm32h723xx.o(.text)
    HSEM1_IRQHandler                         0x0800048b   Thumb Code     0  startup_stm32h723xx.o(.text)
    I2C1_ER_IRQHandler                       0x0800048b   Thumb Code     0  startup_stm32h723xx.o(.text)
    I2C1_EV_IRQHandler                       0x0800048b   Thumb Code     0  startup_stm32h723xx.o(.text)
    I2C2_ER_IRQHandler                       0x0800048b   Thumb Code     0  startup_stm32h723xx.o(.text)
    I2C2_EV_IRQHandler                       0x0800048b   Thumb Code     0  startup_stm32h723xx.o(.text)
    I2C3_ER_IRQHandler                       0x0800048b   Thumb Code     0  startup_stm32h723xx.o(.text)
    I2C3_EV_IRQHandler                       0x0800048b   Thumb Code     0  startup_stm32h723xx.o(.text)
    I2C4_ER_IRQHandler                       0x0800048b   Thumb Code     0  startup_stm32h723xx.o(.text)
    I2C4_EV_IRQHandler                       0x0800048b   Thumb Code     0  startup_stm32h723xx.o(.text)
    I2C5_ER_IRQHandler                       0x0800048b   Thumb Code     0  startup_stm32h723xx.o(.text)
    I2C5_EV_IRQHandler                       0x0800048b   Thumb Code     0  startup_stm32h723xx.o(.text)
    LPTIM1_IRQHandler                        0x0800048b   Thumb Code     0  startup_stm32h723xx.o(.text)
    LPTIM2_IRQHandler                        0x0800048b   Thumb Code     0  startup_stm32h723xx.o(.text)
    LPTIM3_IRQHandler                        0x0800048b   Thumb Code     0  startup_stm32h723xx.o(.text)
    LPTIM4_IRQHandler                        0x0800048b   Thumb Code     0  startup_stm32h723xx.o(.text)
    LPTIM5_IRQHandler                        0x0800048b   Thumb Code     0  startup_stm32h723xx.o(.text)
    LPUART1_IRQHandler                       0x0800048b   Thumb Code     0  startup_stm32h723xx.o(.text)
    LTDC_ER_IRQHandler                       0x0800048b   Thumb Code     0  startup_stm32h723xx.o(.text)
    LTDC_IRQHandler                          0x0800048b   Thumb Code     0  startup_stm32h723xx.o(.text)
    MDIOS_IRQHandler                         0x0800048b   Thumb Code     0  startup_stm32h723xx.o(.text)
    MDIOS_WKUP_IRQHandler                    0x0800048b   Thumb Code     0  startup_stm32h723xx.o(.text)
    MDMA_IRQHandler                          0x0800048b   Thumb Code     0  startup_stm32h723xx.o(.text)
    OCTOSPI1_IRQHandler                      0x0800048b   Thumb Code     0  startup_stm32h723xx.o(.text)
    OCTOSPI2_IRQHandler                      0x0800048b   Thumb Code     0  startup_stm32h723xx.o(.text)
    OTG_HS_EP1_IN_IRQHandler                 0x0800048b   Thumb Code     0  startup_stm32h723xx.o(.text)
    OTG_HS_EP1_OUT_IRQHandler                0x0800048b   Thumb Code     0  startup_stm32h723xx.o(.text)
    OTG_HS_IRQHandler                        0x0800048b   Thumb Code     0  startup_stm32h723xx.o(.text)
    OTG_HS_WKUP_IRQHandler                   0x0800048b   Thumb Code     0  startup_stm32h723xx.o(.text)
    PVD_AVD_IRQHandler                       0x0800048b   Thumb Code     0  startup_stm32h723xx.o(.text)
    RCC_IRQHandler                           0x0800048b   Thumb Code     0  startup_stm32h723xx.o(.text)
    RNG_IRQHandler                           0x0800048b   Thumb Code     0  startup_stm32h723xx.o(.text)
    RTC_Alarm_IRQHandler                     0x0800048b   Thumb Code     0  startup_stm32h723xx.o(.text)
    RTC_WKUP_IRQHandler                      0x0800048b   Thumb Code     0  startup_stm32h723xx.o(.text)
    SAI1_IRQHandler                          0x0800048b   Thumb Code     0  startup_stm32h723xx.o(.text)
    SAI4_IRQHandler                          0x0800048b   Thumb Code     0  startup_stm32h723xx.o(.text)
    SDMMC1_IRQHandler                        0x0800048b   Thumb Code     0  startup_stm32h723xx.o(.text)
    SDMMC2_IRQHandler                        0x0800048b   Thumb Code     0  startup_stm32h723xx.o(.text)
    SPDIF_RX_IRQHandler                      0x0800048b   Thumb Code     0  startup_stm32h723xx.o(.text)
    SPI1_IRQHandler                          0x0800048b   Thumb Code     0  startup_stm32h723xx.o(.text)
    SPI2_IRQHandler                          0x0800048b   Thumb Code     0  startup_stm32h723xx.o(.text)
    SPI3_IRQHandler                          0x0800048b   Thumb Code     0  startup_stm32h723xx.o(.text)
    SPI4_IRQHandler                          0x0800048b   Thumb Code     0  startup_stm32h723xx.o(.text)
    SPI5_IRQHandler                          0x0800048b   Thumb Code     0  startup_stm32h723xx.o(.text)
    SPI6_IRQHandler                          0x0800048b   Thumb Code     0  startup_stm32h723xx.o(.text)
    SWPMI1_IRQHandler                        0x0800048b   Thumb Code     0  startup_stm32h723xx.o(.text)
    TAMP_STAMP_IRQHandler                    0x0800048b   Thumb Code     0  startup_stm32h723xx.o(.text)
    TIM15_IRQHandler                         0x0800048b   Thumb Code     0  startup_stm32h723xx.o(.text)
    TIM16_IRQHandler                         0x0800048b   Thumb Code     0  startup_stm32h723xx.o(.text)
    TIM17_IRQHandler                         0x0800048b   Thumb Code     0  startup_stm32h723xx.o(.text)
    TIM1_BRK_IRQHandler                      0x0800048b   Thumb Code     0  startup_stm32h723xx.o(.text)
    TIM1_CC_IRQHandler                       0x0800048b   Thumb Code     0  startup_stm32h723xx.o(.text)
    TIM1_TRG_COM_IRQHandler                  0x0800048b   Thumb Code     0  startup_stm32h723xx.o(.text)
    TIM23_IRQHandler                         0x0800048b   Thumb Code     0  startup_stm32h723xx.o(.text)
    TIM24_IRQHandler                         0x0800048b   Thumb Code     0  startup_stm32h723xx.o(.text)
    TIM2_IRQHandler                          0x0800048b   Thumb Code     0  startup_stm32h723xx.o(.text)
    TIM3_IRQHandler                          0x0800048b   Thumb Code     0  startup_stm32h723xx.o(.text)
    TIM4_IRQHandler                          0x0800048b   Thumb Code     0  startup_stm32h723xx.o(.text)
    TIM5_IRQHandler                          0x0800048b   Thumb Code     0  startup_stm32h723xx.o(.text)
    TIM6_DAC_IRQHandler                      0x0800048b   Thumb Code     0  startup_stm32h723xx.o(.text)
    TIM7_IRQHandler                          0x0800048b   Thumb Code     0  startup_stm32h723xx.o(.text)
    TIM8_BRK_TIM12_IRQHandler                0x0800048b   Thumb Code     0  startup_stm32h723xx.o(.text)
    TIM8_CC_IRQHandler                       0x0800048b   Thumb Code     0  startup_stm32h723xx.o(.text)
    TIM8_TRG_COM_TIM14_IRQHandler            0x0800048b   Thumb Code     0  startup_stm32h723xx.o(.text)
    TIM8_UP_TIM13_IRQHandler                 0x0800048b   Thumb Code     0  startup_stm32h723xx.o(.text)
    UART4_IRQHandler                         0x0800048b   Thumb Code     0  startup_stm32h723xx.o(.text)
    USART2_IRQHandler                        0x0800048b   Thumb Code     0  startup_stm32h723xx.o(.text)
    USART3_IRQHandler                        0x0800048b   Thumb Code     0  startup_stm32h723xx.o(.text)
    USART6_IRQHandler                        0x0800048b   Thumb Code     0  startup_stm32h723xx.o(.text)
    WAKEUP_PIN_IRQHandler                    0x0800048b   Thumb Code     0  startup_stm32h723xx.o(.text)
    WWDG_IRQHandler                          0x0800048b   Thumb Code     0  startup_stm32h723xx.o(.text)
    __user_initial_stackheap                 0x0800048d   Thumb Code     0  startup_stm32h723xx.o(.text)
    __aeabi_uldivmod                         0x080004b5   Thumb Code     0  lludivv7m.o(.text)
    _ll_udiv                                 0x080004b5   Thumb Code   238  lludivv7m.o(.text)
    __aeabi_memcpy                           0x080005a3   Thumb Code     0  rt_memcpy_v6.o(.text)
    __rt_memcpy                              0x080005a3   Thumb Code   138  rt_memcpy_v6.o(.text)
    _memcpy_lastbytes                        0x08000609   Thumb Code     0  rt_memcpy_v6.o(.text)
    __aeabi_memcpy4                          0x0800062d   Thumb Code     0  rt_memcpy_w.o(.text)
    __aeabi_memcpy8                          0x0800062d   Thumb Code     0  rt_memcpy_w.o(.text)
    __rt_memcpy_w                            0x0800062d   Thumb Code   100  rt_memcpy_w.o(.text)
    _memcpy_lastbytes_aligned                0x08000675   Thumb Code     0  rt_memcpy_w.o(.text)
    __aeabi_memset                           0x08000691   Thumb Code    16  aeabi_memset.o(.text)
    __aeabi_memclr                           0x080006a1   Thumb Code     0  rt_memclr.o(.text)
    __rt_memclr                              0x080006a1   Thumb Code    68  rt_memclr.o(.text)
    _memset                                  0x080006a5   Thumb Code     0  rt_memclr.o(.text)
    __aeabi_memclr4                          0x080006e5   Thumb Code     0  rt_memclr_w.o(.text)
    __aeabi_memclr8                          0x080006e5   Thumb Code     0  rt_memclr_w.o(.text)
    __rt_memclr_w                            0x080006e5   Thumb Code    78  rt_memclr_w.o(.text)
    _memset_w                                0x080006e9   Thumb Code     0  rt_memclr_w.o(.text)
    __use_two_region_memory                  0x08000733   Thumb Code     2  heapauxi.o(.text)
    __rt_heap_escrow$2region                 0x08000735   Thumb Code     2  heapauxi.o(.text)
    __rt_heap_expand$2region                 0x08000737   Thumb Code     2  heapauxi.o(.text)
    __read_errno                             0x08000739   Thumb Code    10  _rserrno.o(.text)
    __set_errno                              0x08000743   Thumb Code    12  _rserrno.o(.text)
    __aeabi_errno_addr                       0x08000751   Thumb Code     8  rt_errno_addr_intlibspace.o(.text)
    __errno$intlibspace                      0x08000751   Thumb Code     0  rt_errno_addr_intlibspace.o(.text)
    __rt_errno_addr$intlibspace              0x08000751   Thumb Code     0  rt_errno_addr_intlibspace.o(.text)
    __user_libspace                          0x08000759   Thumb Code     8  libspace.o(.text)
    __user_perproc_libspace                  0x08000759   Thumb Code     0  libspace.o(.text)
    __user_perthread_libspace                0x08000759   Thumb Code     0  libspace.o(.text)
    __user_setup_stackheap                   0x08000761   Thumb Code    74  sys_stackheap_outer.o(.text)
    exit                                     0x080007ab   Thumb Code    18  exit.o(.text)
    _sys_exit                                0x080007bd   Thumb Code     8  sys_exit.o(.text)
    __I$use$semihosting                      0x080007c9   Thumb Code     0  use_no_semi.o(.text)
    __use_no_semihosting_swi                 0x080007c9   Thumb Code     2  use_no_semi.o(.text)
    __semihosting_library_function           0x080007cb   Thumb Code     0  indicate_semi.o(.text)
    ARM2                                     0x080007cd   Thumb Code   736  arm2.o(i.ARM2)
    Analysis                                 0x08000ad1   Thumb Code  1064  arm2.o(i.Analysis)
    BusFault_Handler                         0x08000ef9   Thumb Code     2  stm32h7xx_it.o(i.BusFault_Handler)
    DMA1_Stream0_IRQHandler                  0x08000efd   Thumb Code     6  stm32h7xx_it.o(i.DMA1_Stream0_IRQHandler)
    DMA1_Stream1_IRQHandler                  0x08000f09   Thumb Code     6  stm32h7xx_it.o(i.DMA1_Stream1_IRQHandler)
    DMA1_Stream2_IRQHandler                  0x08000f15   Thumb Code     6  stm32h7xx_it.o(i.DMA1_Stream2_IRQHandler)
    DMA1_Stream3_IRQHandler                  0x08000f21   Thumb Code     6  stm32h7xx_it.o(i.DMA1_Stream3_IRQHandler)
    DMA1_Stream4_IRQHandler                  0x08000f2d   Thumb Code     6  stm32h7xx_it.o(i.DMA1_Stream4_IRQHandler)
    DMA1_Stream5_IRQHandler                  0x08000f39   Thumb Code     6  stm32h7xx_it.o(i.DMA1_Stream5_IRQHandler)
    DMA1_Stream6_IRQHandler                  0x08000f45   Thumb Code     6  stm32h7xx_it.o(i.DMA1_Stream6_IRQHandler)
    DMA1_Stream7_IRQHandler                  0x08000f51   Thumb Code     6  stm32h7xx_it.o(i.DMA1_Stream7_IRQHandler)
    DMA2_Stream0_IRQHandler                  0x08000f5d   Thumb Code     6  stm32h7xx_it.o(i.DMA2_Stream0_IRQHandler)
    DMA2_Stream1_IRQHandler                  0x08000f69   Thumb Code     6  stm32h7xx_it.o(i.DMA2_Stream1_IRQHandler)
    DMA2_Stream2_IRQHandler                  0x08000f75   Thumb Code     6  stm32h7xx_it.o(i.DMA2_Stream2_IRQHandler)
    DMA2_Stream3_IRQHandler                  0x08000f81   Thumb Code     6  stm32h7xx_it.o(i.DMA2_Stream3_IRQHandler)
    DebugMon_Handler                         0x0800141d   Thumb Code     2  stm32h7xx_it.o(i.DebugMon_Handler)
    Emm_Angle_To_Pulses                      0x08001421   Thumb Code    26  zdt_emm.o(i.Emm_Angle_To_Pulses)
    Emm_Calc_CRC8                            0x08001445   Thumb Code    28  zdt_emm.o(i.Emm_Calc_CRC8)
    Emm_Calc_XOR                             0x0800148b   Thumb Code    24  zdt_emm.o(i.Emm_Calc_XOR)
    Emm_Encoder_To_Angle                     0x080014a5   Thumb Code    26  zdt_emm.o(i.Emm_Encoder_To_Angle)
    Emm_Init                                 0x080014c9   Thumb Code    74  zdt_emm.o(i.Emm_Init)
    Emm_Read_vel_pos                         0x08001515   Thumb Code   160  zdt_emm.o(i.Emm_Read_vel_pos)
    Emm_V5_Clear_Position                    0x08001681   Thumb Code    30  zdt_emm.o(i.Emm_V5_Clear_Position)
    Emm_V5_Enable                            0x0800169f   Thumb Code    40  zdt_emm.o(i.Emm_V5_Enable)
    Emm_V5_Position                          0x080016c7   Thumb Code    90  zdt_emm.o(i.Emm_V5_Position)
    Emm_V5_Read_Sys_Param                    0x08001721   Thumb Code   200  zdt_emm.o(i.Emm_V5_Read_Sys_Param)
    Emm_V5_Read_SystemStatus                 0x080017e9   Thumb Code    30  zdt_emm.o(i.Emm_V5_Read_SystemStatus)
    Error_Handler                            0x08001807   Thumb Code     4  main.o(i.Error_Handler)
    ExitRun0Mode                             0x0800180d   Thumb Code    22  system_stm32h7xx.o(i.ExitRun0Mode)
    HAL_DMA_Abort                            0x08001829   Thumb Code   880  stm32h7xx_hal_dma.o(i.HAL_DMA_Abort)
    HAL_DMA_Abort_IT                         0x08001ba5   Thumb Code   564  stm32h7xx_hal_dma.o(i.HAL_DMA_Abort_IT)
    HAL_DMA_GetError                         0x08001de5   Thumb Code     4  stm32h7xx_hal_dma.o(i.HAL_DMA_GetError)
    HAL_DMA_IRQHandler                       0x08001de9   Thumb Code  1948  stm32h7xx_hal_dma.o(i.HAL_DMA_IRQHandler)
    HAL_DMA_Init                             0x08002591   Thumb Code   986  stm32h7xx_hal_dma.o(i.HAL_DMA_Init)
    HAL_DMA_Start_IT                         0x08002981   Thumb Code   734  stm32h7xx_hal_dma.o(i.HAL_DMA_Start_IT)
    HAL_GPIO_Init                            0x08002c6d   Thumb Code   494  stm32h7xx_hal_gpio.o(i.HAL_GPIO_Init)
    HAL_GPIO_WritePin                        0x08002e89   Thumb Code    14  stm32h7xx_hal_gpio.o(i.HAL_GPIO_WritePin)
    HAL_GetTick                              0x08002e99   Thumb Code     6  stm32h7xx_hal.o(i.HAL_GetTick)
    HAL_IncTick                              0x08002ea5   Thumb Code    12  stm32h7xx_hal.o(i.HAL_IncTick)
    HAL_Init                                 0x08002eb5   Thumb Code    74  stm32h7xx_hal.o(i.HAL_Init)
    HAL_InitTick                             0x08002f11   Thumb Code   114  stm32h7xx_hal_timebase_tim.o(i.HAL_InitTick)
    HAL_MspInit                              0x08002f99   Thumb Code    32  stm32h7xx_hal_msp.o(i.HAL_MspInit)
    HAL_NVIC_EnableIRQ                       0x08002fbd   Thumb Code    26  stm32h7xx_hal_cortex.o(i.HAL_NVIC_EnableIRQ)
    HAL_NVIC_SetPriority                     0x08002fd9   Thumb Code    60  stm32h7xx_hal_cortex.o(i.HAL_NVIC_SetPriority)
    HAL_NVIC_SetPriorityGrouping             0x08003019   Thumb Code    26  stm32h7xx_hal_cortex.o(i.HAL_NVIC_SetPriorityGrouping)
    HAL_PWREx_ConfigSupply                   0x0800303d   Thumb Code    82  stm32h7xx_hal_pwr_ex.o(i.HAL_PWREx_ConfigSupply)
    HAL_RCCEx_GetD3PCLK1Freq                 0x08003095   Thumb Code    26  stm32h7xx_hal_rcc_ex.o(i.HAL_RCCEx_GetD3PCLK1Freq)
    HAL_RCCEx_GetPLL2ClockFreq               0x080030b9   Thumb Code   424  stm32h7xx_hal_rcc_ex.o(i.HAL_RCCEx_GetPLL2ClockFreq)
    HAL_RCCEx_GetPLL3ClockFreq               0x08003279   Thumb Code   424  stm32h7xx_hal_rcc_ex.o(i.HAL_RCCEx_GetPLL3ClockFreq)
    HAL_RCCEx_PeriphCLKConfig                0x08003439   Thumb Code  2444  stm32h7xx_hal_rcc_ex.o(i.HAL_RCCEx_PeriphCLKConfig)
    HAL_RCC_ClockConfig                      0x08003dc9   Thumb Code   604  stm32h7xx_hal_rcc.o(i.HAL_RCC_ClockConfig)
    HAL_RCC_GetClockConfig                   0x08004045   Thumb Code    86  stm32h7xx_hal_rcc.o(i.HAL_RCC_GetClockConfig)
    HAL_RCC_GetHCLKFreq                      0x080040a5   Thumb Code    52  stm32h7xx_hal_rcc.o(i.HAL_RCC_GetHCLKFreq)
    HAL_RCC_GetPCLK1Freq                     0x080040e9   Thumb Code    26  stm32h7xx_hal_rcc.o(i.HAL_RCC_GetPCLK1Freq)
    HAL_RCC_GetPCLK2Freq                     0x0800410d   Thumb Code    26  stm32h7xx_hal_rcc.o(i.HAL_RCC_GetPCLK2Freq)
    HAL_RCC_GetSysClockFreq                  0x08004131   Thumb Code   402  stm32h7xx_hal_rcc.o(i.HAL_RCC_GetSysClockFreq)
    HAL_RCC_OscConfig                        0x080042e5   Thumb Code  1496  stm32h7xx_hal_rcc.o(i.HAL_RCC_OscConfig)
    HAL_TIMEx_Break2Callback                 0x080048bd   Thumb Code     2  stm32h7xx_hal_tim_ex.o(i.HAL_TIMEx_Break2Callback)
    HAL_TIMEx_BreakCallback                  0x080048bf   Thumb Code     2  stm32h7xx_hal_tim_ex.o(i.HAL_TIMEx_BreakCallback)
    HAL_TIMEx_CommutCallback                 0x080048c1   Thumb Code     2  stm32h7xx_hal_tim_ex.o(i.HAL_TIMEx_CommutCallback)
    HAL_TIM_Base_Init                        0x080048c3   Thumb Code    78  stm32h7xx_hal_tim.o(i.HAL_TIM_Base_Init)
    HAL_TIM_Base_MspInit                     0x08004911   Thumb Code     2  stm32h7xx_hal_tim.o(i.HAL_TIM_Base_MspInit)
    HAL_TIM_Base_Start_IT                    0x08004915   Thumb Code   128  stm32h7xx_hal_tim.o(i.HAL_TIM_Base_Start_IT)
    HAL_TIM_IC_CaptureCallback               0x080049bd   Thumb Code     2  stm32h7xx_hal_tim.o(i.HAL_TIM_IC_CaptureCallback)
    HAL_TIM_IRQHandler                       0x080049bf   Thumb Code   338  stm32h7xx_hal_tim.o(i.HAL_TIM_IRQHandler)
    HAL_TIM_OC_DelayElapsedCallback          0x08004b11   Thumb Code     2  stm32h7xx_hal_tim.o(i.HAL_TIM_OC_DelayElapsedCallback)
    HAL_TIM_PWM_PulseFinishedCallback        0x08004b13   Thumb Code     2  stm32h7xx_hal_tim.o(i.HAL_TIM_PWM_PulseFinishedCallback)
    HAL_TIM_PeriodElapsedCallback            0x08004b15   Thumb Code    14  main.o(i.HAL_TIM_PeriodElapsedCallback)
    HAL_TIM_TriggerCallback                  0x08004b29   Thumb Code     2  stm32h7xx_hal_tim.o(i.HAL_TIM_TriggerCallback)
    HAL_UARTEx_DisableFifoMode               0x08004b2b   Thumb Code    62  stm32h7xx_hal_uart_ex.o(i.HAL_UARTEx_DisableFifoMode)
    HAL_UARTEx_ReceiveToIdle_DMA             0x08004b69   Thumb Code    82  stm32h7xx_hal_uart_ex.o(i.HAL_UARTEx_ReceiveToIdle_DMA)
    HAL_UARTEx_RxEventCallback               0x08004bbd   Thumb Code   578  arm2.o(i.HAL_UARTEx_RxEventCallback)
    HAL_UARTEx_RxFifoFullCallback            0x08004e31   Thumb Code     2  stm32h7xx_hal_uart_ex.o(i.HAL_UARTEx_RxFifoFullCallback)
    HAL_UARTEx_SetRxFifoThreshold            0x08004e33   Thumb Code    76  stm32h7xx_hal_uart_ex.o(i.HAL_UARTEx_SetRxFifoThreshold)
    HAL_UARTEx_SetTxFifoThreshold            0x08004e7f   Thumb Code    76  stm32h7xx_hal_uart_ex.o(i.HAL_UARTEx_SetTxFifoThreshold)
    HAL_UARTEx_TxFifoEmptyCallback           0x08004ecb   Thumb Code     2  stm32h7xx_hal_uart_ex.o(i.HAL_UARTEx_TxFifoEmptyCallback)
    HAL_UARTEx_WakeupCallback                0x08004ecd   Thumb Code     2  stm32h7xx_hal_uart_ex.o(i.HAL_UARTEx_WakeupCallback)
    HAL_UART_DMAStop                         0x08004ecf   Thumb Code   158  stm32h7xx_hal_uart.o(i.HAL_UART_DMAStop)
    HAL_UART_ErrorCallback                   0x08004f6d   Thumb Code   596  arm2.o(i.HAL_UART_ErrorCallback)
    HAL_UART_IRQHandler                      0x080051d1   Thumb Code   920  stm32h7xx_hal_uart.o(i.HAL_UART_IRQHandler)
    HAL_UART_Init                            0x0800557d   Thumb Code   112  stm32h7xx_hal_uart.o(i.HAL_UART_Init)
    HAL_UART_MspInit                         0x080055ed   Thumb Code  1558  usart.o(i.HAL_UART_MspInit)
    HAL_UART_RxCpltCallback                  0x08005c1d   Thumb Code     2  stm32h7xx_hal_uart.o(i.HAL_UART_RxCpltCallback)
    HAL_UART_RxHalfCpltCallback              0x08005c1f   Thumb Code     2  stm32h7xx_hal_uart.o(i.HAL_UART_RxHalfCpltCallback)
    HAL_UART_Transmit_DMA                    0x08005c21   Thumb Code   130  stm32h7xx_hal_uart.o(i.HAL_UART_Transmit_DMA)
    HAL_UART_TxCpltCallback                  0x08005cb1   Thumb Code     2  stm32h7xx_hal_uart.o(i.HAL_UART_TxCpltCallback)
    HAL_UART_TxHalfCpltCallback              0x08005cb3   Thumb Code     2  stm32h7xx_hal_uart.o(i.HAL_UART_TxHalfCpltCallback)
    HardFault_Handler                        0x08005cb5   Thumb Code     2  stm32h7xx_it.o(i.HardFault_Handler)
    MX_DMA_Init                              0x08005ce5   Thumb Code   232  dma.o(i.MX_DMA_Init)
    MX_FREERTOS_Init                         0x08005dd1   Thumb Code    42  freertos.o(i.MX_FREERTOS_Init)
    MX_GPIO_Init                             0x08005e09   Thumb Code   184  gpio.o(i.MX_GPIO_Init)
    MX_UART5_Init                            0x08005ed5   Thumb Code    94  usart.o(i.MX_UART5_Init)
    MX_UART7_Init                            0x08005f3d   Thumb Code    94  usart.o(i.MX_UART7_Init)
    MX_UART8_Init                            0x08005fa5   Thumb Code    94  usart.o(i.MX_UART8_Init)
    MX_UART9_Init                            0x0800600d   Thumb Code    94  usart.o(i.MX_UART9_Init)
    MX_USART10_UART_Init                     0x08006075   Thumb Code    94  usart.o(i.MX_USART10_UART_Init)
    MX_USART1_UART_Init                      0x080060dd   Thumb Code    94  usart.o(i.MX_USART1_UART_Init)
    MemManage_Handler                        0x08006145   Thumb Code     2  stm32h7xx_it.o(i.MemManage_Handler)
    NMI_Handler                              0x08006147   Thumb Code     2  stm32h7xx_it.o(i.NMI_Handler)
    RobotArm_Init                            0x08006391   Thumb Code   142  arm2.o(i.RobotArm_Init)
    StartDefaultTask                         0x08006449   Thumb Code    18  freertos.o(i.StartDefaultTask)
    SysTick_Handler                          0x0800645b   Thumb Code    26  cmsis_os2.o(i.SysTick_Handler)
    SystemClock_Config                       0x08006475   Thumb Code   148  main.o(i.SystemClock_Config)
    SystemInit                               0x0800650d   Thumb Code   184  system_stm32h7xx.o(i.SystemInit)
    TIM1_UP_IRQHandler                       0x080065e5   Thumb Code     6  stm32h7xx_it.o(i.TIM1_UP_IRQHandler)
    TIM_Base_SetConfig                       0x080065f1   Thumb Code   180  stm32h7xx_hal_tim.o(i.TIM_Base_SetConfig)
    Task_Init                                0x080066cd   Thumb Code    78  task_init.o(i.Task_Init)
    UART5_IRQHandler                         0x08006759   Thumb Code     6  stm32h7xx_it.o(i.UART5_IRQHandler)
    UART7_IRQHandler                         0x08006765   Thumb Code     6  stm32h7xx_it.o(i.UART7_IRQHandler)
    UART8_IRQHandler                         0x08006771   Thumb Code     6  stm32h7xx_it.o(i.UART8_IRQHandler)
    UART9_IRQHandler                         0x0800677d   Thumb Code     6  stm32h7xx_it.o(i.UART9_IRQHandler)
    UART_AdvFeatureConfig                    0x080067d1   Thumb Code   200  stm32h7xx_hal_uart.o(i.UART_AdvFeatureConfig)
    UART_CheckIdleState                      0x08006899   Thumb Code   170  stm32h7xx_hal_uart.o(i.UART_CheckIdleState)
    UART_SetConfig                           0x08006c71   Thumb Code  1326  stm32h7xx_hal_uart.o(i.UART_SetConfig)
    UART_Start_Receive_DMA                   0x080071a1   Thumb Code   152  stm32h7xx_hal_uart.o(i.UART_Start_Receive_DMA)
    UART_WaitOnFlagUntilTimeout              0x08007245   Thumb Code   152  stm32h7xx_hal_uart.o(i.UART_WaitOnFlagUntilTimeout)
    USART10_IRQHandler                       0x080072dd   Thumb Code     6  stm32h7xx_it.o(i.USART10_IRQHandler)
    USART1_IRQHandler                        0x080072e9   Thumb Code     6  stm32h7xx_it.o(i.USART1_IRQHandler)
    Uplink_GetCommand                        0x080072f5   Thumb Code    32  uplink_drv.o(i.Uplink_GetCommand)
    Uplink_Init                              0x08007319   Thumb Code   172  task_init.o(i.Uplink_Init)
    UsageFault_Handler                       0x080073d9   Thumb Code     2  stm32h7xx_it.o(i.UsageFault_Handler)
    ZDT_Parse_Run                            0x08007459   Thumb Code   124  arm2.o(i.ZDT_Parse_Run)
    __ARM_fpclassifyf                        0x080074e1   Thumb Code    38  fpclassifyf.o(i.__ARM_fpclassifyf)
    __hardfp_atan2f                          0x08007539   Thumb Code   594  atan2f.o(i.__hardfp_atan2f)
    __hardfp_cosf                            0x080077ed   Thumb Code   276  cosf.o(i.__hardfp_cosf)
    __hardfp_sinf                            0x0800793d   Thumb Code   344  sinf.o(i.__hardfp_sinf)
    __hardfp_sqrtf                           0x08007ad1   Thumb Code    58  sqrtf.o(i.__hardfp_sqrtf)
    __mathlib_flt_infnan                     0x08007b0b   Thumb Code     6  funder.o(i.__mathlib_flt_infnan)
    __mathlib_flt_infnan2                    0x08007b11   Thumb Code     6  funder.o(i.__mathlib_flt_infnan2)
    __mathlib_flt_invalid                    0x08007b19   Thumb Code    10  funder.o(i.__mathlib_flt_invalid)
    __mathlib_flt_underflow                  0x08007b29   Thumb Code    10  funder.o(i.__mathlib_flt_underflow)
    __mathlib_rredf2                         0x08007b39   Thumb Code   316  rredf.o(i.__mathlib_rredf2)
    main                                     0x08007c8d   Thumb Code    54  main.o(i.main)
    mikdl_cart_to_jnt_acceleration           0x08007cc3   Thumb Code   134  micro_kdl.o(i.mikdl_cart_to_jnt_acceleration)
    mikdl_cart_to_jnt_velocity               0x08007d49   Thumb Code    72  micro_kdl.o(i.mikdl_cart_to_jnt_velocity)
    mikdl_cart_to_joint_control              0x08007d91   Thumb Code   212  micro_kdl.o(i.mikdl_cart_to_joint_control)
    mikdl_forward_kinematics                 0x0800885d   Thumb Code    42  micro_kdl.o(i.mikdl_forward_kinematics)
    mikdl_inverse_dynamics                   0x08008975   Thumb Code   202  micro_kdl.o(i.mikdl_inverse_dynamics)
    mikdl_inverse_kinematics                 0x08008a3f   Thumb Code   378  micro_kdl.o(i.mikdl_inverse_kinematics)
    mikdl_robot_default                      0x08008f4d   Thumb Code    66  micro_kdl.o(i.mikdl_robot_default)
    mikdl_trap_get                           0x08009075   Thumb Code   426  micro_kdl.o(i.mikdl_trap_get)
    mikdl_trap_init                          0x08009225   Thumb Code   264  micro_kdl.o(i.mikdl_trap_init)
    osDelay                                  0x08009419   Thumb Code    30  cmsis_os2.o(i.osDelay)
    osKernelInitialize                       0x08009439   Thumb Code    42  cmsis_os2.o(i.osKernelInitialize)
    osKernelStart                            0x08009469   Thumb Code    54  cmsis_os2.o(i.osKernelStart)
    osThreadNew                              0x080094a9   Thumb Code   186  cmsis_os2.o(i.osThreadNew)
    pvPortMalloc                             0x08009ccd   Thumb Code   210  heap_4.o(i.pvPortMalloc)
    pxPortInitialiseStack                    0x08009da5   Thumb Code    30  port.o(i.pxPortInitialiseStack)
    uxListRemove                             0x08009dc9   Thumb Code    38  list.o(i.uxListRemove)
    vApplicationGetIdleTaskMemory            0x08009df1   Thumb Code    16  cmsis_os2.o(i.vApplicationGetIdleTaskMemory)
    vApplicationGetTimerTaskMemory           0x08009e05   Thumb Code    18  cmsis_os2.o(i.vApplicationGetTimerTaskMemory)
    vListInitialise                          0x08009e1d   Thumb Code    22  list.o(i.vListInitialise)
    vListInitialiseItem                      0x08009e33   Thumb Code     6  list.o(i.vListInitialiseItem)
    vListInsert                              0x08009e39   Thumb Code    48  list.o(i.vListInsert)
    vListInsertEnd                           0x08009e69   Thumb Code    24  list.o(i.vListInsertEnd)
    vPortEnterCritical                       0x08009e81   Thumb Code    54  port.o(i.vPortEnterCritical)
    vPortExitCritical                        0x08009ec1   Thumb Code    38  port.o(i.vPortExitCritical)
    vPortFree                                0x08009eed   Thumb Code    94  heap_4.o(i.vPortFree)
    vPortSetupTimerInterrupt                 0x08009f51   Thumb Code    32  port.o(i.vPortSetupTimerInterrupt)
    vPortValidateInterruptPriority           0x08009f75   Thumb Code    74  port.o(i.vPortValidateInterruptPriority)
    vQueueAddToRegistry                      0x08009fc9   Thumb Code    72  queue.o(i.vQueueAddToRegistry)
    vQueueWaitForMessageRestricted           0x0800a015   Thumb Code    70  queue.o(i.vQueueWaitForMessageRestricted)
    vTaskDelay                               0x0800a05d   Thumb Code    70  tasks.o(i.vTaskDelay)
    vTaskDelete                              0x0800a0ad   Thumb Code   136  tasks.o(i.vTaskDelete)
    vTaskInternalSetTimeOutState             0x0800a141   Thumb Code    12  tasks.o(i.vTaskInternalSetTimeOutState)
    vTaskMissedYield                         0x0800a151   Thumb Code     8  tasks.o(i.vTaskMissedYield)
    vTaskPlaceOnEventList                    0x0800a15d   Thumb Code    46  tasks.o(i.vTaskPlaceOnEventList)
    vTaskPlaceOnEventListRestricted          0x0800a191   Thumb Code    78  tasks.o(i.vTaskPlaceOnEventListRestricted)
    vTaskStartScheduler                      0x0800a1e5   Thumb Code   124  tasks.o(i.vTaskStartScheduler)
    vTaskSuspendAll                          0x0800a271   Thumb Code    10  tasks.o(i.vTaskSuspendAll)
    vTaskSwitchContext                       0x0800a281   Thumb Code    94  tasks.o(i.vTaskSwitchContext)
    xPortStartScheduler                      0x0800a2e9   Thumb Code   232  port.o(i.xPortStartScheduler)
    xPortSysTickHandler                      0x0800a3e5   Thumb Code    38  port.o(i.xPortSysTickHandler)
    xQueueGenericCreate                      0x0800a411   Thumb Code    86  queue.o(i.xQueueGenericCreate)
    xQueueGenericCreateStatic                0x0800a467   Thumb Code    76  queue.o(i.xQueueGenericCreateStatic)
    xQueueGenericReset                       0x0800a4b5   Thumb Code   176  queue.o(i.xQueueGenericReset)
    xQueueReceive                            0x0800a569   Thumb Code   310  queue.o(i.xQueueReceive)
    xTaskCheckForTimeOut                     0x0800a6a5   Thumb Code   122  tasks.o(i.xTaskCheckForTimeOut)
    xTaskCreate                              0x0800a725   Thumb Code   108  tasks.o(i.xTaskCreate)
    xTaskCreateStatic                        0x0800a791   Thumb Code   116  tasks.o(i.xTaskCreateStatic)
    xTaskDelayUntil                          0x0800a805   Thumb Code   142  tasks.o(i.xTaskDelayUntil)
    xTaskGenericNotifyFromISR                0x0800a89d   Thumb Code   352  tasks.o(i.xTaskGenericNotifyFromISR)
    xTaskGenericNotifyWait                   0x0800aa09   Thumb Code   154  tasks.o(i.xTaskGenericNotifyWait)
    xTaskGetSchedulerState                   0x0800aaad   Thumb Code    24  tasks.o(i.xTaskGetSchedulerState)
    xTaskGetTickCount                        0x0800aac9   Thumb Code     6  tasks.o(i.xTaskGetTickCount)
    xTaskIncrementTick                       0x0800aad5   Thumb Code   290  tasks.o(i.xTaskIncrementTick)
    xTaskRemoveFromEventList                 0x0800ac01   Thumb Code   208  tasks.o(i.xTaskRemoveFromEventList)
    xTaskResumeAll                           0x0800acdd   Thumb Code   278  tasks.o(i.xTaskResumeAll)
    xTimerCreateTimerTask                    0x0800ae05   Thumb Code    86  timers.o(i.xTimerCreateTimerTask)
    _fp_init                                 0x0800ae6d   Thumb Code    10  fpinit.o(x$fpl$fpinit)
    __fplib_config_fpu_vfp                   0x0800ae75   Thumb Code     0  fpinit.o(x$fpl$fpinit)
    __fplib_config_pureend_doubles           0x0800ae75   Thumb Code     0  fpinit.o(x$fpl$fpinit)
    __I$use$fp                               0x0800ae76   Number         0  usenofp.o(x$fpl$usenofp)
    defaultTask_attributes                   0x0800ae78   Data          36  freertos.o(.constdata)
    UARTPrescTable                           0x0800aea4   Data          24  stm32h7xx_hal_uart.o(.constdata)
    D1CorePrescTable                         0x0800aecc   Data          16  system_stm32h7xx.o(.constdata)
    Region$$Table$$Base                      0x0800b008   Number         0  anon$$obj.o(Region$$Table)
    Region$$Table$$Limit                     0x0800b028   Number         0  anon$$obj.o(Region$$Table)
    remote_semaphore                         0x24000000   Data           4  freertos.o(.data)
    action_semaphore                         0x24000004   Data           4  freertos.o(.data)
    defaultTaskHandle                        0x24000008   Data           4  freertos.o(.data)
    uwTickFreq                               0x2400000c   Data           1  stm32h7xx_hal.o(.data)
    uwTickPrio                               0x24000010   Data           4  stm32h7xx_hal.o(.data)
    uwTick                                   0x24000014   Data           4  stm32h7xx_hal.o(.data)
    SystemCoreClock                          0x24000018   Data           4  system_stm32h7xx.o(.data)
    SystemD2Clock                            0x2400001c   Data           4  system_stm32h7xx.o(.data)
    pxCurrentTCB                             0x24000020   Data           4  tasks.o(.data)
    uxTopUsedPriority                        0x24000050   Data           4  tasks.o(.data)
    new_cmd_flag                             0x240000a0   Data           1  uplink_drv.o(.data)
    latest_cmd                               0x240000a1   Data           6  uplink_drv.o(.data)
    cnt                                      0x240000ad   Data           1  arm2.o(.data)
    ALL_num                                  0x240000b8   Data           4  arm2.o(.data)
    ZDT_Parse_Run_Handle                     0x240000c4   Data           4  arm2.o(.data)
    cmd                                      0x240000c8   Data           6  arm2.o(.data)
    ZDT_Emm                                  0x240000d0   Data         264  arm2.o(.data)
    Joint                                    0x240001d8   Data         204  arm2.o(.data)
    ARM2_Handle                              0x240002a4   Data           4  arm2.o(.data)
    Analysis_Handle                          0x240002a8   Data           4  arm2.o(.data)
    huart5                                   0x24000500   Data         148  usart.o(.bss)
    huart7                                   0x24000594   Data         148  usart.o(.bss)
    huart8                                   0x24000628   Data         148  usart.o(.bss)
    huart9                                   0x240006bc   Data         148  usart.o(.bss)
    huart1                                   0x24000750   Data         148  usart.o(.bss)
    huart10                                  0x240007e4   Data         148  usart.o(.bss)
    hdma_uart5_rx                            0x24000878   Data         120  usart.o(.bss)
    hdma_uart5_tx                            0x240008f0   Data         120  usart.o(.bss)
    hdma_uart7_rx                            0x24000968   Data         120  usart.o(.bss)
    hdma_uart7_tx                            0x240009e0   Data         120  usart.o(.bss)
    hdma_uart8_rx                            0x24000a58   Data         120  usart.o(.bss)
    hdma_uart8_tx                            0x24000ad0   Data         120  usart.o(.bss)
    hdma_uart9_rx                            0x24000b48   Data         120  usart.o(.bss)
    hdma_uart9_tx                            0x24000bc0   Data         120  usart.o(.bss)
    hdma_usart1_rx                           0x24000c38   Data         120  usart.o(.bss)
    hdma_usart1_tx                           0x24000cb0   Data         120  usart.o(.bss)
    hdma_usart10_rx                          0x24000d28   Data         120  usart.o(.bss)
    hdma_usart10_tx                          0x24000da0   Data         120  usart.o(.bss)
    htim1                                    0x24000e18   Data          76  stm32h7xx_hal_timebase_tim.o(.bss)
    xQueueRegistry                           0x24000e64   Data          64  queue.o(.bss)
    dma_rx_buf                               0x24005738   Data          14  uplink_drv.o(.bss)
    rx_data_pp                               0x24005746   Data          32  zdt_emm.o(.bss)
    start_rad                                0x240057f4   Data          12  arm2.o(.bss)
    __libspace_start                         0x24005814   Data          96  libspace.o(.bss)
    __temporary_stack_top$libspace           0x24005874   Data           0  libspace.o(.bss)



==============================================================================

Memory Map of the image

  Image Entry point : 0x080002cd

  Load Region LR_IROM1 (Base: 0x08000000, Size: 0x0000b528, Max: 0x00100000, ABSOLUTE, COMPRESSED[0x0000b06c])

    Execution Region ER_IROM1 (Exec base: 0x08000000, Load base: 0x08000000, Size: 0x0000b028, Max: 0x00100000, ABSOLUTE)

    Exec Addr    Load Addr    Size         Type   Attr      Idx    E Section Name        Object

    0x08000000   0x08000000   0x000002cc   Data   RO            3    RESET               startup_stm32h723xx.o
    0x080002cc   0x080002cc   0x00000008   Code   RO         7563  * !!!main             c_w.l(__main.o)
    0x080002d4   0x080002d4   0x00000034   Code   RO         7809    !!!scatter          c_w.l(__scatter.o)
    0x08000308   0x08000308   0x0000005a   Code   RO         7807    !!dczerorl2         c_w.l(__dczerorl2.o)
    0x08000362   0x08000362   0x00000002   PAD
    0x08000364   0x08000364   0x0000001c   Code   RO         7811    !!handler_zi        c_w.l(__scatter_zi.o)
    0x08000380   0x08000380   0x00000002   Code   RO         7678    .ARM.Collect$$libinit$$00000000  c_w.l(libinit.o)
    0x08000382   0x08000382   0x00000004   Code   RO         7687    .ARM.Collect$$libinit$$00000001  c_w.l(libinit2.o)
    0x08000386   0x08000386   0x00000000   Code   RO         7690    .ARM.Collect$$libinit$$00000004  c_w.l(libinit2.o)
    0x08000386   0x08000386   0x00000000   Code   RO         7693    .ARM.Collect$$libinit$$0000000A  c_w.l(libinit2.o)
    0x08000386   0x08000386   0x00000000   Code   RO         7695    .ARM.Collect$$libinit$$0000000C  c_w.l(libinit2.o)
    0x08000386   0x08000386   0x00000000   Code   RO         7697    .ARM.Collect$$libinit$$0000000E  c_w.l(libinit2.o)
    0x08000386   0x08000386   0x00000000   Code   RO         7700    .ARM.Collect$$libinit$$00000011  c_w.l(libinit2.o)
    0x08000386   0x08000386   0x00000000   Code   RO         7702    .ARM.Collect$$libinit$$00000013  c_w.l(libinit2.o)
    0x08000386   0x08000386   0x00000000   Code   RO         7704    .ARM.Collect$$libinit$$00000015  c_w.l(libinit2.o)
    0x08000386   0x08000386   0x00000000   Code   RO         7706    .ARM.Collect$$libinit$$00000017  c_w.l(libinit2.o)
    0x08000386   0x08000386   0x00000000   Code   RO         7708    .ARM.Collect$$libinit$$00000019  c_w.l(libinit2.o)
    0x08000386   0x08000386   0x00000000   Code   RO         7710    .ARM.Collect$$libinit$$0000001B  c_w.l(libinit2.o)
    0x08000386   0x08000386   0x00000000   Code   RO         7712    .ARM.Collect$$libinit$$0000001D  c_w.l(libinit2.o)
    0x08000386   0x08000386   0x00000000   Code   RO         7714    .ARM.Collect$$libinit$$0000001F  c_w.l(libinit2.o)
    0x08000386   0x08000386   0x00000000   Code   RO         7716    .ARM.Collect$$libinit$$00000021  c_w.l(libinit2.o)
    0x08000386   0x08000386   0x00000000   Code   RO         7718    .ARM.Collect$$libinit$$00000023  c_w.l(libinit2.o)
    0x08000386   0x08000386   0x00000000   Code   RO         7720    .ARM.Collect$$libinit$$00000025  c_w.l(libinit2.o)
    0x08000386   0x08000386   0x00000000   Code   RO         7724    .ARM.Collect$$libinit$$0000002C  c_w.l(libinit2.o)
    0x08000386   0x08000386   0x00000000   Code   RO         7726    .ARM.Collect$$libinit$$0000002E  c_w.l(libinit2.o)
    0x08000386   0x08000386   0x00000000   Code   RO         7728    .ARM.Collect$$libinit$$00000030  c_w.l(libinit2.o)
    0x08000386   0x08000386   0x00000000   Code   RO         7730    .ARM.Collect$$libinit$$00000032  c_w.l(libinit2.o)
    0x08000386   0x08000386   0x00000002   Code   RO         7731    .ARM.Collect$$libinit$$00000033  c_w.l(libinit2.o)
    0x08000388   0x08000388   0x00000002   Code   RO         7762    .ARM.Collect$$libshutdown$$00000000  c_w.l(libshutdown.o)
    0x0800038a   0x0800038a   0x00000000   Code   RO         7788    .ARM.Collect$$libshutdown$$00000002  c_w.l(libshutdown2.o)
    0x0800038a   0x0800038a   0x00000000   Code   RO         7790    .ARM.Collect$$libshutdown$$00000004  c_w.l(libshutdown2.o)
    0x0800038a   0x0800038a   0x00000000   Code   RO         7792    .ARM.Collect$$libshutdown$$00000006  c_w.l(libshutdown2.o)
    0x0800038a   0x0800038a   0x00000000   Code   RO         7795    .ARM.Collect$$libshutdown$$00000009  c_w.l(libshutdown2.o)
    0x0800038a   0x0800038a   0x00000000   Code   RO         7798    .ARM.Collect$$libshutdown$$0000000C  c_w.l(libshutdown2.o)
    0x0800038a   0x0800038a   0x00000000   Code   RO         7800    .ARM.Collect$$libshutdown$$0000000E  c_w.l(libshutdown2.o)
    0x0800038a   0x0800038a   0x00000000   Code   RO         7803    .ARM.Collect$$libshutdown$$00000011  c_w.l(libshutdown2.o)
    0x0800038a   0x0800038a   0x00000002   Code   RO         7804    .ARM.Collect$$libshutdown$$00000012  c_w.l(libshutdown2.o)
    0x0800038c   0x0800038c   0x00000000   Code   RO         7613    .ARM.Collect$$rtentry$$00000000  c_w.l(__rtentry.o)
    0x0800038c   0x0800038c   0x00000000   Code   RO         7641    .ARM.Collect$$rtentry$$00000002  c_w.l(__rtentry2.o)
    0x0800038c   0x0800038c   0x00000006   Code   RO         7653    .ARM.Collect$$rtentry$$00000004  c_w.l(__rtentry4.o)
    0x08000392   0x08000392   0x00000000   Code   RO         7643    .ARM.Collect$$rtentry$$00000009  c_w.l(__rtentry2.o)
    0x08000392   0x08000392   0x00000004   Code   RO         7644    .ARM.Collect$$rtentry$$0000000A  c_w.l(__rtentry2.o)
    0x08000396   0x08000396   0x00000000   Code   RO         7646    .ARM.Collect$$rtentry$$0000000C  c_w.l(__rtentry2.o)
    0x08000396   0x08000396   0x00000008   Code   RO         7647    .ARM.Collect$$rtentry$$0000000D  c_w.l(__rtentry2.o)
    0x0800039e   0x0800039e   0x00000002   Code   RO         7679    .ARM.Collect$$rtexit$$00000000  c_w.l(rtexit.o)
    0x080003a0   0x080003a0   0x00000000   Code   RO         7735    .ARM.Collect$$rtexit$$00000002  c_w.l(rtexit2.o)
    0x080003a0   0x080003a0   0x00000004   Code   RO         7736    .ARM.Collect$$rtexit$$00000003  c_w.l(rtexit2.o)
    0x080003a4   0x080003a4   0x00000006   Code   RO         7737    .ARM.Collect$$rtexit$$00000004  c_w.l(rtexit2.o)
    0x080003aa   0x080003aa   0x00000002   PAD
    0x080003ac   0x080003ac   0x000000be   Code   RO         6742    .emb_text           port.o
    0x0800046a   0x0800046a   0x00000002   PAD
    0x0800046c   0x0800046c   0x00000048   Code   RO            4    .text               startup_stm32h723xx.o
    0x080004b4   0x080004b4   0x000000ee   Code   RO         7547    .text               c_w.l(lludivv7m.o)
    0x080005a2   0x080005a2   0x0000008a   Code   RO         7549    .text               c_w.l(rt_memcpy_v6.o)
    0x0800062c   0x0800062c   0x00000064   Code   RO         7551    .text               c_w.l(rt_memcpy_w.o)
    0x08000690   0x08000690   0x00000010   Code   RO         7555    .text               c_w.l(aeabi_memset.o)
    0x080006a0   0x080006a0   0x00000044   Code   RO         7557    .text               c_w.l(rt_memclr.o)
    0x080006e4   0x080006e4   0x0000004e   Code   RO         7559    .text               c_w.l(rt_memclr_w.o)
    0x08000732   0x08000732   0x00000006   Code   RO         7561    .text               c_w.l(heapauxi.o)
    0x08000738   0x08000738   0x00000016   Code   RO         7618    .text               c_w.l(_rserrno.o)
    0x0800074e   0x0800074e   0x00000002   PAD
    0x08000750   0x08000750   0x00000008   Code   RO         7660    .text               c_w.l(rt_errno_addr_intlibspace.o)
    0x08000758   0x08000758   0x00000008   Code   RO         7662    .text               c_w.l(libspace.o)
    0x08000760   0x08000760   0x0000004a   Code   RO         7665    .text               c_w.l(sys_stackheap_outer.o)
    0x080007aa   0x080007aa   0x00000012   Code   RO         7667    .text               c_w.l(exit.o)
    0x080007bc   0x080007bc   0x0000000c   Code   RO         7732    .text               c_w.l(sys_exit.o)
    0x080007c8   0x080007c8   0x00000002   Code   RO         7751    .text               c_w.l(use_no_semi.o)
    0x080007ca   0x080007ca   0x00000000   Code   RO         7753    .text               c_w.l(indicate_semi.o)
    0x080007ca   0x080007ca   0x00000002   PAD
    0x080007cc   0x080007cc   0x00000304   Code   RO         7418    i.ARM2              arm2.o
    0x08000ad0   0x08000ad0   0x00000428   Code   RO         7419    i.Analysis          arm2.o
    0x08000ef8   0x08000ef8   0x00000002   Code   RO          542    i.BusFault_Handler  stm32h7xx_it.o
    0x08000efa   0x08000efa   0x00000002   PAD
    0x08000efc   0x08000efc   0x0000000c   Code   RO          543    i.DMA1_Stream0_IRQHandler  stm32h7xx_it.o
    0x08000f08   0x08000f08   0x0000000c   Code   RO          544    i.DMA1_Stream1_IRQHandler  stm32h7xx_it.o
    0x08000f14   0x08000f14   0x0000000c   Code   RO          545    i.DMA1_Stream2_IRQHandler  stm32h7xx_it.o
    0x08000f20   0x08000f20   0x0000000c   Code   RO          546    i.DMA1_Stream3_IRQHandler  stm32h7xx_it.o
    0x08000f2c   0x08000f2c   0x0000000c   Code   RO          547    i.DMA1_Stream4_IRQHandler  stm32h7xx_it.o
    0x08000f38   0x08000f38   0x0000000c   Code   RO          548    i.DMA1_Stream5_IRQHandler  stm32h7xx_it.o
    0x08000f44   0x08000f44   0x0000000c   Code   RO          549    i.DMA1_Stream6_IRQHandler  stm32h7xx_it.o
    0x08000f50   0x08000f50   0x0000000c   Code   RO          550    i.DMA1_Stream7_IRQHandler  stm32h7xx_it.o
    0x08000f5c   0x08000f5c   0x0000000c   Code   RO          551    i.DMA2_Stream0_IRQHandler  stm32h7xx_it.o
    0x08000f68   0x08000f68   0x0000000c   Code   RO          552    i.DMA2_Stream1_IRQHandler  stm32h7xx_it.o
    0x08000f74   0x08000f74   0x0000000c   Code   RO          553    i.DMA2_Stream2_IRQHandler  stm32h7xx_it.o
    0x08000f80   0x08000f80   0x0000000c   Code   RO          554    i.DMA2_Stream3_IRQHandler  stm32h7xx_it.o
    0x08000f8c   0x08000f8c   0x000000c0   Code   RO         2713    i.DMA_CalcBaseAndBitshift  stm32h7xx_hal_dma.o
    0x0800104c   0x0800104c   0x000000a0   Code   RO         2714    i.DMA_CalcDMAMUXChannelBaseAndMask  stm32h7xx_hal_dma.o
    0x080010ec   0x080010ec   0x0000007c   Code   RO         2715    i.DMA_CalcDMAMUXRequestGenBaseAndMask  stm32h7xx_hal_dma.o
    0x08001168   0x08001168   0x00000078   Code   RO         2716    i.DMA_CheckFifoParam  stm32h7xx_hal_dma.o
    0x080011e0   0x080011e0   0x0000023c   Code   RO         2717    i.DMA_SetConfig     stm32h7xx_hal_dma.o
    0x0800141c   0x0800141c   0x00000002   Code   RO          555    i.DebugMon_Handler  stm32h7xx_it.o
    0x0800141e   0x0800141e   0x00000002   PAD
    0x08001420   0x08001420   0x00000024   Code   RO         7103    i.Emm_Angle_To_Pulses  zdt_emm.o
    0x08001444   0x08001444   0x00000020   Code   RO         7105    i.Emm_Calc_CRC8     zdt_emm.o
    0x08001464   0x08001464   0x00000026   Code   RO         7106    i.Emm_Calc_Checksum  zdt_emm.o
    0x0800148a   0x0800148a   0x00000018   Code   RO         7107    i.Emm_Calc_XOR      zdt_emm.o
    0x080014a2   0x080014a2   0x00000002   PAD
    0x080014a4   0x080014a4   0x00000024   Code   RO         7108    i.Emm_Encoder_To_Angle  zdt_emm.o
    0x080014c8   0x080014c8   0x0000004a   Code   RO         7109    i.Emm_Init          zdt_emm.o
    0x08001512   0x08001512   0x00000002   PAD
    0x08001514   0x08001514   0x000000a4   Code   RO         7117    i.Emm_Read_vel_pos  zdt_emm.o
    0x080015b8   0x080015b8   0x000000c8   Code   RO         7120    i.Emm_Send_Cmd      zdt_emm.o
    0x08001680   0x08001680   0x0000001e   Code   RO         7124    i.Emm_V5_Clear_Position  zdt_emm.o
    0x0800169e   0x0800169e   0x00000028   Code   RO         7125    i.Emm_V5_Enable     zdt_emm.o
    0x080016c6   0x080016c6   0x0000005a   Code   RO         7126    i.Emm_V5_Position   zdt_emm.o
    0x08001720   0x08001720   0x000000c8   Code   RO         7131    i.Emm_V5_Read_Sys_Param  zdt_emm.o
    0x080017e8   0x080017e8   0x0000001e   Code   RO         7132    i.Emm_V5_Read_SystemStatus  zdt_emm.o
    0x08001806   0x08001806   0x00000004   Code   RO           13    i.Error_Handler     main.o
    0x0800180a   0x0800180a   0x00000002   PAD
    0x0800180c   0x0800180c   0x0000001c   Code   RO         4902    i.ExitRun0Mode      system_stm32h7xx.o
    0x08001828   0x08001828   0x0000037c   Code   RO         2718    i.HAL_DMA_Abort     stm32h7xx_hal_dma.o
    0x08001ba4   0x08001ba4   0x00000240   Code   RO         2719    i.HAL_DMA_Abort_IT  stm32h7xx_hal_dma.o
    0x08001de4   0x08001de4   0x00000004   Code   RO         2721    i.HAL_DMA_GetError  stm32h7xx_hal_dma.o
    0x08001de8   0x08001de8   0x000007a8   Code   RO         2723    i.HAL_DMA_IRQHandler  stm32h7xx_hal_dma.o
    0x08002590   0x08002590   0x000003f0   Code   RO         2724    i.HAL_DMA_Init      stm32h7xx_hal_dma.o
    0x08002980   0x08002980   0x000002ec   Code   RO         2728    i.HAL_DMA_Start_IT  stm32h7xx_hal_dma.o
    0x08002c6c   0x08002c6c   0x0000021c   Code   RO         2566    i.HAL_GPIO_Init     stm32h7xx_hal_gpio.o
    0x08002e88   0x08002e88   0x0000000e   Code   RO         2570    i.HAL_GPIO_WritePin  stm32h7xx_hal_gpio.o
    0x08002e96   0x08002e96   0x00000002   PAD
    0x08002e98   0x08002e98   0x0000000c   Code   RO         3431    i.HAL_GetTick       stm32h7xx_hal.o
    0x08002ea4   0x08002ea4   0x00000010   Code   RO         3437    i.HAL_IncTick       stm32h7xx_hal.o
    0x08002eb4   0x08002eb4   0x0000005c   Code   RO         3438    i.HAL_Init          stm32h7xx_hal.o
    0x08002f10   0x08002f10   0x00000088   Code   RO          771    i.HAL_InitTick      stm32h7xx_hal_timebase_tim.o
    0x08002f98   0x08002f98   0x00000024   Code   RO          747    i.HAL_MspInit       stm32h7xx_hal_msp.o
    0x08002fbc   0x08002fbc   0x0000001a   Code   RO         1848    i.HAL_NVIC_EnableIRQ  stm32h7xx_hal_cortex.o
    0x08002fd6   0x08002fd6   0x00000002   PAD
    0x08002fd8   0x08002fd8   0x00000040   Code   RO         1854    i.HAL_NVIC_SetPriority  stm32h7xx_hal_cortex.o
    0x08003018   0x08003018   0x00000024   Code   RO         1855    i.HAL_NVIC_SetPriorityGrouping  stm32h7xx_hal_cortex.o
    0x0800303c   0x0800303c   0x00000058   Code   RO         3167    i.HAL_PWREx_ConfigSupply  stm32h7xx_hal_pwr_ex.o
    0x08003094   0x08003094   0x00000024   Code   RO         2109    i.HAL_RCCEx_GetD3PCLK1Freq  stm32h7xx_hal_rcc_ex.o
    0x080030b8   0x080030b8   0x000001c0   Code   RO         2111    i.HAL_RCCEx_GetPLL2ClockFreq  stm32h7xx_hal_rcc_ex.o
    0x08003278   0x08003278   0x000001c0   Code   RO         2112    i.HAL_RCCEx_GetPLL3ClockFreq  stm32h7xx_hal_rcc_ex.o
    0x08003438   0x08003438   0x00000990   Code   RO         2118    i.HAL_RCCEx_PeriphCLKConfig  stm32h7xx_hal_rcc_ex.o
    0x08003dc8   0x08003dc8   0x0000027c   Code   RO         1994    i.HAL_RCC_ClockConfig  stm32h7xx_hal_rcc.o
    0x08004044   0x08004044   0x00000060   Code   RO         1998    i.HAL_RCC_GetClockConfig  stm32h7xx_hal_rcc.o
    0x080040a4   0x080040a4   0x00000044   Code   RO         1999    i.HAL_RCC_GetHCLKFreq  stm32h7xx_hal_rcc.o
    0x080040e8   0x080040e8   0x00000024   Code   RO         2001    i.HAL_RCC_GetPCLK1Freq  stm32h7xx_hal_rcc.o
    0x0800410c   0x0800410c   0x00000024   Code   RO         2002    i.HAL_RCC_GetPCLK2Freq  stm32h7xx_hal_rcc.o
    0x08004130   0x08004130   0x000001b4   Code   RO         2003    i.HAL_RCC_GetSysClockFreq  stm32h7xx_hal_rcc.o
    0x080042e4   0x080042e4   0x000005d8   Code   RO         2006    i.HAL_RCC_OscConfig  stm32h7xx_hal_rcc.o
    0x080048bc   0x080048bc   0x00000002   Code   RO         1537    i.HAL_TIMEx_Break2Callback  stm32h7xx_hal_tim_ex.o
    0x080048be   0x080048be   0x00000002   Code   RO         1538    i.HAL_TIMEx_BreakCallback  stm32h7xx_hal_tim_ex.o
    0x080048c0   0x080048c0   0x00000002   Code   RO         1539    i.HAL_TIMEx_CommutCallback  stm32h7xx_hal_tim_ex.o
    0x080048c2   0x080048c2   0x0000004e   Code   RO          812    i.HAL_TIM_Base_Init  stm32h7xx_hal_tim.o
    0x08004910   0x08004910   0x00000002   Code   RO          814    i.HAL_TIM_Base_MspInit  stm32h7xx_hal_tim.o
    0x08004912   0x08004912   0x00000002   PAD
    0x08004914   0x08004914   0x000000a8   Code   RO          817    i.HAL_TIM_Base_Start_IT  stm32h7xx_hal_tim.o
    0x080049bc   0x080049bc   0x00000002   Code   RO          846    i.HAL_TIM_IC_CaptureCallback  stm32h7xx_hal_tim.o
    0x080049be   0x080049be   0x00000152   Code   RO          860    i.HAL_TIM_IRQHandler  stm32h7xx_hal_tim.o
    0x08004b10   0x08004b10   0x00000002   Code   RO          863    i.HAL_TIM_OC_DelayElapsedCallback  stm32h7xx_hal_tim.o
    0x08004b12   0x08004b12   0x00000002   Code   RO          890    i.HAL_TIM_PWM_PulseFinishedCallback  stm32h7xx_hal_tim.o
    0x08004b14   0x08004b14   0x00000014   Code   RO           14    i.HAL_TIM_PeriodElapsedCallback  main.o
    0x08004b28   0x08004b28   0x00000002   Code   RO          903    i.HAL_TIM_TriggerCallback  stm32h7xx_hal_tim.o
    0x08004b2a   0x08004b2a   0x0000003e   Code   RO         4779    i.HAL_UARTEx_DisableFifoMode  stm32h7xx_hal_uart_ex.o
    0x08004b68   0x08004b68   0x00000052   Code   RO         4785    i.HAL_UARTEx_ReceiveToIdle_DMA  stm32h7xx_hal_uart_ex.o
    0x08004bba   0x08004bba   0x00000002   PAD
    0x08004bbc   0x08004bbc   0x00000274   Code   RO         7420    i.HAL_UARTEx_RxEventCallback  arm2.o
    0x08004e30   0x08004e30   0x00000002   Code   RO         4787    i.HAL_UARTEx_RxFifoFullCallback  stm32h7xx_hal_uart_ex.o
    0x08004e32   0x08004e32   0x0000004c   Code   RO         4788    i.HAL_UARTEx_SetRxFifoThreshold  stm32h7xx_hal_uart_ex.o
    0x08004e7e   0x08004e7e   0x0000004c   Code   RO         4789    i.HAL_UARTEx_SetTxFifoThreshold  stm32h7xx_hal_uart_ex.o
    0x08004eca   0x08004eca   0x00000002   Code   RO         4791    i.HAL_UARTEx_TxFifoEmptyCallback  stm32h7xx_hal_uart_ex.o
    0x08004ecc   0x08004ecc   0x00000002   Code   RO         4792    i.HAL_UARTEx_WakeupCallback  stm32h7xx_hal_uart_ex.o
    0x08004ece   0x08004ece   0x0000009e   Code   RO         4375    i.HAL_UART_DMAStop  stm32h7xx_hal_uart.o
    0x08004f6c   0x08004f6c   0x00000264   Code   RO         7421    i.HAL_UART_ErrorCallback  arm2.o
    0x080051d0   0x080051d0   0x000003ac   Code   RO         4382    i.HAL_UART_IRQHandler  stm32h7xx_hal_uart.o
    0x0800557c   0x0800557c   0x00000070   Code   RO         4383    i.HAL_UART_Init     stm32h7xx_hal_uart.o
    0x080055ec   0x080055ec   0x00000630   Code   RO          471    i.HAL_UART_MspInit  usart.o
    0x08005c1c   0x08005c1c   0x00000002   Code   RO         4390    i.HAL_UART_RxCpltCallback  stm32h7xx_hal_uart.o
    0x08005c1e   0x08005c1e   0x00000002   Code   RO         4391    i.HAL_UART_RxHalfCpltCallback  stm32h7xx_hal_uart.o
    0x08005c20   0x08005c20   0x00000090   Code   RO         4393    i.HAL_UART_Transmit_DMA  stm32h7xx_hal_uart.o
    0x08005cb0   0x08005cb0   0x00000002   Code   RO         4395    i.HAL_UART_TxCpltCallback  stm32h7xx_hal_uart.o
    0x08005cb2   0x08005cb2   0x00000002   Code   RO         4396    i.HAL_UART_TxHalfCpltCallback  stm32h7xx_hal_uart.o
    0x08005cb4   0x08005cb4   0x00000002   Code   RO          556    i.HardFault_Handler  stm32h7xx_it.o
    0x08005cb6   0x08005cb6   0x0000002c   Code   RO         6154    i.IRQ_Context       cmsis_os2.o
    0x08005ce2   0x08005ce2   0x00000002   PAD
    0x08005ce4   0x08005ce4   0x000000ec   Code   RO          446    i.MX_DMA_Init       dma.o
    0x08005dd0   0x08005dd0   0x00000038   Code   RO          341    i.MX_FREERTOS_Init  freertos.o
    0x08005e08   0x08005e08   0x000000cc   Code   RO          207    i.MX_GPIO_Init      gpio.o
    0x08005ed4   0x08005ed4   0x00000068   Code   RO          472    i.MX_UART5_Init     usart.o
    0x08005f3c   0x08005f3c   0x00000068   Code   RO          473    i.MX_UART7_Init     usart.o
    0x08005fa4   0x08005fa4   0x00000068   Code   RO          474    i.MX_UART8_Init     usart.o
    0x0800600c   0x0800600c   0x00000068   Code   RO          475    i.MX_UART9_Init     usart.o
    0x08006074   0x08006074   0x00000068   Code   RO          476    i.MX_USART10_UART_Init  usart.o
    0x080060dc   0x080060dc   0x00000068   Code   RO          477    i.MX_USART1_UART_Init  usart.o
    0x08006144   0x08006144   0x00000002   Code   RO          557    i.MemManage_Handler  stm32h7xx_it.o
    0x08006146   0x08006146   0x00000002   Code   RO          558    i.NMI_Handler       stm32h7xx_it.o
    0x08006148   0x08006148   0x00000124   Code   RO         2121    i.RCCEx_PLL2_Config  stm32h7xx_hal_rcc_ex.o
    0x0800626c   0x0800626c   0x00000124   Code   RO         2122    i.RCCEx_PLL3_Config  stm32h7xx_hal_rcc_ex.o
    0x08006390   0x08006390   0x000000b8   Code   RO         7422    i.RobotArm_Init     arm2.o
    0x08006448   0x08006448   0x00000012   Code   RO          342    i.StartDefaultTask  freertos.o
    0x0800645a   0x0800645a   0x0000001a   Code   RO         6158    i.SysTick_Handler   cmsis_os2.o
    0x08006474   0x08006474   0x00000098   Code   RO           15    i.SystemClock_Config  main.o
    0x0800650c   0x0800650c   0x000000d8   Code   RO         4904    i.SystemInit        system_stm32h7xx.o
    0x080065e4   0x080065e4   0x0000000c   Code   RO          559    i.TIM1_UP_IRQHandler  stm32h7xx_it.o
    0x080065f0   0x080065f0   0x000000dc   Code   RO          905    i.TIM_Base_SetConfig  stm32h7xx_hal_tim.o
    0x080066cc   0x080066cc   0x0000008c   Code   RO         7509    i.Task_Init         task_init.o
    0x08006758   0x08006758   0x0000000c   Code   RO          560    i.UART5_IRQHandler  stm32h7xx_it.o
    0x08006764   0x08006764   0x0000000c   Code   RO          561    i.UART7_IRQHandler  stm32h7xx_it.o
    0x08006770   0x08006770   0x0000000c   Code   RO          562    i.UART8_IRQHandler  stm32h7xx_it.o
    0x0800677c   0x0800677c   0x0000000c   Code   RO          563    i.UART9_IRQHandler  stm32h7xx_it.o
    0x08006788   0x08006788   0x00000048   Code   RO         4793    i.UARTEx_SetNbDataToProcess  stm32h7xx_hal_uart_ex.o
    0x080067d0   0x080067d0   0x000000c8   Code   RO         4397    i.UART_AdvFeatureConfig  stm32h7xx_hal_uart.o
    0x08006898   0x08006898   0x000000aa   Code   RO         4398    i.UART_CheckIdleState  stm32h7xx_hal_uart.o
    0x08006942   0x08006942   0x0000000a   Code   RO         4399    i.UART_DMAAbortOnError  stm32h7xx_hal_uart.o
    0x0800694c   0x0800694c   0x00000044   Code   RO         4400    i.UART_DMAError     stm32h7xx_hal_uart.o
    0x08006990   0x08006990   0x00000128   Code   RO         4401    i.UART_DMAReceiveCplt  stm32h7xx_hal_uart.o
    0x08006ab8   0x08006ab8   0x000000c4   Code   RO         4403    i.UART_DMARxHalfCplt  stm32h7xx_hal_uart.o
    0x08006b7c   0x08006b7c   0x00000042   Code   RO         4405    i.UART_DMATransmitCplt  stm32h7xx_hal_uart.o
    0x08006bbe   0x08006bbe   0x0000000a   Code   RO         4407    i.UART_DMATxHalfCplt  stm32h7xx_hal_uart.o
    0x08006bc8   0x08006bc8   0x00000054   Code   RO         4409    i.UART_EndRxTransfer  stm32h7xx_hal_uart.o
    0x08006c1c   0x08006c1c   0x00000024   Code   RO         4410    i.UART_EndTransmit_IT  stm32h7xx_hal_uart.o
    0x08006c40   0x08006c40   0x0000002e   Code   RO         4411    i.UART_EndTxTransfer  stm32h7xx_hal_uart.o
    0x08006c6e   0x08006c6e   0x00000002   PAD
    0x08006c70   0x08006c70   0x0000052e   Code   RO         4416    i.UART_SetConfig    stm32h7xx_hal_uart.o
    0x0800719e   0x0800719e   0x00000002   PAD
    0x080071a0   0x080071a0   0x000000a4   Code   RO         4417    i.UART_Start_Receive_DMA  stm32h7xx_hal_uart.o
    0x08007244   0x08007244   0x00000098   Code   RO         4423    i.UART_WaitOnFlagUntilTimeout  stm32h7xx_hal_uart.o
    0x080072dc   0x080072dc   0x0000000c   Code   RO          564    i.USART10_IRQHandler  stm32h7xx_it.o
    0x080072e8   0x080072e8   0x0000000c   Code   RO          565    i.USART1_IRQHandler  stm32h7xx_it.o
    0x080072f4   0x080072f4   0x00000024   Code   RO         7070    i.Uplink_GetCommand  uplink_drv.o
    0x08007318   0x08007318   0x000000c0   Code   RO         7510    i.Uplink_Init       task_init.o
    0x080073d8   0x080073d8   0x00000002   Code   RO          566    i.UsageFault_Handler  stm32h7xx_it.o
    0x080073da   0x080073da   0x00000002   PAD
    0x080073dc   0x080073dc   0x0000007c   Code   RO         7423    i.ZDT_Parse_One     arm2.o
    0x08007458   0x08007458   0x00000088   Code   RO         7424    i.ZDT_Parse_Run     arm2.o
    0x080074e0   0x080074e0   0x00000026   Code   RO         7621    i.__ARM_fpclassifyf  m_wv.l(fpclassifyf.o)
    0x08007506   0x08007506   0x00000012   Code   RO         6819    i.__ARM_isfinitef   micro_kdl.o
    0x08007518   0x08007518   0x00000020   Code   RO         1861    i.__NVIC_SetPriority  stm32h7xx_hal_cortex.o
    0x08007538   0x08007538   0x000002b4   Code   RO         7565    i.__hardfp_atan2f   m_wv.l(atan2f.o)
    0x080077ec   0x080077ec   0x00000150   Code   RO         7577    i.__hardfp_cosf     m_wv.l(cosf.o)
    0x0800793c   0x0800793c   0x00000194   Code   RO         7589    i.__hardfp_sinf     m_wv.l(sinf.o)
    0x08007ad0   0x08007ad0   0x0000003a   Code   RO         7601    i.__hardfp_sqrtf    m_wv.l(sqrtf.o)
    0x08007b0a   0x08007b0a   0x00000006   Code   RO         7624    i.__mathlib_flt_infnan  m_wv.l(funder.o)
    0x08007b10   0x08007b10   0x00000006   Code   RO         7625    i.__mathlib_flt_infnan2  m_wv.l(funder.o)
    0x08007b16   0x08007b16   0x00000002   PAD
    0x08007b18   0x08007b18   0x00000010   Code   RO         7626    i.__mathlib_flt_invalid  m_wv.l(funder.o)
    0x08007b28   0x08007b28   0x00000010   Code   RO         7629    i.__mathlib_flt_underflow  m_wv.l(funder.o)
    0x08007b38   0x08007b38   0x00000154   Code   RO         7637    i.__mathlib_rredf2  m_wv.l(rredf.o)
    0x08007c8c   0x08007c8c   0x00000036   Code   RO           16    i.main              main.o
    0x08007cc2   0x08007cc2   0x00000086   Code   RO         6820    i.mikdl_cart_to_jnt_acceleration  micro_kdl.o
    0x08007d48   0x08007d48   0x00000048   Code   RO         6821    i.mikdl_cart_to_jnt_velocity  micro_kdl.o
    0x08007d90   0x08007d90   0x000000d4   Code   RO         6822    i.mikdl_cart_to_joint_control  micro_kdl.o
    0x08007e64   0x08007e64   0x00000020   Code   RO         6823    i.mikdl_clampf      micro_kdl.o
    0x08007e84   0x08007e84   0x000000b0   Code   RO         6824    i.mikdl_compute_com_jacobian_1  micro_kdl.o
    0x08007f34   0x08007f34   0x000000d8   Code   RO         6825    i.mikdl_compute_com_jacobian_2  micro_kdl.o
    0x0800800c   0x0800800c   0x000001e4   Code   RO         6826    i.mikdl_compute_coriolis_vector  micro_kdl.o
    0x080081f0   0x080081f0   0x0000004e   Code   RO         6827    i.mikdl_compute_external_torque  micro_kdl.o
    0x0800823e   0x0800823e   0x0000009a   Code   RO         6828    i.mikdl_compute_fk  micro_kdl.o
    0x080082d8   0x080082d8   0x00000178   Code   RO         6829    i.mikdl_compute_gravity_vector  micro_kdl.o
    0x08008450   0x08008450   0x000000d4   Code   RO         6830    i.mikdl_compute_jacobian  micro_kdl.o
    0x08008524   0x08008524   0x00000134   Code   RO         6831    i.mikdl_compute_jdot_times_dq  micro_kdl.o
    0x08008658   0x08008658   0x00000106   Code   RO         6832    i.mikdl_compute_mass_matrix  micro_kdl.o
    0x0800875e   0x0800875e   0x00000002   PAD
    0x08008760   0x08008760   0x00000018   Code   RO         6833    i.mikdl_default_dls  micro_kdl.o
    0x08008778   0x08008778   0x00000098   Code   RO         6834    i.mikdl_default_gravity_dir  micro_kdl.o
    0x08008810   0x08008810   0x0000000a   Code   RO         6835    i.mikdl_default_max_iter  micro_kdl.o
    0x0800881a   0x0800881a   0x0000000e   Code   RO         6836    i.mikdl_default_or_value  micro_kdl.o
    0x08008828   0x08008828   0x00000018   Code   RO         6837    i.mikdl_default_tol  micro_kdl.o
    0x08008840   0x08008840   0x0000001c   Code   RO         6838    i.mikdl_fabsf       micro_kdl.o
    0x0800885c   0x0800885c   0x0000002a   Code   RO         6839    i.mikdl_forward_kinematics  micro_kdl.o
    0x08008886   0x08008886   0x00000002   PAD
    0x08008888   0x08008888   0x000000ec   Code   RO         6840    i.mikdl_initial_guess  micro_kdl.o
    0x08008974   0x08008974   0x000000ca   Code   RO         6841    i.mikdl_inverse_dynamics  micro_kdl.o
    0x08008a3e   0x08008a3e   0x0000017a   Code   RO         6842    i.mikdl_inverse_kinematics  micro_kdl.o
    0x08008bb8   0x08008bb8   0x0000005e   Code   RO         6843    i.mikdl_mat_add     micro_kdl.o
    0x08008c16   0x08008c16   0x0000004e   Code   RO         6844    i.mikdl_mat_det     micro_kdl.o
    0x08008c64   0x08008c64   0x00000174   Code   RO         6845    i.mikdl_mat_inverse  micro_kdl.o
    0x08008dd8   0x08008dd8   0x0000007c   Code   RO         6846    i.mikdl_mat_mul     micro_kdl.o
    0x08008e54   0x08008e54   0x0000005e   Code   RO         6847    i.mikdl_mat_mul_vec  micro_kdl.o
    0x08008eb2   0x08008eb2   0x0000004e   Code   RO         6848    i.mikdl_mat_scale   micro_kdl.o
    0x08008f00   0x08008f00   0x0000004a   Code   RO         6849    i.mikdl_mat_transpose  micro_kdl.o
    0x08008f4a   0x08008f4a   0x00000002   PAD
    0x08008f4c   0x08008f4c   0x00000054   Code   RO         6850    i.mikdl_robot_default  micro_kdl.o
    0x08008fa0   0x08008fa0   0x000000d2   Code   RO         6851    i.mikdl_solve_dls   micro_kdl.o
    0x08009072   0x08009072   0x00000002   PAD
    0x08009074   0x08009074   0x000001b0   Code   RO         6852    i.mikdl_trap_get    micro_kdl.o
    0x08009224   0x08009224   0x0000010c   Code   RO         6853    i.mikdl_trap_init   micro_kdl.o
    0x08009330   0x08009330   0x00000028   Code   RO         6854    i.mikdl_validate_robot  micro_kdl.o
    0x08009358   0x08009358   0x0000002c   Code   RO         6855    i.mikdl_vec_add     micro_kdl.o
    0x08009384   0x08009384   0x0000002c   Code   RO         6856    i.mikdl_vec_dot     micro_kdl.o
    0x080093b0   0x080093b0   0x0000001c   Code   RO         6857    i.mikdl_vec_norm    micro_kdl.o
    0x080093cc   0x080093cc   0x00000020   Code   RO         6858    i.mikdl_vec_scale   micro_kdl.o
    0x080093ec   0x080093ec   0x0000002c   Code   RO         6859    i.mikdl_vec_sub     micro_kdl.o
    0x08009418   0x08009418   0x0000001e   Code   RO         6160    i.osDelay           cmsis_os2.o
    0x08009436   0x08009436   0x00000002   PAD
    0x08009438   0x08009438   0x00000030   Code   RO         6174    i.osKernelInitialize  cmsis_os2.o
    0x08009468   0x08009468   0x00000040   Code   RO         6177    i.osKernelStart     cmsis_os2.o
    0x080094a8   0x080094a8   0x000000ba   Code   RO         6219    i.osThreadNew       cmsis_os2.o
    0x08009562   0x08009562   0x00000002   PAD
    0x08009564   0x08009564   0x00000078   Code   RO         5574    i.prvAddCurrentTaskToDelayedList  tasks.o
    0x080095dc   0x080095dc   0x000000a8   Code   RO         5575    i.prvAddNewTaskToReadyList  tasks.o
    0x08009684   0x08009684   0x00000058   Code   RO         5956    i.prvCheckForValidListAndQueue  timers.o
    0x080096dc   0x080096dc   0x0000003c   Code   RO         5576    i.prvCheckTasksWaitingTermination  tasks.o
    0x08009718   0x08009718   0x00000028   Code   RO         5137    i.prvCopyDataFromQueue  queue.o
    0x08009740   0x08009740   0x00000040   Code   RO         5577    i.prvDeleteTCB      tasks.o
    0x08009780   0x08009780   0x00000024   Code   RO         5957    i.prvGetNextExpireTime  timers.o
    0x080097a4   0x080097a4   0x00000048   Code   RO         6681    i.prvHeapInit       heap_4.o
    0x080097ec   0x080097ec   0x00000028   Code   RO         5578    i.prvIdleTask       tasks.o
    0x08009814   0x08009814   0x00000022   Code   RO         5141    i.prvInitialiseNewQueue  queue.o
    0x08009836   0x08009836   0x000000a2   Code   RO         5579    i.prvInitialiseNewTask  tasks.o
    0x080098d8   0x080098d8   0x00000058   Code   RO         5580    i.prvInitialiseTaskLists  tasks.o
    0x08009930   0x08009930   0x00000054   Code   RO         6682    i.prvInsertBlockIntoFreeList  heap_4.o
    0x08009984   0x08009984   0x00000040   Code   RO         5959    i.prvInsertTimerInActiveList  timers.o
    0x080099c4   0x080099c4   0x0000001a   Code   RO         5142    i.prvIsQueueEmpty   queue.o
    0x080099de   0x080099de   0x00000002   PAD
    0x080099e0   0x080099e0   0x00000040   Code   RO         5960    i.prvProcessExpiredTimer  timers.o
    0x08009a20   0x08009a20   0x000000f4   Code   RO         5961    i.prvProcessReceivedCommands  timers.o
    0x08009b14   0x08009b14   0x0000006c   Code   RO         5962    i.prvProcessTimerOrBlockTask  timers.o
    0x08009b80   0x08009b80   0x00000028   Code   RO         5963    i.prvReloadTimer    timers.o
    0x08009ba8   0x08009ba8   0x00000020   Code   RO         5582    i.prvResetNextTaskUnblockTime  tasks.o
    0x08009bc8   0x08009bc8   0x0000002c   Code   RO         5964    i.prvSampleTimeNow  timers.o
    0x08009bf4   0x08009bf4   0x0000002c   Code   RO         5965    i.prvSwitchTimerLists  timers.o
    0x08009c20   0x08009c20   0x0000002c   Code   RO         6743    i.prvTaskExitError  port.o
    0x08009c4c   0x08009c4c   0x00000014   Code   RO         5966    i.prvTimerTask      timers.o
    0x08009c60   0x08009c60   0x0000006a   Code   RO         5144    i.prvUnlockQueue    queue.o
    0x08009cca   0x08009cca   0x00000002   PAD
    0x08009ccc   0x08009ccc   0x000000d8   Code   RO         6684    i.pvPortMalloc      heap_4.o
    0x08009da4   0x08009da4   0x00000024   Code   RO         6744    i.pxPortInitialiseStack  port.o
    0x08009dc8   0x08009dc8   0x00000026   Code   RO         5097    i.uxListRemove      list.o
    0x08009dee   0x08009dee   0x00000002   PAD
    0x08009df0   0x08009df0   0x00000014   Code   RO         6231    i.vApplicationGetIdleTaskMemory  cmsis_os2.o
    0x08009e04   0x08009e04   0x00000018   Code   RO         6232    i.vApplicationGetTimerTaskMemory  cmsis_os2.o
    0x08009e1c   0x08009e1c   0x00000016   Code   RO         5098    i.vListInitialise   list.o
    0x08009e32   0x08009e32   0x00000006   Code   RO         5099    i.vListInitialiseItem  list.o
    0x08009e38   0x08009e38   0x00000030   Code   RO         5100    i.vListInsert       list.o
    0x08009e68   0x08009e68   0x00000018   Code   RO         5101    i.vListInsertEnd    list.o
    0x08009e80   0x08009e80   0x00000040   Code   RO         6746    i.vPortEnterCritical  port.o
    0x08009ec0   0x08009ec0   0x0000002c   Code   RO         6747    i.vPortExitCritical  port.o
    0x08009eec   0x08009eec   0x00000064   Code   RO         6685    i.vPortFree         heap_4.o
    0x08009f50   0x08009f50   0x00000024   Code   RO         6748    i.vPortSetupTimerInterrupt  port.o
    0x08009f74   0x08009f74   0x00000054   Code   RO         6749    i.vPortValidateInterruptPriority  port.o
    0x08009fc8   0x08009fc8   0x0000004c   Code   RO         5152    i.vQueueAddToRegistry  queue.o
    0x0800a014   0x0800a014   0x00000046   Code   RO         5156    i.vQueueWaitForMessageRestricted  queue.o
    0x0800a05a   0x0800a05a   0x00000002   PAD
    0x0800a05c   0x0800a05c   0x00000050   Code   RO         5595    i.vTaskDelay        tasks.o
    0x0800a0ac   0x0800a0ac   0x00000094   Code   RO         5596    i.vTaskDelete       tasks.o
    0x0800a140   0x0800a140   0x00000010   Code   RO         5600    i.vTaskInternalSetTimeOutState  tasks.o
    0x0800a150   0x0800a150   0x0000000c   Code   RO         5601    i.vTaskMissedYield  tasks.o
    0x0800a15c   0x0800a15c   0x00000034   Code   RO         5602    i.vTaskPlaceOnEventList  tasks.o
    0x0800a190   0x0800a190   0x00000054   Code   RO         5603    i.vTaskPlaceOnEventListRestricted  tasks.o
    0x0800a1e4   0x0800a1e4   0x0000008c   Code   RO         5611    i.vTaskStartScheduler  tasks.o
    0x0800a270   0x0800a270   0x00000010   Code   RO         5613    i.vTaskSuspendAll   tasks.o
    0x0800a280   0x0800a280   0x00000068   Code   RO         5614    i.vTaskSwitchContext  tasks.o
    0x0800a2e8   0x0800a2e8   0x000000fc   Code   RO         6750    i.xPortStartScheduler  port.o
    0x0800a3e4   0x0800a3e4   0x0000002c   Code   RO         6751    i.xPortSysTickHandler  port.o
    0x0800a410   0x0800a410   0x00000056   Code   RO         5161    i.xQueueGenericCreate  queue.o
    0x0800a466   0x0800a466   0x0000004c   Code   RO         5162    i.xQueueGenericCreateStatic  queue.o
    0x0800a4b2   0x0800a4b2   0x00000002   PAD
    0x0800a4b4   0x0800a4b4   0x000000b4   Code   RO         5164    i.xQueueGenericReset  queue.o
    0x0800a568   0x0800a568   0x0000013c   Code   RO         5175    i.xQueueReceive     queue.o
    0x0800a6a4   0x0800a6a4   0x00000080   Code   RO         5616    i.xTaskCheckForTimeOut  tasks.o
    0x0800a724   0x0800a724   0x0000006c   Code   RO         5617    i.xTaskCreate       tasks.o
    0x0800a790   0x0800a790   0x00000074   Code   RO         5618    i.xTaskCreateStatic  tasks.o
    0x0800a804   0x0800a804   0x00000098   Code   RO         5619    i.xTaskDelayUntil   tasks.o
    0x0800a89c   0x0800a89c   0x0000016c   Code   RO         5621    i.xTaskGenericNotifyFromISR  tasks.o
    0x0800aa08   0x0800aa08   0x000000a4   Code   RO         5623    i.xTaskGenericNotifyWait  tasks.o
    0x0800aaac   0x0800aaac   0x0000001c   Code   RO         5625    i.xTaskGetSchedulerState  tasks.o
    0x0800aac8   0x0800aac8   0x0000000c   Code   RO         5627    i.xTaskGetTickCount  tasks.o
    0x0800aad4   0x0800aad4   0x0000012c   Code   RO         5629    i.xTaskIncrementTick  tasks.o
    0x0800ac00   0x0800ac00   0x000000dc   Code   RO         5632    i.xTaskRemoveFromEventList  tasks.o
    0x0800acdc   0x0800acdc   0x00000128   Code   RO         5633    i.xTaskResumeAll    tasks.o
    0x0800ae04   0x0800ae04   0x00000068   Code   RO         5975    i.xTimerCreateTimerTask  timers.o
    0x0800ae6c   0x0800ae6c   0x0000000a   Code   RO         7747    x$fpl$fpinit        fz_wv.l(fpinit.o)
    0x0800ae76   0x0800ae76   0x00000000   Code   RO         7620    x$fpl$usenofp       fz_wv.l(usenofp.o)
    0x0800ae76   0x0800ae76   0x00000002   PAD
    0x0800ae78   0x0800ae78   0x00000024   Data   RO          343    .constdata          freertos.o
    0x0800ae9c   0x0800ae9c   0x00000008   Data   RO         2730    .constdata          stm32h7xx_hal_dma.o
    0x0800aea4   0x0800aea4   0x00000018   Data   RO         4424    .constdata          stm32h7xx_hal_uart.o
    0x0800aebc   0x0800aebc   0x00000010   Data   RO         4795    .constdata          stm32h7xx_hal_uart_ex.o
    0x0800aecc   0x0800aecc   0x00000010   Data   RO         4905    .constdata          system_stm32h7xx.o
    0x0800aedc   0x0800aedc   0x00000100   Data   RO         7151    .constdata          zdt_emm.o
    0x0800afdc   0x0800afdc   0x00000020   Data   RO         7638    .constdata          m_wv.l(rredf.o)
    0x0800affc   0x0800affc   0x0000000c   Data   RO          344    .conststring        freertos.o
    0x0800b008   0x0800b008   0x00000020   Data   RO         7805    Region$$Table       anon$$obj.o


    Execution Region RW_IRAM1 (Exec base: 0x20000000, Load base: 0x0800b028, Size: 0x00000000, Max: 0x00020000, ABSOLUTE)

    **** No section assigned to this execution region ****


    Execution Region RW_IRAM2 (Exec base: 0x24000000, Load base: 0x0800b028, Size: 0x00005e78, Max: 0x00050000, ABSOLUTE, COMPRESSED[0x00000044])

    Exec Addr    Load Addr    Size         Type   Attr      Idx    E Section Name        Object

    0x24000000   COMPRESSED   0x0000000c   Data   RW          345    .data               freertos.o
    0x2400000c   COMPRESSED   0x0000000c   Data   RW         3462    .data               stm32h7xx_hal.o
    0x24000018   COMPRESSED   0x00000008   Data   RW         4906    .data               system_stm32h7xx.o
    0x24000020   COMPRESSED   0x00000040   Data   RW         5636    .data               tasks.o
    0x24000060   COMPRESSED   0x00000014   Data   RW         5986    .data               timers.o
    0x24000074   COMPRESSED   0x00000004   Data   RW         6234    .data               cmsis_os2.o
    0x24000078   COMPRESSED   0x0000001c   Data   RW         6691    .data               heap_4.o
    0x24000094   COMPRESSED   0x0000000c   Data   RW         6752    .data               port.o
    0x240000a0   COMPRESSED   0x00000007   Data   RW         7072    .data               uplink_drv.o
    0x240000a7   COMPRESSED   0x00000003   Data   RW         7152    .data               zdt_emm.o
    0x240000aa   COMPRESSED   0x00000002   PAD
    0x240000ac   COMPRESSED   0x000001f8   Data   RW         7426    .data               arm2.o
    0x240002a4   COMPRESSED   0x00000004   Data   RW         7427    .data               arm2.o
    0x240002a8   COMPRESSED   0x00000004   Data   RW         7428    .data               arm2.o
    0x240002ac   COMPRESSED   0x00000014   PAD
    0x240002c0   COMPRESSED   0x00000120   Data   RW         7153    .dma_buffer         zdt_emm.o
    0x240003e0   COMPRESSED   0x00000120   Data   RW         7429    .dma_buffer         arm2.o
    0x24000500        -       0x00000918   Zero   RW          478    .bss                usart.o
    0x24000e18        -       0x0000004c   Zero   RW          774    .bss                stm32h7xx_hal_timebase_tim.o
    0x24000e64        -       0x00000040   Zero   RW         5179    .bss                queue.o
    0x24000ea4        -       0x000004c4   Zero   RW         5635    .bss                tasks.o
    0x24001368        -       0x00000118   Zero   RW         5985    .bss                timers.o
    0x24001480        -       0x000006b8   Zero   RW         6233    .bss                cmsis_os2.o
    0x24001b38        -       0x00003c00   Zero   RW         6690    .bss                heap_4.o
    0x24005738        -       0x0000000e   Zero   RW         7071    .bss                uplink_drv.o
    0x24005746        -       0x00000020   Zero   RW         7150    .bss                zdt_emm.o
    0x24005766   COMPRESSED   0x00000002   PAD
    0x24005768        -       0x000000aa   Zero   RW         7425    .bss                arm2.o
    0x24005812   COMPRESSED   0x00000002   PAD
    0x24005814        -       0x00000060   Zero   RW         7663    .bss                c_w.l(libspace.o)
    0x24005874   COMPRESSED   0x00000004   PAD
    0x24005878        -       0x00000200   Zero   RW            2    HEAP                startup_stm32h723xx.o
    0x24005a78        -       0x00000400   Zero   RW            1    STACK               startup_stm32h723xx.o


==============================================================================

Image component sizes


      Code (inc. data)   RO Data    RW Data    ZI Data      Debug   Object Name

      3520        206          0        800        170      18227   arm2.o
       442         26          0          4       1720      67575   cmsis_os2.o
       236          4          0          0          0       1022   dma.o
         0          0          0          0          0      24180   event_groups.o
        74         14         48         12          0      25862   freertos.o
       204         20          0          0          0    1164900   gpio.o
       472         28          0         28      15360       5747   heap_4.o
       138          0          0          0          0       3738   list.o
       230         10          0          0          0    1168752   main.o
      5984         98          0          0          0      38219   micro_kdl.o
       794         82          0         12          0      11865   port.o
      1010         14          0          0         64      15031   queue.o
        72         30        716          0       1536        848   startup_stm32h723xx.o
       120         28          0         12          0      22370   stm32h7xx_hal.o
       158         14          0          0          0      37902   stm32h7xx_hal_cortex.o
      6356        138          8          0          0      15009   stm32h7xx_hal_dma.o
       554         46          0          0          0       2440   stm32h7xx_hal_gpio.o
        36          4          0          0          0        934   stm32h7xx_hal_msp.o
        88          6          0          0          0        829   stm32h7xx_hal_pwr_ex.o
      2804        128          0          0          0       8709   stm32h7xx_hal_rcc.o
      3964        120          0          0          0       8321   stm32h7xx_hal_rcc_ex.o
       814         80          0          0          0       6854   stm32h7xx_hal_tim.o
         6          0          0          0          0       2320   stm32h7xx_hal_tim_ex.o
       136         22          0          0         76       1623   stm32h7xx_hal_timebase_tim.o
      4186        180         24          0          0      38920   stm32h7xx_hal_uart.o
       374          6         16          0          0       6445   stm32h7xx_hal_uart_ex.o
       240        114          0          0          0      23911   stm32h7xx_it.o
         0          0          0          0          0        392   stream_buffer.o
       244         38         16          8          0       1909   system_stm32h7xx.o
       332         82          0          0          0       1066   task_init.o
      3274        224          0         64       1220      36247   tasks.o
       856         84          0         20        280      34220   timers.o
        36          4          0          7         14       1905   uplink_drv.o
      2208        144          0          0       2328       7091   usart.o
       994         62        256        291         32      14196   zdt_emm.o

    ----------------------------------------------------------------------
     41006       2056       1116       1280      22804    2819579   Object Totals
         0          0         32          0          0          0   (incl. Generated)
        50          0          0         22          4          0   (incl. Padding)

    ----------------------------------------------------------------------

      Code (inc. data)   RO Data    RW Data    ZI Data      Debug   Library Member Name

        90          0          0          0          0          0   __dczerorl2.o
         8          0          0          0          0         68   __main.o
         0          0          0          0          0          0   __rtentry.o
        12          0          0          0          0          0   __rtentry2.o
         6          0          0          0          0          0   __rtentry4.o
        52          8          0          0          0          0   __scatter.o
        28          0          0          0          0          0   __scatter_zi.o
        22          0          0          0          0        100   _rserrno.o
        16          0          0          0          0         68   aeabi_memset.o
        18          0          0          0          0         80   exit.o
         6          0          0          0          0        152   heapauxi.o
         0          0          0          0          0          0   indicate_semi.o
         2          0          0          0          0          0   libinit.o
         6          0          0          0          0          0   libinit2.o
         2          0          0          0          0          0   libshutdown.o
         2          0          0          0          0          0   libshutdown2.o
         8          4          0          0         96         68   libspace.o
       238          0          0          0          0        100   lludivv7m.o
         8          4          0          0          0         68   rt_errno_addr_intlibspace.o
        68          0          0          0          0         68   rt_memclr.o
        78          0          0          0          0         80   rt_memclr_w.o
       138          0          0          0          0         68   rt_memcpy_v6.o
       100          0          0          0          0         80   rt_memcpy_w.o
         2          0          0          0          0          0   rtexit.o
        10          0          0          0          0          0   rtexit2.o
        12          4          0          0          0         68   sys_exit.o
        74          0          0          0          0         80   sys_stackheap_outer.o
         2          0          0          0          0         68   use_no_semi.o
        10          0          0          0          0        116   fpinit.o
         0          0          0          0          0          0   usenofp.o
       692         98          0          0          0        208   atan2f.o
       336         60          0          0          0        136   cosf.o
        38          0          0          0          0        116   fpclassifyf.o
        44         12          0          0          0        464   funder.o
       340         24         32          0          0        160   rredf.o
       404         60          0          0          0        212   sinf.o
        58          0          0          0          0        136   sqrtf.o

    ----------------------------------------------------------------------
      2942        274         32          0        100       2764   Library Totals
        12          0          0          0          4          0   (incl. Padding)

    ----------------------------------------------------------------------

      Code (inc. data)   RO Data    RW Data    ZI Data      Debug   Library Name

      1008         20          0          0         96       1216   c_w.l
        10          0          0          0          0        116   fz_wv.l
      1912        254         32          0          0       1432   m_wv.l

    ----------------------------------------------------------------------
      2942        274         32          0        100       2764   Library Totals

    ----------------------------------------------------------------------

==============================================================================


      Code (inc. data)   RO Data    RW Data    ZI Data      Debug   

     43948       2330       1148       1280      22904    2795771   Grand Totals
     43948       2330       1148         68      22904    2795771   ELF Image Totals (compressed)
     43948       2330       1148         68          0          0   ROM Totals

==============================================================================

    Total RO  Size (Code + RO Data)                45096 (  44.04kB)
    Total RW  Size (RW Data + ZI Data)             24184 (  23.62kB)
    Total ROM Size (Code + RO Data + RW Data)      45164 (  44.11kB)

==============================================================================

