Component: Arm Compiler for Embedded 6.24 Tool: armlink [5f371500]

==============================================================================

Section Cross References

    startup_stm32h723xx.o(STACK) refers (Special) to heapauxi.o(.text) for __use_two_region_memory
    startup_stm32h723xx.o(HEAP) refers (Special) to heapauxi.o(.text) for __use_two_region_memory
    startup_stm32h723xx.o(RESET) refers (Special) to heapauxi.o(.text) for __use_two_region_memory
    startup_stm32h723xx.o(RESET) refers to startup_stm32h723xx.o(STACK) for __initial_sp
    startup_stm32h723xx.o(RESET) refers to startup_stm32h723xx.o(.text) for Reset_Handler
    startup_stm32h723xx.o(RESET) refers to stm32h7xx_it.o(.text.NMI_Handler) for NMI_Handler
    startup_stm32h723xx.o(RESET) refers to stm32h7xx_it.o(.text.HardFault_Handler) for HardFault_Handler
    startup_stm32h723xx.o(RESET) refers to stm32h7xx_it.o(.text.MemManage_Handler) for MemManage_Handler
    startup_stm32h723xx.o(RESET) refers to stm32h7xx_it.o(.text.BusFault_Handler) for BusFault_Handler
    startup_stm32h723xx.o(RESET) refers to stm32h7xx_it.o(.text.UsageFault_Handler) for UsageFault_Handler
    startup_stm32h723xx.o(RESET) refers to port.o(.text.SVC_Handler) for SVC_Handler
    startup_stm32h723xx.o(RESET) refers to stm32h7xx_it.o(.text.DebugMon_Handler) for DebugMon_Handler
    startup_stm32h723xx.o(RESET) refers to port.o(.text.PendSV_Handler) for PendSV_Handler
    startup_stm32h723xx.o(RESET) refers to cmsis_os2.o(.text.SysTick_Handler) for SysTick_Handler
    startup_stm32h723xx.o(RESET) refers to stm32h7xx_it.o(.text.DMA1_Stream0_IRQHandler) for DMA1_Stream0_IRQHandler
    startup_stm32h723xx.o(RESET) refers to stm32h7xx_it.o(.text.DMA1_Stream1_IRQHandler) for DMA1_Stream1_IRQHandler
    startup_stm32h723xx.o(RESET) refers to stm32h7xx_it.o(.text.DMA1_Stream2_IRQHandler) for DMA1_Stream2_IRQHandler
    startup_stm32h723xx.o(RESET) refers to stm32h7xx_it.o(.text.DMA1_Stream3_IRQHandler) for DMA1_Stream3_IRQHandler
    startup_stm32h723xx.o(RESET) refers to stm32h7xx_it.o(.text.DMA1_Stream4_IRQHandler) for DMA1_Stream4_IRQHandler
    startup_stm32h723xx.o(RESET) refers to stm32h7xx_it.o(.text.DMA1_Stream5_IRQHandler) for DMA1_Stream5_IRQHandler
    startup_stm32h723xx.o(RESET) refers to stm32h7xx_it.o(.text.DMA1_Stream6_IRQHandler) for DMA1_Stream6_IRQHandler
    startup_stm32h723xx.o(RESET) refers to stm32h7xx_it.o(.text.FDCAN1_IT0_IRQHandler) for FDCAN1_IT0_IRQHandler
    startup_stm32h723xx.o(RESET) refers to stm32h7xx_it.o(.text.TIM1_UP_IRQHandler) for TIM1_UP_IRQHandler
    startup_stm32h723xx.o(RESET) refers to stm32h7xx_it.o(.text.USART2_IRQHandler) for USART2_IRQHandler
    startup_stm32h723xx.o(RESET) refers to stm32h7xx_it.o(.text.DMA1_Stream7_IRQHandler) for DMA1_Stream7_IRQHandler
    startup_stm32h723xx.o(RESET) refers to stm32h7xx_it.o(.text.UART4_IRQHandler) for UART4_IRQHandler
    startup_stm32h723xx.o(RESET) refers to stm32h7xx_it.o(.text.UART5_IRQHandler) for UART5_IRQHandler
    startup_stm32h723xx.o(RESET) refers to stm32h7xx_it.o(.text.DMA2_Stream0_IRQHandler) for DMA2_Stream0_IRQHandler
    startup_stm32h723xx.o(RESET) refers to stm32h7xx_it.o(.text.DMA2_Stream1_IRQHandler) for DMA2_Stream1_IRQHandler
    startup_stm32h723xx.o(RESET) refers to stm32h7xx_it.o(.text.FDCAN_CAL_IRQHandler) for FDCAN_CAL_IRQHandler
    startup_stm32h723xx.o(RESET) refers to stm32h7xx_it.o(.text.USART6_IRQHandler) for USART6_IRQHandler
    startup_stm32h723xx.o(RESET) refers to stm32h7xx_it.o(.text.UART7_IRQHandler) for UART7_IRQHandler
    startup_stm32h723xx.o(.text) refers (Special) to heapauxi.o(.text) for __use_two_region_memory
    startup_stm32h723xx.o(.text) refers to system_stm32h7xx.o(.text.ExitRun0Mode) for ExitRun0Mode
    startup_stm32h723xx.o(.text) refers to system_stm32h7xx.o(.text.SystemInit) for SystemInit
    startup_stm32h723xx.o(.text) refers to __main.o(!!!main) for __main
    startup_stm32h723xx.o(.text) refers to startup_stm32h723xx.o(HEAP) for Heap_Mem
    startup_stm32h723xx.o(.text) refers to startup_stm32h723xx.o(STACK) for Stack_Mem
    main.o(.text.main) refers to stm32h7xx_hal.o(.text.HAL_Init) for HAL_Init
    main.o(.text.main) refers to main.o(.text.SystemClock_Config) for SystemClock_Config
    main.o(.text.main) refers to main.o(.text.PeriphCommonClock_Config) for PeriphCommonClock_Config
    main.o(.text.main) refers to gpio.o(.text.MX_GPIO_Init) for MX_GPIO_Init
    main.o(.text.main) refers to dma.o(.text.MX_DMA_Init) for MX_DMA_Init
    main.o(.text.main) refers to fdcan.o(.text.MX_FDCAN1_Init) for MX_FDCAN1_Init
    main.o(.text.main) refers to fdcan.o(.text.MX_FDCAN2_Init) for MX_FDCAN2_Init
    main.o(.text.main) refers to usart.o(.text.MX_UART4_Init) for MX_UART4_Init
    main.o(.text.main) refers to usart.o(.text.MX_UART5_Init) for MX_UART5_Init
    main.o(.text.main) refers to usart.o(.text.MX_UART7_Init) for MX_UART7_Init
[...]
    xPortStartScheduler                      0x08010bc1   Thumb Code   342  port.o(.text.xPortStartScheduler)
    xPortSysTickHandler                      0x08010d19   Thumb Code    60  port.o(.text.xPortSysTickHandler)
    xQueueGenericCreate                      0x08010d59   Thumb Code   162  queue.o(.text.xQueueGenericCreate)
    xQueueGenericCreateStatic                0x08010e01   Thumb Code   200  queue.o(.text.xQueueGenericCreateStatic)
    xQueueGenericReset                       0x08010ec9   Thumb Code   264  queue.o(.text.xQueueGenericReset)
    xQueueReceive                            0x08010fd1   Thumb Code   476  queue.o(.text.xQueueReceive)
    xTaskCheckForTimeOut                     0x080111b1   Thumb Code   210  tasks.o(.text.xTaskCheckForTimeOut)
    xTaskCreate                              0x08011289   Thumb Code   166  tasks.o(.text.xTaskCreate)
    xTaskCreateStatic                        0x08011331   Thumb Code   214  tasks.o(.text.xTaskCreateStatic)
    xTaskDelayUntil                          0x08011409   Thumb Code   278  tasks.o(.text.xTaskDelayUntil)
    xTaskGetSchedulerState                   0x08011521   Thumb Code    56  tasks.o(.text.xTaskGetSchedulerState)
    xTaskGetTickCount                        0x08011559   Thumb Code    20  tasks.o(.text.xTaskGetTickCount)
    xTaskIncrementTick                       0x08011571   Thumb Code   644  tasks.o(.text.xTaskIncrementTick)
    xTaskRemoveFromEventList                 0x080117f9   Thumb Code   432  tasks.o(.text.xTaskRemoveFromEventList)
    xTaskResumeAll                           0x080119a9   Thumb Code   578  tasks.o(.text.xTaskResumeAll)
    xTimerCreateTimerTask                    0x08011bf1   Thumb Code   148  timers.o(.text.xTimerCreateTimerTask)
    _btod_d2e                                0x08011c85   Thumb Code    62  btod.o(CL$$btod_d2e)
    _d2e_denorm_low                          0x08011cc3   Thumb Code    70  btod.o(CL$$btod_d2e_denorm_low)
    _d2e_norm_op1                            0x08011d09   Thumb Code    96  btod.o(CL$$btod_d2e_norm_op1)
    __btod_div_common                        0x08011d69   Thumb Code   696  btod.o(CL$$btod_div_common)
    _e2d                                     0x080120a1   Thumb Code   122  btod.o(CL$$btod_e2d)
    _e2e                                     0x08012125   Thumb Code   220  btod.o(CL$$btod_e2e)
    _btod_ediv                               0x08012201   Thumb Code    42  btod.o(CL$$btod_ediv)
    _btod_edivd                              0x0801222b   Thumb Code    42  btod.o(CL$$btod_edivd)
    _btod_emul                               0x08012255   Thumb Code    42  btod.o(CL$$btod_emul)
    _btod_emuld                              0x0801227f   Thumb Code    42  btod.o(CL$$btod_emuld)
    __btod_mult_common                       0x080122a9   Thumb Code   580  btod.o(CL$$btod_mult_common)
    __ARM_fpclassify                         0x080124ed   Thumb Code    48  fpclassify.o(i.__ARM_fpclassify)
    __hardfp___mathlib_tofloat               0x0801251d   Thumb Code   186  narrow.o(i.__hardfp___mathlib_tofloat)
    __hardfp_atof                            0x080125e1   Thumb Code    46  atof.o(i.__hardfp_atof)
    __mathlib_dbl_overflow                   0x08012619   Thumb Code    10  dunder.o(i.__mathlib_dbl_overflow)
    __mathlib_dbl_underflow                  0x08012631   Thumb Code    10  dunder.o(i.__mathlib_dbl_underflow)
    __mathlib_narrow                         0x08012649   Thumb Code    18  narrow.o(i.__mathlib_narrow)
    __support_ldexp                          0x0801265b   Thumb Code   166  ldexp.o(i.__support_ldexp)
    _is_digit                                0x08012701   Thumb Code    14  __printf_wp.o(i._is_digit)
    frexp                                    0x08012711   Thumb Code   118  frexp.o(i.frexp)
    _get_lc_numeric                          0x0801279d   Thumb Code    44  lc_numeric_c.o(locale$$code)
    _get_lc_ctype                            0x080127c9   Thumb Code    44  lc_ctype_c.o(locale$$code)
    __fpl_dcheck_NaN1                        0x080127f5   Thumb Code    10  dcheck1.o(x$fpl$dcheck1)
    _fp_init                                 0x08012805   Thumb Code    26  fpinit.o(x$fpl$fpinit)
    __fplib_config_fpu_vfp                   0x0801281d   Thumb Code     0  fpinit.o(x$fpl$fpinit)
    __fplib_config_pureend_doubles           0x0801281d   Thumb Code     0  fpinit.o(x$fpl$fpinit)
    __ieee_status                            0x0801281f   Thumb Code     6  istatus.o(x$fpl$ieeestatus)
    _printf_fp_dec                           0x08012825   Thumb Code     4  printf1.o(x$fpl$printf1)
    _printf_fp_hex                           0x08012829   Thumb Code     4  printf2.o(x$fpl$printf2)
    __fpl_return_NaN                         0x0801282d   Thumb Code   100  retnan.o(x$fpl$retnan)
    __ARM_scalbn                             0x08012891   Thumb Code    92  scalbn.o(x$fpl$scalbn)
    _scanf_real                              0x080128ed   Thumb Code     4  scanf1.o(x$fpl$scanf1)
    _scanf_hex_real                          0x080128f1   Thumb Code     4  scanf2.o(x$fpl$scanf2)
    _scanf_infnan                            0x080128f5   Thumb Code     4  scanf2.o(x$fpl$scanf2)
    __fpl_cmpreturn                          0x080128f9   Thumb Code    48  trapv.o(x$fpl$trapveneer)
    __I$use$fp                               0x08012928   Number         0  usenofp.o(x$fpl$usenofp)
    D1CorePrescTable                         0x08012a70   Data          16  system_stm32h7xx.o(.rodata.D1CorePrescTable)
    UARTPrescTable                           0x08012a98   Data          24  stm32h7xx_hal_uart.o(.rodata.UARTPrescTable)
    defaultTask_attributes                   0x08012ab0   Data          36  freertos.o(.rodata.defaultTask_attributes)
    uxTopUsedPriority                        0x08012ba0   Data           4  tasks.o(.rodata.uxTopUsedPriority)
    Region$$Table$$Base                      0x08012ba4   Number         0  anon$$obj.o(Region$$Table)
    Region$$Table$$Limit                     0x08012bc4   Number         0  anon$$obj.o(Region$$Table)
    __aeabi_HUGE_VAL                         0x08012bc4   Data           0  fpconst.o(c$$dinf)
    __aeabi_HUGE_VALL                        0x08012bc4   Data           0  fpconst.o(c$$dinf)
    __aeabi_INFINITY                         0x08012bc4   Data           0  fpconst.o(c$$dinf)
    __dInf                                   0x08012bc4   Data           0  fpconst.o(c$$dinf)
    __huge_val                               0x08012bc4   Data           0  fpconst.o(c$$dinf)
    __dbl_max                                0x08012bcc   Data           0  fpconst.o(c$$dmax)
    __ctype                                  0x08012bfd   Data           0  lc_ctype_c.o(locale$$data)
    SystemCoreClock                          0x24000008   Data           4  system_stm32h7xx.o(.data.SystemCoreClock)
    SystemD2Clock                            0x2400000c   Data           4  system_stm32h7xx.o(.data.SystemD2Clock)
    uwTickFreq                               0x24000010   Data           1  stm32h7xx_hal.o(.data.uwTickFreq)
    uwTickPrio                               0x24000014   Data           4  stm32h7xx_hal.o(.data.uwTickPrio)
    __libspace_start                         0x24000020   Data          96  libspace.o(.bss)
    ARM2_Handle                              0x24000080   Data           4  arm2.o(.bss.ARM2_Handle)
    __temporary_stack_top$libspace           0x24000080   Data           0  libspace.o(.bss)
    Analysis_Handle                          0x24000084   Data           4  arm2.o(.bss.Analysis_Handle)
    Encoder_Now                              0x240000f0   Data          16  motor520.o(.bss.Encoder_Now)
    Encoder_Offset                           0x24000100   Data          16  motor520.o(.bss.Encoder_Offset)
    Motor1_PID                               0x24000118   Data          36  arm2.o(.bss.Motor1_PID)
    Motor2_PID                               0x2400013c   Data          36  arm2.o(.bss.Motor2_PID)
    Motor3_PID                               0x24000160   Data          36  arm2.o(.bss.Motor3_PID)
    action_semaphore                         0x24000184   Data           4  freertos.o(.bss.action_semaphore)
    defaultTaskHandle                        0x24000188   Data           4  freertos.o(.bss.defaultTaskHandle)
    g_Speed                                  0x2400018c   Data          16  motor520.o(.bss.g_Speed)
    g_recv_buff                              0x2400019c   Data         100  motor520.o(.bss.g_recv_buff)
    g_recv_buff_deal                         0x24000200   Data         100  motor520.o(.bss.g_recv_buff_deal)
    g_recv_flag                              0x24000264   Data           1  motor520.o(.bss.g_recv_flag)
    hdma_uart4_rx                            0x24000268   Data         120  usart.o(.bss.hdma_uart4_rx)
    hdma_uart4_tx                            0x240002e0   Data         120  usart.o(.bss.hdma_uart4_tx)
    hdma_uart5_rx                            0x24000358   Data         120  usart.o(.bss.hdma_uart5_rx)
    hdma_uart5_tx                            0x240003d0   Data         120  usart.o(.bss.hdma_uart5_tx)
    hdma_uart7_rx                            0x24000448   Data         120  usart.o(.bss.hdma_uart7_rx)
    hdma_uart7_tx                            0x240004c0   Data         120  usart.o(.bss.hdma_uart7_tx)
    hdma_usart2_rx                           0x24000538   Data         120  usart.o(.bss.hdma_usart2_rx)
    hdma_usart2_tx                           0x240005b0   Data         120  usart.o(.bss.hdma_usart2_tx)
    hdma_usart6_rx                           0x24000628   Data         120  usart.o(.bss.hdma_usart6_rx)
    hdma_usart6_tx                           0x240006a0   Data         120  usart.o(.bss.hdma_usart6_tx)
    hfdcan1                                  0x24000718   Data         160  fdcan.o(.bss.hfdcan1)
    hfdcan2                                  0x240007b8   Data         160  fdcan.o(.bss.hfdcan2)
    htim1                                    0x24000858   Data          76  stm32h7xx_hal_timebase_tim.o(.bss.htim1)
    huart2                                   0x240008a4   Data         148  usart.o(.bss.huart2)
    huart4                                   0x24000938   Data         148  usart.o(.bss.huart4)
    huart5                                   0x240009cc   Data         148  usart.o(.bss.huart5)
    huart6                                   0x24000a60   Data         148  usart.o(.bss.huart6)
    huart7                                   0x24000af4   Data         148  usart.o(.bss.huart7)
    motor1                                   0x24000b88   Data           8  arm2.o(.bss.motor1)
    motor2                                   0x24000b90   Data           8  arm2.o(.bss.motor2)
    motor3                                   0x24000b98   Data           8  arm2.o(.bss.motor3)
    pxCurrentTCB                             0x24000c9c   Data           4  tasks.o(.bss.pxCurrentTCB)
    remote_semaphore                         0x24001114   Data           4  freertos.o(.bss.remote_semaphore)
    send_buff                                0x24001118   Data          50  motor520.o(.bss.send_buff)
    send_buff1                               0x2400114a   Data          50  motors520.o(.bss.send_buff1)
    send_buff2                               0x2400117c   Data          50  motors520.o(.bss.send_buff2)
    send_busy                                0x240011ae   Data           1  motors520.o(.bss.send_busy)
    uart7_rx_byte                            0x240011af   Data           1  task_init.o(.bss.uart7_rx_byte)
    uwTick                                   0x24004db8   Data           4  stm32h7xx_hal.o(.bss.uwTick)
    xQueueRegistry                           0x2400550c   Data          64  queue.o(.bss.xQueueRegistry)



==============================================================================

Memory Map of the image

  Image Entry point : 0x080002cd

  Load Region LR_IROM1 (Base: 0x08000000, Size: 0x00012d20, Max: 0x00100000, ABSOLUTE)

    Execution Region ER_IROM1 (Exec base: 0x08000000, Load base: 0x08000000, Size: 0x00012d00, Max: 0x00100000, ABSOLUTE)

    Exec Addr    Load Addr    Size         Type   Attr      Idx    E Section Name        Object

    0x08000000   0x08000000   0x000002cc   Data   RO            3    RESET               startup_stm32h723xx.o
    0x080002cc   0x080002cc   0x00000008   Code   RO         2803  * !!!main             c_w.l(__main.o)
    0x080002d4   0x080002d4   0x0000005c   Code   RO         3328    !!!scatter          c_w.l(__scatter.o)
    0x08000330   0x08000330   0x0000001a   Code   RO         3332    !!handler_copy      c_w.l(__scatter_copy.o)
    0x0800034a   0x0800034a   0x00000002   PAD
    0x0800034c   0x0800034c   0x00000002   Code   RO         3329    !!handler_null      c_w.l(__scatter.o)
    0x0800034e   0x0800034e   0x00000002   PAD
    0x08000350   0x08000350   0x0000001c   Code   RO         3334    !!handler_zi        c_w.l(__scatter_zi.o)
    0x0800036c   0x0800036c   0x00000000   Code   RO         2947    .ARM.Collect$$_printf_percent$$00000000  c_w.l(_printf_percent.o)
    0x0800036c   0x0800036c   0x00000006   Code   RO         2936    .ARM.Collect$$_printf_percent$$00000001  c_w.l(_printf_n.o)
    0x08000372   0x08000372   0x00000006   Code   RO         2938    .ARM.Collect$$_printf_percent$$00000002  c_w.l(_printf_p.o)
    0x08000378   0x08000378   0x00000006   Code   RO         2943    .ARM.Collect$$_printf_percent$$00000003  c_w.l(_printf_f.o)
    0x0800037e   0x0800037e   0x00000006   Code   RO         2944    .ARM.Collect$$_printf_percent$$00000004  c_w.l(_printf_e.o)
    0x08000384   0x08000384   0x00000006   Code   RO         2945    .ARM.Collect$$_printf_percent$$00000005  c_w.l(_printf_g.o)
    0x0800038a   0x0800038a   0x00000006   Code   RO         2946    .ARM.Collect$$_printf_percent$$00000006  c_w.l(_printf_a.o)
    0x08000390   0x08000390   0x0000000a   Code   RO         2951    .ARM.Collect$$_printf_percent$$00000007  c_w.l(_printf_ll.o)
    0x0800039a   0x0800039a   0x00000006   Code   RO         2940    .ARM.Collect$$_printf_percent$$00000008  c_w.l(_printf_i.o)
    0x080003a0   0x080003a0   0x00000006   Code   RO         2941    .ARM.Collect$$_printf_percent$$00000009  c_w.l(_printf_d.o)
    0x080003a6   0x080003a6   0x00000006   Code   RO         2942    .ARM.Collect$$_printf_percent$$0000000A  c_w.l(_printf_u.o)
    0x080003ac   0x080003ac   0x00000006   Code   RO         2939    .ARM.Collect$$_printf_percent$$0000000B  c_w.l(_printf_o.o)
    0x080003b2   0x080003b2   0x00000006   Code   RO         2937    .ARM.Collect$$_printf_percent$$0000000C  c_w.l(_printf_x.o)
    0x080003b8   0x080003b8   0x00000006   Code   RO         2948    .ARM.Collect$$_printf_percent$$0000000D  c_w.l(_printf_lli.o)
    0x080003be   0x080003be   0x00000006   Code   RO         2949    .ARM.Collect$$_printf_percent$$0000000E  c_w.l(_printf_lld.o)
    0x080003c4   0x080003c4   0x00000006   Code   RO         2950    .ARM.Collect$$_printf_percent$$0000000F  c_w.l(_printf_llu.o)
    0x080003ca   0x080003ca   0x00000006   Code   RO         2955    .ARM.Collect$$_printf_percent$$00000010  c_w.l(_printf_llo.o)
    0x080003d0   0x080003d0   0x00000006   Code   RO         2956    .ARM.Collect$$_printf_percent$$00000011  c_w.l(_printf_llx.o)
    0x080003d6   0x080003d6   0x0000000a   Code   RO         2952    .ARM.Collect$$_printf_percent$$00000012  c_w.l(_printf_l.o)
    0x080003e0   0x080003e0   0x00000006   Code   RO         2934    .ARM.Collect$$_printf_percent$$00000013  c_w.l(_printf_c.o)
    0x080003e6   0x080003e6   0x00000006   Code   RO         2935    .ARM.Collect$$_printf_percent$$00000014  c_w.l(_printf_s.o)
    0x080003ec   0x080003ec   0x00000006   Code   RO         2953    .ARM.Collect$$_printf_percent$$00000015  c_w.l(_printf_lc.o)
    0x080003f2   0x080003f2   0x00000006   Code   RO         2954    .ARM.Collect$$_printf_percent$$00000016  c_w.l(_printf_ls.o)
    0x080003f8   0x080003f8   0x00000004   Code   RO         3062    .ARM.Collect$$_printf_percent$$00000017  c_w.l(_printf_percent_end.o)
    0x080003fc   0x080003fc   0x00000002   Code   RO         3138    .ARM.Collect$$libinit$$00000000  c_w.l(libinit.o)
    0x080003fe   0x080003fe   0x00000004   Code   RO         3139    .ARM.Collect$$libinit$$00000001  c_w.l(libinit2.o)
    0x08000402   0x08000402   0x00000000   Code   RO         3142    .ARM.Collect$$libinit$$00000004  c_w.l(libinit2.o)
    0x08000402   0x08000402   0x00000000   Code   RO         3144    .ARM.Collect$$libinit$$00000006  c_w.l(libinit2.o)
    0x08000402   0x08000402   0x00000000   Code   RO         3147    .ARM.Collect$$libinit$$0000000C  c_w.l(libinit2.o)
    0x08000402   0x08000402   0x00000000   Code   RO         3149    .ARM.Collect$$libinit$$0000000E  c_w.l(libinit2.o)
    0x08000402   0x08000402   0x00000000   Code   RO         3151    .ARM.Collect$$libinit$$00000010  c_w.l(libinit2.o)
    0x08000402   0x08000402   0x00000006   Code   RO         3152    .ARM.Collect$$libinit$$00000011  c_w.l(libinit2.o)
    0x08000408   0x08000408   0x00000000   Code   RO         3154    .ARM.Collect$$libinit$$00000013  c_w.l(libinit2.o)
    0x08000408   0x08000408   0x0000000c   Code   RO         3155    .ARM.Collect$$libinit$$00000014  c_w.l(libinit2.o)
    0x08000414   0x08000414   0x00000000   Code   RO         3156    .ARM.Collect$$libinit$$00000015  c_w.l(libinit2.o)
    0x08000414   0x08000414   0x00000000   Code   RO         3158    .ARM.Collect$$libinit$$00000017  c_w.l(libinit2.o)
    0x08000414   0x08000414   0x0000000a   Code   RO         3159    .ARM.Collect$$libinit$$00000018  c_w.l(libinit2.o)
    0x0800041e   0x0800041e   0x00000000   Code   RO         3160    .ARM.Collect$$libinit$$00000019  c_w.l(libinit2.o)
    0x0800041e   0x0800041e   0x00000000   Code   RO         3162    .ARM.Collect$$libinit$$0000001B  c_w.l(libinit2.o)
    0x0800041e   0x0800041e   0x00000000   Code   RO         3164    .ARM.Collect$$libinit$$0000001D  c_w.l(libinit2.o)
    0x0800041e   0x0800041e   0x00000000   Code   RO         3166    .ARM.Collect$$libinit$$0000001F  c_w.l(libinit2.o)
    0x0800041e   0x0800041e   0x00000000   Code   RO         3168    .ARM.Collect$$libinit$$00000021  c_w.l(libinit2.o)
    0x0800041e   0x0800041e   0x00000000   Code   RO         3170    .ARM.Collect$$libinit$$00000023  c_w.l(libinit2.o)
    0x0800041e   0x0800041e   0x00000000   Code   RO         3172    .ARM.Collect$$libinit$$00000025  c_w.l(libinit2.o)
    0x0800041e   0x0800041e   0x00000000   Code   RO         3174    .ARM.Collect$$libinit$$00000027  c_w.l(libinit2.o)
    0x0800041e   0x0800041e   0x00000000   Code   RO         3178    .ARM.Collect$$libinit$$0000002E  c_w.l(libinit2.o)
    0x0800041e   0x0800041e   0x00000000   Code   RO         3180    .ARM.Collect$$libinit$$00000030  c_w.l(libinit2.o)
    0x0800041e   0x0800041e   0x00000000   Code   RO         3182    .ARM.Collect$$libinit$$00000032  c_w.l(libinit2.o)
    0x0800041e   0x0800041e   0x00000000   Code   RO         3184    .ARM.Collect$$libinit$$00000034  c_w.l(libinit2.o)
    0x0800041e   0x0800041e   0x00000002   Code   RO         3185    .ARM.Collect$$libinit$$00000035  c_w.l(libinit2.o)
    0x08000420   0x08000420   0x00000002   Code   RO         3277    .ARM.Collect$$libshutdown$$00000000  c_w.l(libshutdown.o)
    0x08000422   0x08000422   0x00000000   Code   RO         3303    .ARM.Collect$$libshutdown$$00000002  c_w.l(libshutdown2.o)
    0x08000422   0x08000422   0x00000000   Code   RO         3305    .ARM.Collect$$libshutdown$$00000004  c_w.l(libshutdown2.o)
    0x08000422   0x08000422   0x00000000   Code   RO         3308    .ARM.Collect$$libshutdown$$00000007  c_w.l(libshutdown2.o)
    0x08000422   0x08000422   0x00000000   Code   RO         3311    .ARM.Collect$$libshutdown$$0000000A  c_w.l(libshutdown2.o)
    0x08000422   0x08000422   0x00000000   Code   RO         3313    .ARM.Collect$$libshutdown$$0000000C  c_w.l(libshutdown2.o)
    0x08000422   0x08000422   0x00000000   Code   RO         3316    .ARM.Collect$$libshutdown$$0000000F  c_w.l(libshutdown2.o)
    0x08000422   0x08000422   0x00000002   Code   RO         3317    .ARM.Collect$$libshutdown$$00000010  c_w.l(libshutdown2.o)
    0x08000424   0x08000424   0x00000000   Code   RO         2854    .ARM.Collect$$rtentry$$00000000  c_w.l(__rtentry.o)
    0x08000424   0x08000424   0x00000000   Code   RO         3025    .ARM.Collect$$rtentry$$00000002  c_w.l(__rtentry2.o)
    0x08000424   0x08000424   0x00000006   Code   RO         3037    .ARM.Collect$$rtentry$$00000004  c_w.l(__rtentry4.o)
    0x0800042a   0x0800042a   0x00000000   Code   RO         3027    .ARM.Collect$$rtentry$$00000009  c_w.l(__rtentry2.o)
    0x0800042a   0x0800042a   0x00000004   Code   RO         3028    .ARM.Collect$$rtentry$$0000000A  c_w.l(__rtentry2.o)
    0x0800042e   0x0800042e   0x00000000   Code   RO         3030    .ARM.Collect$$rtentry$$0000000C  c_w.l(__rtentry2.o)
    0x0800042e   0x0800042e   0x00000008   Code   RO         3031    .ARM.Collect$$rtentry$$0000000D  c_w.l(__rtentry2.o)
    0x08000436   0x08000436   0x00000002   Code   RO         3188    .ARM.Collect$$rtexit$$00000000  c_w.l(rtexit.o)
    0x08000438   0x08000438   0x00000000   Code   RO         3230    .ARM.Collect$$rtexit$$00000002  c_w.l(rtexit2.o)
    0x08000438   0x08000438   0x00000004   Code   RO         3231    .ARM.Collect$$rtexit$$00000003  c_w.l(rtexit2.o)
    0x0800043c   0x0800043c   0x00000006   Code   RO         3232    .ARM.Collect$$rtexit$$00000004  c_w.l(rtexit2.o)
    0x08000442   0x08000442   0x00000002   PAD
    0x08000444   0x08000444   0x00000048   Code   RO            4    .text               startup_stm32h723xx.o
    0x0800048c   0x0800048c   0x000000f0   Code   RO         2774    .text               c_w.l(lludivv7m.o)
    0x0800057c   0x0800057c   0x0000002c   Code   RO         2776    .text               c_w.l(sprintf.o)
    0x080005a8   0x080005a8   0x0000001a   Code   RO         2778    .text               c_w.l(atoi.o)
    0x080005c2   0x080005c2   0x00000002   PAD
    0x080005c4   0x080005c4   0x0000000c   Code   RO         2780    .text               c_w.l(strtok.o)
    0x080005d0   0x080005d0   0x00000048   Code   RO         2783    .text               c_w.l(strcpy.o)
    0x08000618   0x08000618   0x0000003e   Code   RO         2785    .text               c_w.l(strlen.o)
    0x08000656   0x08000656   0x00000096   Code   RO         2787    .text               c_w.l(strncmp.o)
    0x080006ec   0x080006ec   0x0000008a   Code   RO         2789    .text               c_w.l(rt_memcpy_v6.o)
    0x08000776   0x08000776   0x00000064   Code   RO         2791    .text               c_w.l(rt_memcpy_w.o)
    0x080007da   0x080007da   0x00000010   Code   RO         2795    .text               c_w.l(aeabi_memset4.o)
    0x080007ea   0x080007ea   0x00000044   Code   RO         2797    .text               c_w.l(rt_memclr.o)
    0x0800082e   0x0800082e   0x0000004e   Code   RO         2799    .text               c_w.l(rt_memclr_w.o)
    0x0800087c   0x0800087c   0x00000006   Code   RO         2801    .text               c_w.l(heapauxi.o)
    0x08000882   0x08000882   0x00000002   PAD
    0x08000884   0x08000884   0x00000008   Code   RO         2862    .text               c_w.l(rt_errno_addr_intlibspace.o)
    0x0800088c   0x0800088c   0x00000016   Code   RO         2864    .text               c_w.l(_rserrno.o)
    0x080008a2   0x080008a2   0x0000004e   Code   RO         2868    .text               c_w.l(_printf_pad.o)
    0x080008f0   0x080008f0   0x00000024   Code   RO         2870    .text               c_w.l(_printf_truncate.o)
    0x08000914   0x08000914   0x00000052   Code   RO         2872    .text               c_w.l(_printf_str.o)
    0x08000966   0x08000966   0x00000002   PAD
    0x08000968   0x08000968   0x00000078   Code   RO         2874    .text               c_w.l(_printf_dec.o)
    0x080009e0   0x080009e0   0x00000028   Code   RO         2876    .text               c_w.l(_printf_charcount.o)
    0x08000a08   0x08000a08   0x00000030   Code   RO         2878    .text               c_w.l(_printf_char_common.o)
    0x08000a38   0x08000a38   0x0000000a   Code   RO         2880    .text               c_w.l(_sputc.o)
    0x08000a42   0x08000a42   0x00000002   PAD
    0x08000a44   0x08000a44   0x000000bc   Code   RO         2882    .text               c_w.l(_printf_wctomb.o)
    0x08000b00   0x08000b00   0x0000007c   Code   RO         2885    .text               c_w.l(_printf_longlong_dec.o)
    0x08000b7c   0x08000b7c   0x00000070   Code   RO         2891    .text               c_w.l(_printf_oct_int_ll.o)
    0x08000bec   0x08000bec   0x00000094   Code   RO         2911    .text               c_w.l(_printf_hex_int_ll_ptr.o)
    0x08000c80   0x08000c80   0x00000188   Code   RO         2931    .text               c_w.l(__printf_flags_ss_wp.o)
    0x08000e08   0x08000e08   0x000000b0   Code   RO         2957    .text               c_w.l(strtod.o)
    0x08000eb8   0x08000eb8   0x00000070   Code   RO         2959    .text               c_w.l(strtol.o)
    0x08000f28   0x08000f28   0x00000044   Code   RO         2961    .text               c_w.l(strtok_int.o)
    0x08000f6c   0x08000f6c   0x00000008   Code   RO         3021    .text               c_w.l(libspace.o)
    0x08000f74   0x08000f74   0x00000010   Code   RO         3039    .text               c_w.l(rt_ctype_table.o)
    0x08000f84   0x08000f84   0x0000008a   Code   RO         3043    .text               c_w.l(lludiv10.o)
    0x0800100e   0x0800100e   0x00000012   Code   RO         3045    .text               c_w.l(isspace.o)
    0x08001020   0x08001020   0x000000b2   Code   RO         3047    .text               c_w.l(_printf_intcommon.o)
    0x080010d2   0x080010d2   0x0000041c   Code   RO         3049    .text               c_w.l(_printf_fp_dec.o)
    0x080014ee   0x080014ee   0x00000002   PAD
    0x080014f0   0x080014f0   0x000002fc   Code   RO         3053    .text               c_w.l(_printf_fp_hex.o)
    0x080017ec   0x080017ec   0x0000002c   Code   RO         3058    .text               c_w.l(_printf_char.o)
    0x08001818   0x08001818   0x0000002c   Code   RO         3060    .text               c_w.l(_printf_wchar.o)
    0x08001844   0x08001844   0x00000040   Code   RO         3063    .text               c_w.l(_sgetc.o)
    0x08001884   0x08001884   0x0000009e   Code   RO         3065    .text               c_w.l(_strtoul.o)
    0x08001922   0x08001922   0x00000048   Code   RO         3067    .text               c_w.l(_c16rtomb.o)
    0x0800196a   0x0800196a   0x00000020   Code   RO         3072    .text               c_w.l(strcspn.o)
    0x0800198a   0x0800198a   0x0000001c   Code   RO         3074    .text               c_w.l(strspn.o)
    0x080019a6   0x080019a6   0x0000004a   Code   RO         3080    .text               c_w.l(sys_stackheap_outer.o)
    0x080019f0   0x080019f0   0x00000008   Code   RO         3085    .text               c_w.l(rt_locale_intlibspace.o)
    0x080019f8   0x080019f8   0x00000080   Code   RO         3087    .text               c_w.l(_printf_fp_infnan.o)
    0x08001a78   0x08001a78   0x0000001c   Code   RO         3089    .text               c_w.l(_chval.o)
    0x08001a94   0x08001a94   0x000004f8   Code   RO         3091    .text               c_w.l(scanf_fp.o)
    0x08001f8c   0x08001f8c   0x000000e4   Code   RO         3095    .text               c_w.l(bigflt0.o)
    0x08002070   0x08002070   0x00000012   Code   RO         3125    .text               c_w.l(exit.o)
    0x08002082   0x08002082   0x00000006   PAD
    0x08002088   0x08002088   0x0000007c   Code   RO         3131    .text               c_w.l(strcmpv7m_pel.o)
    0x08002104   0x08002104   0x00000026   Code   RO         3192    .text               c_w.l(llshl.o)
    0x0800212a   0x0800212a   0x00000002   PAD
    0x0800212c   0x0800212c   0x0000000c   Code   RO         3225    .text               c_w.l(sys_exit.o)
    0x08002138   0x08002138   0x00000320   Code   RO         3238    .text               c_w.l(scanf_hexfp.o)
    0x08002458   0x08002458   0x00000134   Code   RO         3240    .text               c_w.l(scanf_infnan.o)
    0x0800258c   0x0800258c   0x00000002   Code   RO         3264    .text               c_w.l(use_no_semi.o)
    0x0800258e   0x0800258e   0x00000000   Code   RO         3266    .text               c_w.l(indicate_semi.o)
    0x0800258e   0x0800258e   0x00000002   PAD
    0x08002590   0x08002590   0x0000014c   Code   RO         2738    .text.ARM2          arm2.o
    0x080026dc   0x080026dc   0x00000004   PAD
    0x080026e0   0x080026e0   0x0000003e   Code   RO         2740    .text.Analysis      arm2.o
    0x0800271e   0x0800271e   0x00000002   PAD
    0x08002720   0x08002720   0x00000004   Code   RO          121    .text.BusFault_Handler  stm32h7xx_it.o
    0x08002724   0x08002724   0x00000004   PAD
    0x08002728   0x08002728   0x00000090   Code   RO         2588    .text.Contrl_Speed  motor520.o
    0x080027b8   0x080027b8   0x00000010   Code   RO          127    .text.DMA1_Stream0_IRQHandler  stm32h7xx_it.o
    0x080027c8   0x080027c8   0x00000010   Code   RO          129    .text.DMA1_Stream1_IRQHandler  stm32h7xx_it.o
    0x080027d8   0x080027d8   0x00000010   Code   RO          131    .text.DMA1_Stream2_IRQHandler  stm32h7xx_it.o
    0x080027e8   0x080027e8   0x00000010   Code   RO          133    .text.DMA1_Stream3_IRQHandler  stm32h7xx_it.o
    0x080027f8   0x080027f8   0x00000010   Code   RO          135    .text.DMA1_Stream4_IRQHandler  stm32h7xx_it.o
    0x08002808   0x08002808   0x00000010   Code   RO          137    .text.DMA1_Stream5_IRQHandler  stm32h7xx_it.o
    0x08002818   0x08002818   0x00000010   Code   RO          139    .text.DMA1_Stream6_IRQHandler  stm32h7xx_it.o
    0x08002828   0x08002828   0x00000010   Code   RO          147    .text.DMA1_Stream7_IRQHandler  stm32h7xx_it.o
    0x08002838   0x08002838   0x00000010   Code   RO          153    .text.DMA2_Stream0_IRQHandler  stm32h7xx_it.o
    0x08002848   0x08002848   0x00000010   Code   RO          155    .text.DMA2_Stream1_IRQHandler  stm32h7xx_it.o
    0x08002858   0x08002858   0x000001ca   Code   RO         1087    .text.DMA_CalcBaseAndBitshift  stm32h7xx_hal_dma.o
    0x08002a22   0x08002a22   0x00000006   PAD
    0x08002a28   0x08002a28   0x00000178   Code   RO         1089    .text.DMA_CalcDMAMUXChannelBaseAndMask  stm32h7xx_hal_dma.o
    0x08002ba0   0x08002ba0   0x0000012a   Code   RO         1091    .text.DMA_CalcDMAMUXRequestGenBaseAndMask  stm32h7xx_hal_dma.o
    0x08002cca   0x08002cca   0x00000006   PAD
    0x08002cd0   0x08002cd0   0x000000f0   Code   RO         1085    .text.DMA_CheckFifoParam  stm32h7xx_hal_dma.o
    0x08002dc0   0x08002dc0   0x00000514   Code   RO         1097    .text.DMA_SetConfig  stm32h7xx_hal_dma.o
    0x080032d4   0x080032d4   0x00000004   PAD
    0x080032d8   0x080032d8   0x000000ec   Code   RO         2594    .text.Deal_Control_Rxtemp  motor520.o
    0x080033c4   0x080033c4   0x00000004   PAD
    0x080033c8   0x080033c8   0x000002d2   Code   RO         2596    .text.Deal_data_real  motor520.o
    0x0800369a   0x0800369a   0x00000006   PAD
    0x080036a0   0x080036a0   0x00000002   Code   RO          125    .text.DebugMon_Handler  stm32h7xx_it.o
    0x080036a2   0x080036a2   0x00000006   PAD
    0x080036a8   0x080036a8   0x00000006   Code   RO           17    .text.Error_Handler  main.o
    0x080036ae   0x080036ae   0x00000002   PAD
    0x080036b0   0x080036b0   0x00000028   Code   RO         1851    .text.ExitRun0Mode  system_stm32h7xx.o
    0x080036d8   0x080036d8   0x00000010   Code   RO          141    .text.FDCAN1_IT0_IRQHandler  stm32h7xx_it.o
    0x080036e8   0x080036e8   0x0000001c   Code   RO          157    .text.FDCAN_CAL_IRQHandler  stm32h7xx_it.o
    0x08003704   0x08003704   0x00000004   PAD
    0x08003708   0x08003708   0x000002c2   Code   RO          625    .text.FDCAN_CalculateRamBlockAddresses  stm32h7xx_hal_fdcan.o
    0x080039ca   0x080039ca   0x00000006   PAD
    0x080039d0   0x080039d0   0x00000978   Code   RO         1101    .text.HAL_DMA_Abort  stm32h7xx_hal_dma.o
    0x08004348   0x08004348   0x000006aa   Code   RO         1103    .text.HAL_DMA_Abort_IT  stm32h7xx_hal_dma.o
    0x080049f2   0x080049f2   0x00000006   PAD
    0x080049f8   0x080049f8   0x000011c0   Code   RO         1107    .text.HAL_DMA_IRQHandler  stm32h7xx_hal_dma.o
    0x08005bb8   0x08005bb8   0x00000960   Code   RO         1083    .text.HAL_DMA_Init  stm32h7xx_hal_dma.o
    0x08006518   0x08006518   0x00000702   Code   RO         1099    .text.HAL_DMA_Start_IT  stm32h7xx_hal_dma.o
    0x08006c1a   0x08006c1a   0x00000006   PAD
    0x08006c20   0x08006c20   0x0000000a   Code   RO          787    .text.HAL_FDCAN_ClockCalibrationCallback  stm32h7xx_hal_fdcan.o
    0x08006c2a   0x08006c2a   0x00000006   PAD
    0x08006c30   0x08006c30   0x00000008   Code   RO          815    .text.HAL_FDCAN_ErrorCallback  stm32h7xx_hal_fdcan.o
    0x08006c38   0x08006c38   0x0000000a   Code   RO          805    .text.HAL_FDCAN_ErrorStatusCallback  stm32h7xx_hal_fdcan.o
    0x08006c42   0x08006c42   0x00000006   PAD
    0x08006c48   0x08006c48   0x00000008   Code   RO          783    .text.HAL_FDCAN_HighPriorityMessageCallback  stm32h7xx_hal_fdcan.o
    0x08006c50   0x08006c50   0x000005e2   Code   RO          781    .text.HAL_FDCAN_IRQHandler  stm32h7xx_hal_fdcan.o
    0x08007232   0x08007232   0x00000006   PAD
    0x08007238   0x08007238   0x000003e0   Code   RO          621    .text.HAL_FDCAN_Init  stm32h7xx_hal_fdcan.o
    0x08007618   0x08007618   0x00000166   Code   RO           65    .text.HAL_FDCAN_MspInit  fdcan.o
    0x0800777e   0x0800777e   0x00000002   PAD
    0x08007780   0x08007780   0x00000008   Code   RO          799    .text.HAL_FDCAN_RxBufferNewMessageCallback  stm32h7xx_hal_fdcan.o
    0x08007788   0x08007788   0x0000000a   Code   RO          791    .text.HAL_FDCAN_RxFifo0Callback  stm32h7xx_hal_fdcan.o
    0x08007792   0x08007792   0x00000006   PAD
    0x08007798   0x08007798   0x0000000a   Code   RO          793    .text.HAL_FDCAN_RxFifo1Callback  stm32h7xx_hal_fdcan.o
    0x080077a2   0x080077a2   0x00000006   PAD
    0x080077a8   0x080077a8   0x0000000a   Code   RO          813    .text.HAL_FDCAN_TT_GlobalTimeCallback  stm32h7xx_hal_fdcan.o
    0x080077b2   0x080077b2   0x00000006   PAD
    0x080077b8   0x080077b8   0x0000000a   Code   RO          807    .text.HAL_FDCAN_TT_ScheduleSyncCallback  stm32h7xx_hal_fdcan.o
    0x080077c2   0x080077c2   0x00000006   PAD
    0x080077c8   0x080077c8   0x0000000c   Code   RO          811    .text.HAL_FDCAN_TT_StopWatchCallback  stm32h7xx_hal_fdcan.o
    0x080077d4   0x080077d4   0x00000004   PAD
    0x080077d8   0x080077d8   0x0000000a   Code   RO          809    .text.HAL_FDCAN_TT_TimeMarkCallback  stm32h7xx_hal_fdcan.o
    0x080077e2   0x080077e2   0x00000006   PAD
    0x080077e8   0x080077e8   0x00000008   Code   RO          803    .text.HAL_FDCAN_TimeoutOccurredCallback  stm32h7xx_hal_fdcan.o
    0x080077f0   0x080077f0   0x00000008   Code   RO          801    .text.HAL_FDCAN_TimestampWraparoundCallback  stm32h7xx_hal_fdcan.o
    0x080077f8   0x080077f8   0x0000000a   Code   RO          785    .text.HAL_FDCAN_TxBufferAbortCallback  stm32h7xx_hal_fdcan.o
    0x08007802   0x08007802   0x00000006   PAD
    0x08007808   0x08007808   0x0000000a   Code   RO          797    .text.HAL_FDCAN_TxBufferCompleteCallback  stm32h7xx_hal_fdcan.o
    0x08007812   0x08007812   0x00000006   PAD
    0x08007818   0x08007818   0x0000000a   Code   RO          789    .text.HAL_FDCAN_TxEventFifoCallback  stm32h7xx_hal_fdcan.o
    0x08007822   0x08007822   0x00000006   PAD
    0x08007828   0x08007828   0x00000008   Code   RO          795    .text.HAL_FDCAN_TxFifoEmptyCallback  stm32h7xx_hal_fdcan.o
    0x08007830   0x08007830   0x000003c0   Code   RO         1031    .text.HAL_GPIO_Init  stm32h7xx_hal_gpio.o
    0x08007bf0   0x08007bf0   0x0000000c   Code   RO         1335    .text.HAL_GetTick   stm32h7xx_hal.o
    0x08007bfc   0x08007bfc   0x00000004   PAD
    0x08007c00   0x08007c00   0x0000001a   Code   RO         1333    .text.HAL_IncTick   stm32h7xx_hal.o
    0x08007c1a   0x08007c1a   0x00000006   PAD
    0x08007c20   0x08007c20   0x0000007a   Code   RO         1323    .text.HAL_Init      stm32h7xx_hal.o
    0x08007c9a   0x08007c9a   0x00000006   PAD
    0x08007ca0   0x08007ca0   0x000000c6   Code   RO          178    .text.HAL_InitTick  stm32h7xx_hal_timebase_tim.o
    0x08007d66   0x08007d66   0x00000002   PAD
    0x08007d68   0x08007d68   0x00000032   Code   RO          170    .text.HAL_MspInit   stm32h7xx_hal_msp.o
    0x08007d9a   0x08007d9a   0x00000006   PAD
    0x08007da0   0x08007da0   0x00000014   Code   RO          556    .text.HAL_NVIC_EnableIRQ  stm32h7xx_hal_cortex.o
    0x08007db4   0x08007db4   0x00000004   PAD
    0x08007db8   0x08007db8   0x0000002e   Code   RO          548    .text.HAL_NVIC_SetPriority  stm32h7xx_hal_cortex.o
    0x08007de6   0x08007de6   0x00000002   PAD
    0x08007de8   0x08007de8   0x00000010   Code   RO          544    .text.HAL_NVIC_SetPriorityGrouping  stm32h7xx_hal_cortex.o
    0x08007df8   0x08007df8   0x000000a2   Code   RO         1240    .text.HAL_PWREx_ConfigSupply  stm32h7xx_hal_pwr_ex.o
    0x08007e9a   0x08007e9a   0x00000006   PAD
    0x08007ea0   0x08007ea0   0x00000026   Code   RO          881    .text.HAL_RCCEx_GetD3PCLK1Freq  stm32h7xx_hal_rcc_ex.o
    0x08007ec6   0x08007ec6   0x00000002   PAD
    0x08007ec8   0x08007ec8   0x00000298   Code   RO          877    .text.HAL_RCCEx_GetPLL2ClockFreq  stm32h7xx_hal_rcc_ex.o
    0x08008160   0x08008160   0x00000298   Code   RO          879    .text.HAL_RCCEx_GetPLL3ClockFreq  stm32h7xx_hal_rcc_ex.o
    0x080083f8   0x080083f8   0x00000fec   Code   RO          865    .text.HAL_RCCEx_PeriphCLKConfig  stm32h7xx_hal_rcc_ex.o
    0x080093e4   0x080093e4   0x00000004   PAD
    0x080093e8   0x080093e8   0x00000498   Code   RO          834    .text.HAL_RCC_ClockConfig  stm32h7xx_hal_rcc.o
    0x08009880   0x08009880   0x00000088   Code   RO          852    .text.HAL_RCC_GetClockConfig  stm32h7xx_hal_rcc.o
    0x08009908   0x08009908   0x00000056   Code   RO          844    .text.HAL_RCC_GetHCLKFreq  stm32h7xx_hal_rcc.o
    0x0800995e   0x0800995e   0x00000002   PAD
    0x08009960   0x08009960   0x00000026   Code   RO          846    .text.HAL_RCC_GetPCLK1Freq  stm32h7xx_hal_rcc.o
    0x08009986   0x08009986   0x00000002   PAD
    0x08009988   0x08009988   0x00000026   Code   RO          848    .text.HAL_RCC_GetPCLK2Freq  stm32h7xx_hal_rcc.o
    0x080099ae   0x080099ae   0x00000002   PAD
    0x080099b0   0x080099b0   0x000002fc   Code   RO          836    .text.HAL_RCC_GetSysClockFreq  stm32h7xx_hal_rcc.o
    0x08009cac   0x08009cac   0x00000004   PAD
    0x08009cb0   0x08009cb0   0x00000a20   Code   RO          832    .text.HAL_RCC_OscConfig  stm32h7xx_hal_rcc.o
    0x0800a6d0   0x0800a6d0   0x000000d0   Code   RO         1802    .text.HAL_RS485Ex_Init  stm32h7xx_hal_uart_ex.o
    0x0800a7a0   0x0800a7a0   0x00000008   Code   RO          531    .text.HAL_TIMEx_Break2Callback  stm32h7xx_hal_tim_ex.o
    0x0800a7a8   0x0800a7a8   0x00000008   Code   RO          529    .text.HAL_TIMEx_BreakCallback  stm32h7xx_hal_tim_ex.o
    0x0800a7b0   0x0800a7b0   0x00000008   Code   RO          525    .text.HAL_TIMEx_CommutCallback  stm32h7xx_hal_tim_ex.o
    0x0800a7b8   0x0800a7b8   0x000000a8   Code   RO          192    .text.HAL_TIM_Base_Init  stm32h7xx_hal_tim.o
    0x0800a860   0x0800a860   0x00000008   Code   RO          194    .text.HAL_TIM_Base_MspInit  stm32h7xx_hal_tim.o
    0x0800a868   0x0800a868   0x00000128   Code   RO          206    .text.HAL_TIM_Base_Start_IT  stm32h7xx_hal_tim.o
    0x0800a990   0x0800a990   0x00000008   Code   RO          328    .text.HAL_TIM_IC_CaptureCallback  stm32h7xx_hal_tim.o
    0x0800a998   0x0800a998   0x00000250   Code   RO          326    .text.HAL_TIM_IRQHandler  stm32h7xx_hal_tim.o
    0x0800abe8   0x0800abe8   0x00000008   Code   RO          330    .text.HAL_TIM_OC_DelayElapsedCallback  stm32h7xx_hal_tim.o
    0x0800abf0   0x0800abf0   0x00000008   Code   RO          332    .text.HAL_TIM_PWM_PulseFinishedCallback  stm32h7xx_hal_tim.o
    0x0800abf8   0x0800abf8   0x00000020   Code   RO           19    .text.HAL_TIM_PeriodElapsedCallback  main.o
    0x0800ac18   0x0800ac18   0x00000008   Code   RO          336    .text.HAL_TIM_TriggerCallback  stm32h7xx_hal_tim.o
    0x0800ac20   0x0800ac20   0x0000007c   Code   RO         1824    .text.HAL_UARTEx_DisableFifoMode  stm32h7xx_hal_uart_ex.o
    0x0800ac9c   0x0800ac9c   0x00000004   PAD
    0x0800aca0   0x0800aca0   0x0000000c   Code   RO         1748    .text.HAL_UARTEx_RxEventCallback  stm32h7xx_hal_uart.o
    0x0800acac   0x0800acac   0x00000004   PAD
    0x0800acb0   0x0800acb0   0x00000008   Code   RO         1806    .text.HAL_UARTEx_RxFifoFullCallback  stm32h7xx_hal_uart_ex.o
    0x0800acb8   0x0800acb8   0x0000008c   Code   RO         1828    .text.HAL_UARTEx_SetRxFifoThreshold  stm32h7xx_hal_uart_ex.o
    0x0800ad44   0x0800ad44   0x00000004   PAD
    0x0800ad48   0x0800ad48   0x0000008c   Code   RO         1826    .text.HAL_UARTEx_SetTxFifoThreshold  stm32h7xx_hal_uart_ex.o
    0x0800add4   0x0800add4   0x00000004   PAD
    0x0800add8   0x0800add8   0x00000008   Code   RO         1808    .text.HAL_UARTEx_TxFifoEmptyCallback  stm32h7xx_hal_uart_ex.o
    0x0800ade0   0x0800ade0   0x00000008   Code   RO         1804    .text.HAL_UARTEx_WakeupCallback  stm32h7xx_hal_uart_ex.o
    0x0800ade8   0x0800ade8   0x00000034   Code   RO         2762    .text.HAL_UART_ErrorCallback  task_init.o
    0x0800ae1c   0x0800ae1c   0x00000004   PAD
    0x0800ae20   0x0800ae20   0x000006fe   Code   RO         1742    .text.HAL_UART_IRQHandler  stm32h7xx_hal_uart.o
    0x0800b51e   0x0800b51e   0x00000002   PAD
    0x0800b520   0x0800b520   0x000000aa   Code   RO         1654    .text.HAL_UART_Init  stm32h7xx_hal_uart.o
    0x0800b5ca   0x0800b5ca   0x00000006   PAD
    0x0800b5d0   0x0800b5d0   0x000006bc   Code   RO           89    .text.HAL_UART_MspInit  usart.o
    0x0800bc8c   0x0800bc8c   0x00000004   PAD
    0x0800bc90   0x0800bc90   0x000000a0   Code   RO         1690    .text.HAL_UART_Receive_IT  stm32h7xx_hal_uart.o
    0x0800bd30   0x0800bd30   0x0000003e   Code   RO         2760    .text.HAL_UART_RxCpltCallback  task_init.o
    0x0800bd6e   0x0800bd6e   0x00000002   PAD
    0x0800bd70   0x0800bd70   0x00000108   Code   RO         1694    .text.HAL_UART_Transmit_DMA  stm32h7xx_hal_uart.o
    0x0800be78   0x0800be78   0x00000074   Code   RO         2619    .text.HAL_UART_TxCpltCallback  motors520.o
    0x0800beec   0x0800beec   0x00000004   PAD
    0x0800bef0   0x0800bef0   0x00000008   Code   RO         1754    .text.HAL_UART_TxHalfCpltCallback  stm32h7xx_hal_uart.o
    0x0800bef8   0x0800bef8   0x00000004   Code   RO          117    .text.HardFault_Handler  stm32h7xx_it.o
    0x0800befc   0x0800befc   0x00000004   PAD
    0x0800bf00   0x0800bf00   0x00000050   Code   RO         2311    .text.IRQ_Context   cmsis_os2.o
    0x0800bf50   0x0800bf50   0x000000fc   Code   RO           53    .text.MX_DMA_Init   dma.o
    0x0800c04c   0x0800c04c   0x00000004   PAD
    0x0800c050   0x0800c050   0x00000076   Code   RO           61    .text.MX_FDCAN1_Init  fdcan.o
    0x0800c0c6   0x0800c0c6   0x00000002   PAD
    0x0800c0c8   0x0800c0c8   0x0000007e   Code   RO           63    .text.MX_FDCAN2_Init  fdcan.o
    0x0800c146   0x0800c146   0x00000002   PAD
    0x0800c148   0x0800c148   0x0000005a   Code   RO           37    .text.MX_FREERTOS_Init  freertos.o
    0x0800c1a2   0x0800c1a2   0x00000006   PAD
    0x0800c1a8   0x0800c1a8   0x00000116   Code   RO           29    .text.MX_GPIO_Init  gpio.o
    0x0800c2be   0x0800c2be   0x00000002   PAD
    0x0800c2c0   0x0800c2c0   0x0000008e   Code   RO           79    .text.MX_UART4_Init  usart.o
    0x0800c34e   0x0800c34e   0x00000002   PAD
    0x0800c350   0x0800c350   0x0000008e   Code   RO           81    .text.MX_UART5_Init  usart.o
    0x0800c3de   0x0800c3de   0x00000002   PAD
    0x0800c3e0   0x0800c3e0   0x0000008e   Code   RO           83    .text.MX_UART7_Init  usart.o
    0x0800c46e   0x0800c46e   0x00000002   PAD
    0x0800c470   0x0800c470   0x00000092   Code   RO           85    .text.MX_USART2_UART_Init  usart.o
    0x0800c502   0x0800c502   0x00000006   PAD
    0x0800c508   0x0800c508   0x0000008e   Code   RO           87    .text.MX_USART6_UART_Init  usart.o
    0x0800c596   0x0800c596   0x00000002   PAD
    0x0800c598   0x0800c598   0x00000004   Code   RO          119    .text.MemManage_Handler  stm32h7xx_it.o
    0x0800c59c   0x0800c59c   0x00000004   PAD
    0x0800c5a0   0x0800c5a0   0x00000004   Code   RO          115    .text.NMI_Handler   stm32h7xx_it.o
    0x0800c5a4   0x0800c5a4   0x00000004   PAD
    0x0800c5a8   0x0800c5a8   0x0000006c   Code   RO          554    .text.NVIC_EncodePriority  stm32h7xx_hal_cortex.o
    0x0800c614   0x0800c614   0x00000004   PAD
    0x0800c618   0x0800c618   0x000000f8   Code   RO         2635    .text.PID_Control2  pid_old.o
    0x0800c710   0x0800c710   0x00000064   Code   RO         2540    .text.PendSV_Handler  port.o
    0x0800c774   0x0800c774   0x00000004   PAD
    0x0800c778   0x0800c778   0x0000004a   Code   RO           15    .text.PeriphCommonClock_Config  main.o
    0x0800c7c2   0x0800c7c2   0x00000006   PAD
    0x0800c7c8   0x0800c7c8   0x000001ca   Code   RO          867    .text.RCCEx_PLL2_Config  stm32h7xx_hal_rcc_ex.o
    0x0800c992   0x0800c992   0x00000006   PAD
    0x0800c998   0x0800c998   0x000001ca   Code   RO          869    .text.RCCEx_PLL3_Config  stm32h7xx_hal_rcc_ex.o
    0x0800cb62   0x0800cb62   0x0000000e   PAD
    0x0800cb70   0x0800cb70   0x00000024   Code   RO         2524    .text.SVC_Handler   port.o
    0x0800cb94   0x0800cb94   0x00000004   PAD
    0x0800cb98   0x0800cb98   0x0000000e   Code   RO         2319    .text.SVC_Setup     cmsis_os2.o
    0x0800cba6   0x0800cba6   0x00000002   PAD
    0x0800cba8   0x0800cba8   0x00000018   Code   RO         2621    .text.Send_Motor_Array  motors520.o
    0x0800cbc0   0x0800cbc0   0x00000058   Code   RO         2617    .text.Send_Motor_Frame  motors520.o
    0x0800cc18   0x0800cc18   0x0000001a   Code   RO           39    .text.StartDefaultTask  freertos.o
    0x0800cc32   0x0800cc32   0x00000006   PAD
    0x0800cc38   0x0800cc38   0x0000001e   Code   RO         2307    .text.SysTick_Handler  cmsis_os2.o
    0x0800cc56   0x0800cc56   0x00000002   PAD
    0x0800cc58   0x0800cc58   0x000000d4   Code   RO           13    .text.SystemClock_Config  main.o
    0x0800cd2c   0x0800cd2c   0x00000004   PAD
    0x0800cd30   0x0800cd30   0x00000166   Code   RO         1847    .text.SystemInit    system_stm32h7xx.o
    0x0800ce96   0x0800ce96   0x00000002   PAD
    0x0800ce98   0x0800ce98   0x00000010   Code   RO          143    .text.TIM1_UP_IRQHandler  stm32h7xx_it.o
    0x0800cea8   0x0800cea8   0x000001c4   Code   RO          196    .text.TIM_Base_SetConfig  stm32h7xx_hal_tim.o
    0x0800d06c   0x0800d06c   0x00000004   PAD
    0x0800d070   0x0800d070   0x0000007e   Code   RO         2758    .text.Task_Init     task_init.o
    0x0800d0ee   0x0800d0ee   0x00000002   PAD
    0x0800d0f0   0x0800d0f0   0x00000010   Code   RO          149    .text.UART4_IRQHandler  stm32h7xx_it.o
    0x0800d100   0x0800d100   0x00000010   Code   RO          151    .text.UART5_IRQHandler  stm32h7xx_it.o
    0x0800d110   0x0800d110   0x00000048   Code   RO          161    .text.UART7_IRQHandler  stm32h7xx_it.o
    0x0800d158   0x0800d158   0x00000086   Code   RO         1822    .text.UARTEx_SetNbDataToProcess  stm32h7xx_hal_uart_ex.o
    0x0800d1de   0x0800d1de   0x00000002   PAD
    0x0800d1e0   0x0800d1e0   0x00000148   Code   RO         1658    .text.UART_AdvFeatureConfig  stm32h7xx_hal_uart.o
    0x0800d328   0x0800d328   0x00000146   Code   RO         1662    .text.UART_CheckIdleState  stm32h7xx_hal_uart.o
    0x0800d46e   0x0800d46e   0x00000002   PAD
    0x0800d470   0x0800d470   0x00000016   Code   RO         1744    .text.UART_DMAAbortOnError  stm32h7xx_hal_uart.o
    0x0800d486   0x0800d486   0x00000002   PAD
    0x0800d488   0x0800d488   0x00000070   Code   RO         1700    .text.UART_DMAError  stm32h7xx_hal_uart.o
    0x0800d4f8   0x0800d4f8   0x0000007a   Code   RO         1696    .text.UART_DMATransmitCplt  stm32h7xx_hal_uart.o
    0x0800d572   0x0800d572   0x00000006   PAD
    0x0800d578   0x0800d578   0x00000016   Code   RO         1698    .text.UART_DMATxHalfCplt  stm32h7xx_hal_uart.o
    0x0800d58e   0x0800d58e   0x00000002   PAD
    0x0800d590   0x0800d590   0x0000009e   Code   RO         1714    .text.UART_EndRxTransfer  stm32h7xx_hal_uart.o
    0x0800d62e   0x0800d62e   0x00000002   PAD
    0x0800d630   0x0800d630   0x00000044   Code   RO         1750    .text.UART_EndTransmit_IT  stm32h7xx_hal_uart.o
    0x0800d674   0x0800d674   0x00000004   PAD
    0x0800d678   0x0800d678   0x0000005c   Code   RO         1712    .text.UART_EndTxTransfer  stm32h7xx_hal_uart.o
    0x0800d6d4   0x0800d6d4   0x00000004   PAD
    0x0800d6d8   0x0800d6d8   0x00000184   Code   RO         1786    .text.UART_RxISR_16BIT  stm32h7xx_hal_uart.o
    0x0800d85c   0x0800d85c   0x00000004   PAD
    0x0800d860   0x0800d860   0x00000308   Code   RO         1782    .text.UART_RxISR_16BIT_FIFOEN  stm32h7xx_hal_uart.o
    0x0800db68   0x0800db68   0x00000180   Code   RO         1788    .text.UART_RxISR_8BIT  stm32h7xx_hal_uart.o
    0x0800dce8   0x0800dce8   0x00000304   Code   RO         1784    .text.UART_RxISR_8BIT_FIFOEN  stm32h7xx_hal_uart.o
    0x0800dfec   0x0800dfec   0x00000004   PAD
    0x0800dff0   0x0800dff0   0x00000a4e   Code   RO         1660    .text.UART_SetConfig  stm32h7xx_hal_uart.o
    0x0800ea3e   0x0800ea3e   0x00000002   PAD
    0x0800ea40   0x0800ea40   0x00000222   Code   RO         1692    .text.UART_Start_Receive_IT  stm32h7xx_hal_uart.o
    0x0800ec62   0x0800ec62   0x00000006   PAD
    0x0800ec68   0x0800ec68   0x0000010c   Code   RO         1676    .text.UART_WaitOnFlagUntilTimeout  stm32h7xx_hal_uart.o
    0x0800ed74   0x0800ed74   0x00000004   PAD
    0x0800ed78   0x0800ed78   0x00000010   Code   RO          145    .text.USART2_IRQHandler  stm32h7xx_it.o
    0x0800ed88   0x0800ed88   0x00000010   Code   RO          159    .text.USART6_IRQHandler  stm32h7xx_it.o
    0x0800ed98   0x0800ed98   0x00000004   Code   RO          123    .text.UsageFault_Handler  stm32h7xx_it.o
    0x0800ed9c   0x0800ed9c   0x00000004   PAD
    0x0800eda0   0x0800eda0   0x00000030   Code   RO          558    .text.__NVIC_EnableIRQ  stm32h7xx_hal_cortex.o
    0x0800edd0   0x0800edd0   0x00000010   Code   RO          550    .text.__NVIC_GetPriorityGrouping  stm32h7xx_hal_cortex.o
    0x0800ede0   0x0800ede0   0x00000042   Code   RO          552    .text.__NVIC_SetPriority  stm32h7xx_hal_cortex.o
    0x0800ee22   0x0800ee22   0x00000006   PAD
    0x0800ee28   0x0800ee28   0x00000042   Code   RO         2473    .text.__NVIC_SetPriority  cmsis_os2.o
    0x0800ee6a   0x0800ee6a   0x00000006   PAD
    0x0800ee70   0x0800ee70   0x0000003c   Code   RO          546    .text.__NVIC_SetPriorityGrouping  stm32h7xx_hal_cortex.o
    0x0800eeac   0x0800eeac   0x00000004   PAD
    0x0800eeb0   0x0800eeb0   0x00000048   Code   RO           11    .text.main          main.o
    0x0800eef8   0x0800eef8   0x00000030   Code   RO         2377    .text.osDelay       cmsis_os2.o
    0x0800ef28   0x0800ef28   0x00000052   Code   RO         2309    .text.osKernelInitialize  cmsis_os2.o
    0x0800ef7a   0x0800ef7a   0x00000006   PAD
    0x0800ef80   0x0800ef80   0x0000005c   Code   RO         2317    .text.osKernelStart  cmsis_os2.o
    0x0800efdc   0x0800efdc   0x00000004   PAD
    0x0800efe0   0x0800efe0   0x00000156   Code   RO         2341    .text.osThreadNew   cmsis_os2.o
    0x0800f136   0x0800f136   0x00000002   PAD
    0x0800f138   0x0800f138   0x000000fe   Code   RO         2092    .text.prvAddCurrentTaskToDelayedList  tasks.o
    0x0800f236   0x0800f236   0x00000002   PAD
    0x0800f238   0x0800f238   0x0000016c   Code   RO         2078    .text.prvAddNewTaskToReadyList  tasks.o
    0x0800f3a4   0x0800f3a4   0x00000004   PAD
    0x0800f3a8   0x0800f3a8   0x000000a2   Code   RO         2232    .text.prvCheckForValidListAndQueue  timers.o
    0x0800f44a   0x0800f44a   0x00000006   PAD
    0x0800f450   0x0800f450   0x0000005a   Code   RO         2198    .text.prvCheckTasksWaitingTermination  tasks.o
    0x0800f4aa   0x0800f4aa   0x00000006   PAD
    0x0800f4b0   0x0800f4b0   0x00000042   Code   RO         1965    .text.prvCopyDataFromQueue  queue.o
    0x0800f4f2   0x0800f4f2   0x00000006   PAD
    0x0800f4f8   0x0800f4f8   0x0000005e   Code   RO         2086    .text.prvDeleteTCB  tasks.o
    0x0800f556   0x0800f556   0x00000002   PAD
    0x0800f558   0x0800f558   0x00000040   Code   RO         2274    .text.prvGetNextExpireTime  timers.o
    0x0800f598   0x0800f598   0x000000ae   Code   RO         2490    .text.prvHeapInit   heap_4.o
    0x0800f646   0x0800f646   0x00000002   PAD
    0x0800f648   0x0800f648   0x00000038   Code   RO         2118    .text.prvIdleTask   tasks.o
    0x0800f680   0x0800f680   0x00000048   Code   RO         1925    .text.prvInitialiseNewQueue  queue.o
    0x0800f6c8   0x0800f6c8   0x00000124   Code   RO         2076    .text.prvInitialiseNewTask  tasks.o
    0x0800f7ec   0x0800f7ec   0x00000004   PAD
    0x0800f7f0   0x0800f7f0   0x0000008e   Code   RO         2196    .text.prvInitialiseTaskLists  tasks.o
    0x0800f87e   0x0800f87e   0x00000002   PAD
    0x0800f880   0x0800f880   0x000000c6   Code   RO         2492    .text.prvInsertBlockIntoFreeList  heap_4.o
    0x0800f946   0x0800f946   0x00000002   PAD
    0x0800f948   0x0800f948   0x00000086   Code   RO         2288    .text.prvInsertTimerInActiveList  timers.o
    0x0800f9ce   0x0800f9ce   0x00000002   PAD
    0x0800f9d0   0x0800f9d0   0x00000028   Code   RO         1967    .text.prvIsQueueEmpty  queue.o
    0x0800f9f8   0x0800f9f8   0x00000028   Code   RO         2532    .text.prvPortStartFirstTask  port.o
    0x0800fa20   0x0800fa20   0x00000054   Code   RO         2282    .text.prvProcessExpiredTimer  timers.o
    0x0800fa74   0x0800fa74   0x00000004   PAD
    0x0800fa78   0x0800fa78   0x00000180   Code   RO         2278    .text.prvProcessReceivedCommands  timers.o
    0x0800fbf8   0x0800fbf8   0x0000009a   Code   RO         2276    .text.prvProcessTimerOrBlockTask  timers.o
    0x0800fc92   0x0800fc92   0x00000006   PAD
    0x0800fc98   0x0800fc98   0x00000034   Code   RO         2286    .text.prvReloadTimer  timers.o
    0x0800fccc   0x0800fccc   0x00000004   PAD
    0x0800fcd0   0x0800fcd0   0x0000003c   Code   RO         2084    .text.prvResetNextTaskUnblockTime  tasks.o
    0x0800fd0c   0x0800fd0c   0x00000004   PAD
    0x0800fd10   0x0800fd10   0x00000044   Code   RO         2280    .text.prvSampleTimeNow  timers.o
    0x0800fd54   0x0800fd54   0x00000004   PAD
    0x0800fd58   0x0800fd58   0x00000052   Code   RO         2284    .text.prvSwitchTimerLists  timers.o
    0x0800fdaa   0x0800fdaa   0x00000006   PAD
    0x0800fdb0   0x0800fdb0   0x0000004c   Code   RO         2522    .text.prvTaskExitError  port.o
    0x0800fdfc   0x0800fdfc   0x00000004   PAD
    0x0800fe00   0x0800fe00   0x0000001e   Code   RO         2234    .text.prvTimerTask  timers.o
    0x0800fe1e   0x0800fe1e   0x00000002   PAD
    0x0800fe20   0x0800fe20   0x000000ae   Code   RO         1957    .text.prvUnlockQueue  queue.o
    0x0800fece   0x0800fece   0x00000002   PAD
    0x0800fed0   0x0800fed0   0x000001ee   Code   RO         2488    .text.pvPortMalloc  heap_4.o
    0x080100be   0x080100be   0x00000002   PAD
    0x080100c0   0x080100c0   0x0000005e   Code   RO         2520    .text.pxPortInitialiseStack  port.o
    0x0801011e   0x0801011e   0x00000002   PAD
    0x08010120   0x08010120   0x00000036   Code   RO         2576    .text.send_motor_deadzone  motor520.o
    0x08010156   0x08010156   0x00000002   PAD
    0x08010158   0x08010158   0x00000036   Code   RO         2574    .text.send_motor_type  motor520.o
    0x0801018e   0x0801018e   0x00000002   PAD
    0x08010190   0x08010190   0x00000036   Code   RO         2578    .text.send_pulse_line  motor520.o
    0x080101c6   0x080101c6   0x00000002   PAD
    0x080101c8   0x080101c8   0x00000036   Code   RO         2580    .text.send_pulse_phase  motor520.o
    0x080101fe   0x080101fe   0x00000002   PAD
    0x08010200   0x08010200   0x00000056   Code   RO         2586    .text.send_upload_data  motor520.o
    0x08010256   0x08010256   0x00000002   PAD
    0x08010258   0x08010258   0x0000003e   Code   RO         2582    .text.send_wheel_diameter  motor520.o
    0x08010296   0x08010296   0x00000002   PAD
    0x08010298   0x08010298   0x00000046   Code   RO         2592    .text.splitString   motor520.o
    0x080102de   0x080102de   0x00000002   PAD
    0x080102e0   0x080102e0   0x00000048   Code   RO         1912    .text.uxListRemove  list.o
    0x08010328   0x08010328   0x0000002a   Code   RO         2469    .text.vApplicationGetIdleTaskMemory  cmsis_os2.o
    0x08010352   0x08010352   0x00000006   PAD
    0x08010358   0x08010358   0x0000002c   Code   RO         2471    .text.vApplicationGetTimerTaskMemory  cmsis_os2.o
    0x08010384   0x08010384   0x00000004   PAD
    0x08010388   0x08010388   0x0000002e   Code   RO         1904    .text.vListInitialise  list.o
    0x080103b6   0x080103b6   0x00000002   PAD
    0x080103b8   0x080103b8   0x0000000e   Code   RO         1906    .text.vListInitialiseItem  list.o
    0x080103c6   0x080103c6   0x00000002   PAD
    0x080103c8   0x080103c8   0x0000006a   Code   RO         1910    .text.vListInsert   list.o
    0x08010432   0x08010432   0x00000006   PAD
    0x08010438   0x08010438   0x0000003a   Code   RO         1908    .text.vListInsertEnd  list.o
    0x08010472   0x08010472   0x00000006   PAD
    0x08010478   0x08010478   0x00000014   Code   RO         2530    .text.vPortEnableVFP  port.o
    0x0801048c   0x0801048c   0x00000004   PAD
    0x08010490   0x08010490   0x00000056   Code   RO         2536    .text.vPortEnterCritical  port.o
    0x080104e6   0x080104e6   0x00000002   PAD
    0x080104e8   0x080104e8   0x0000004a   Code   RO         2538    .text.vPortExitCritical  port.o
    0x08010532   0x08010532   0x00000006   PAD
    0x08010538   0x08010538   0x000000ba   Code   RO         2494    .text.vPortFree     heap_4.o
    0x080105f2   0x080105f2   0x00000006   PAD
    0x080105f8   0x080105f8   0x00000044   Code   RO         2528    .text.vPortSetupTimerInterrupt  port.o
    0x0801063c   0x0801063c   0x00000004   PAD
    0x08010640   0x08010640   0x000000b6   Code   RO         2001    .text.vQueueAddToRegistry  queue.o
    0x080106f6   0x080106f6   0x00000002   PAD
    0x080106f8   0x080106f8   0x00000064   Code   RO         2005    .text.vQueueWaitForMessageRestricted  queue.o
    0x0801075c   0x0801075c   0x00000004   PAD
    0x08010760   0x08010760   0x0000006e   Code   RO         2096    .text.vTaskDelay    tasks.o
    0x080107ce   0x080107ce   0x00000002   PAD
    0x080107d0   0x080107d0   0x00000122   Code   RO         2082    .text.vTaskDelete   tasks.o
    0x080108f2   0x080108f2   0x00000006   PAD
    0x080108f8   0x080108f8   0x00000024   Code   RO         2152    .text.vTaskInternalSetTimeOutState  tasks.o
    0x0801091c   0x0801091c   0x00000004   PAD
    0x08010920   0x08010920   0x0000000e   Code   RO         2156    .text.vTaskMissedYield  tasks.o
    0x0801092e   0x0801092e   0x00000002   PAD
    0x08010930   0x08010930   0x00000042   Code   RO         2140    .text.vTaskPlaceOnEventList  tasks.o
    0x08010972   0x08010972   0x00000006   PAD
    0x08010978   0x08010978   0x00000080   Code   RO         2144    .text.vTaskPlaceOnEventListRestricted  tasks.o
    0x080109f8   0x080109f8   0x000000e2   Code   RO         2116    .text.vTaskStartScheduler  tasks.o
    0x08010ada   0x08010ada   0x00000006   PAD
    0x08010ae0   0x08010ae0   0x00000010   Code   RO         2090    .text.vTaskSuspendAll  tasks.o
    0x08010af0   0x08010af0   0x000000cc   Code   RO         2108    .text.vTaskSwitchContext  tasks.o
    0x08010bbc   0x08010bbc   0x00000004   PAD
    0x08010bc0   0x08010bc0   0x00000156   Code   RO         2526    .text.xPortStartScheduler  port.o
    0x08010d16   0x08010d16   0x00000002   PAD
    0x08010d18   0x08010d18   0x0000003c   Code   RO         2542    .text.xPortSysTickHandler  port.o
    0x08010d54   0x08010d54   0x00000004   PAD
    0x08010d58   0x08010d58   0x000000a2   Code   RO         1929    .text.xQueueGenericCreate  queue.o
    0x08010dfa   0x08010dfa   0x00000006   PAD
    0x08010e00   0x08010e00   0x000000c8   Code   RO         1923    .text.xQueueGenericCreateStatic  queue.o
    0x08010ec8   0x08010ec8   0x00000108   Code   RO         1921    .text.xQueueGenericReset  queue.o
    0x08010fd0   0x08010fd0   0x000001dc   Code   RO         1963    .text.xQueueReceive  queue.o
    0x080111ac   0x080111ac   0x00000004   PAD
    0x080111b0   0x080111b0   0x000000d2   Code   RO         2154    .text.xTaskCheckForTimeOut  tasks.o
    0x08011282   0x08011282   0x00000006   PAD
    0x08011288   0x08011288   0x000000a6   Code   RO         2080    .text.xTaskCreate   tasks.o
    0x0801132e   0x0801132e   0x00000002   PAD
    0x08011330   0x08011330   0x000000d6   Code   RO         2074    .text.xTaskCreateStatic  tasks.o
    0x08011406   0x08011406   0x00000002   PAD
    0x08011408   0x08011408   0x00000116   Code   RO         2088    .text.xTaskDelayUntil  tasks.o
    0x0801151e   0x0801151e   0x00000002   PAD
    0x08011520   0x08011520   0x00000038   Code   RO         2170    .text.xTaskGetSchedulerState  tasks.o
    0x08011558   0x08011558   0x00000014   Code   RO         2124    .text.xTaskGetTickCount  tasks.o
    0x0801156c   0x0801156c   0x00000004   PAD
    0x08011570   0x08011570   0x00000284   Code   RO         2122    .text.xTaskIncrementTick  tasks.o
    0x080117f4   0x080117f4   0x00000004   PAD
    0x080117f8   0x080117f8   0x000001b0   Code   RO         2146    .text.xTaskRemoveFromEventList  tasks.o
    0x080119a8   0x080119a8   0x00000242   Code   RO         2094    .text.xTaskResumeAll  tasks.o
    0x08011bea   0x08011bea   0x00000006   PAD
    0x08011bf0   0x08011bf0   0x00000094   Code   RO         2230    .text.xTimerCreateTimerTask  timers.o
    0x08011c84   0x08011c84   0x0000003e   Code   RO         3098    CL$$btod_d2e        c_w.l(btod.o)
    0x08011cc2   0x08011cc2   0x00000046   Code   RO         3100    CL$$btod_d2e_denorm_low  c_w.l(btod.o)
    0x08011d08   0x08011d08   0x00000060   Code   RO         3099    CL$$btod_d2e_norm_op1  c_w.l(btod.o)
    0x08011d68   0x08011d68   0x00000338   Code   RO         3108    CL$$btod_div_common  c_w.l(btod.o)
    0x080120a0   0x080120a0   0x00000084   Code   RO         3106    CL$$btod_e2d        c_w.l(btod.o)
    0x08012124   0x08012124   0x000000dc   Code   RO         3105    CL$$btod_e2e        c_w.l(btod.o)
    0x08012200   0x08012200   0x0000002a   Code   RO         3102    CL$$btod_ediv       c_w.l(btod.o)
    0x0801222a   0x0801222a   0x0000002a   Code   RO         3104    CL$$btod_edivd      c_w.l(btod.o)
    0x08012254   0x08012254   0x0000002a   Code   RO         3101    CL$$btod_emul       c_w.l(btod.o)
    0x0801227e   0x0801227e   0x0000002a   Code   RO         3103    CL$$btod_emuld      c_w.l(btod.o)
    0x080122a8   0x080122a8   0x00000244   Code   RO         3107    CL$$btod_mult_common  c_w.l(btod.o)
    0x080124ec   0x080124ec   0x00000030   Code   RO         3078    i.__ARM_fpclassify  m_wv.l(fpclassify.o)
    0x0801251c   0x0801251c   0x000000c4   Code   RO         3217    i.__hardfp___mathlib_tofloat  m_wv.l(narrow.o)
    0x080125e0   0x080125e0   0x00000038   Code   RO         2824    i.__hardfp_atof     m_wv.l(atof.o)
    0x08012618   0x08012618   0x00000018   Code   RO         2983    i.__mathlib_dbl_overflow  m_wv.l(dunder.o)
    0x08012630   0x08012630   0x00000018   Code   RO         2985    i.__mathlib_dbl_underflow  m_wv.l(dunder.o)
    0x08012648   0x08012648   0x00000012   Code   RO         3218    i.__mathlib_narrow  m_wv.l(narrow.o)
    0x0801265a   0x0801265a   0x000000a6   Code   RO         3280    i.__support_ldexp   m_wv.l(ldexp.o)
    0x08012700   0x08012700   0x0000000e   Code   RO         2924    i._is_digit         c_w.l(__printf_wp.o)
    0x0801270e   0x0801270e   0x00000002   PAD
    0x08012710   0x08012710   0x0000008c   Code   RO         3252    i.frexp             m_wv.l(frexp.o)
    0x0801279c   0x0801279c   0x0000002c   Code   RO         3070    locale$$code        c_w.l(lc_numeric_c.o)
    0x080127c8   0x080127c8   0x0000002c   Code   RO         3123    locale$$code        c_w.l(lc_ctype_c.o)
    0x080127f4   0x080127f4   0x00000010   Code   RO         3320    x$fpl$dcheck1       fz_wv.l(dcheck1.o)
    0x08012804   0x08012804   0x0000001a   Code   RO         3209    x$fpl$fpinit        fz_wv.l(fpinit.o)
    0x0801281e   0x0801281e   0x00000006   Code   RO         3186    x$fpl$ieeestatus    fz_wv.l(istatus.o)
    0x08012824   0x08012824   0x00000004   Code   RO         2963    x$fpl$printf1       fz_wv.l(printf1.o)
    0x08012828   0x08012828   0x00000004   Code   RO         2965    x$fpl$printf2       fz_wv.l(printf2.o)
    0x0801282c   0x0801282c   0x00000064   Code   RO         3322    x$fpl$retnan        fz_wv.l(retnan.o)
    0x08012890   0x08012890   0x0000005c   Code   RO         3318    x$fpl$scalbn        fz_wv.l(scalbn.o)
    0x080128ec   0x080128ec   0x00000004   Code   RO         3076    x$fpl$scanf1        fz_wv.l(scanf1.o)
    0x080128f0   0x080128f0   0x00000008   Code   RO         3211    x$fpl$scanf2        fz_wv.l(scanf2.o)
    0x080128f8   0x080128f8   0x00000030   Code   RO         3324    x$fpl$trapveneer    fz_wv.l(trapv.o)
    0x08012928   0x08012928   0x00000000   Code   RO         2971    x$fpl$usenofp       fz_wv.l(usenofp.o)
    0x08012928   0x08012928   0x00000008   Data   RO         2883    .constdata          c_w.l(_printf_wctomb.o)
    0x08012930   0x08012930   0x00000028   Data   RO         2912    .constdata          c_w.l(_printf_hex_int_ll_ptr.o)
    0x08012958   0x08012958   0x00000011   Data   RO         2932    .constdata          c_w.l(__printf_flags_ss_wp.o)
    0x08012969   0x08012969   0x00000026   Data   RO         3054    .constdata          c_w.l(_printf_fp_hex.o)
    0x0801298f   0x0801298f   0x00000001   PAD
    0x08012990   0x08012990   0x00000094   Data   RO         3096    .constdata          c_w.l(bigflt0.o)
    0x08012a24   0x08012a24   0x0000004c   Data   RO          821    .rodata..L__const.HAL_FDCAN_Init.CvtEltSize  stm32h7xx_hal_fdcan.o
    0x08012a70   0x08012a70   0x00000010   Data   RO         1855    .rodata.D1CorePrescTable  system_stm32h7xx.o
    0x08012a80   0x08012a80   0x00000008   Data   RO         1117    .rodata.DMA_CalcBaseAndBitshift.flagBitshiftOffset  stm32h7xx_hal_dma.o
    0x08012a88   0x08012a88   0x00000008   Data   RO         1839    .rodata.UARTEx_SetNbDataToProcess.denominator  stm32h7xx_hal_uart_ex.o
    0x08012a90   0x08012a90   0x00000008   Data   RO         1838    .rodata.UARTEx_SetNbDataToProcess.numerator  stm32h7xx_hal_uart_ex.o
    0x08012a98   0x08012a98   0x00000018   Data   RO         1794    .rodata.UARTPrescTable  stm32h7xx_hal_uart.o
    0x08012ab0   0x08012ab0   0x00000024   Data   RO           42    .rodata.defaultTask_attributes  freertos.o
    0x08012ad4   0x08012ad4   0x0000000c   Data   RO           41    .rodata.str1.1      freertos.o
    0x08012ae0   0x08012ae0   0x00000005   Data   RO         2216    .rodata.str1.1      tasks.o
    0x08012ae5   0x08012ae5   0x0000000d   Data   RO         2291    .rodata.str1.1      timers.o
    0x08012af2   0x08012af2   0x0000009f   Data   RO         2599    .rodata.str1.1      motor520.o
    0x08012b91   0x08012b91   0x0000000e   Data   RO         2765    .rodata.str1.1      task_init.o
    0x08012b9f   0x08012b9f   0x00000001   PAD
    0x08012ba0   0x08012ba0   0x00000004   Data   RO         2201    .rodata.uxTopUsedPriority  tasks.o
    0x08012ba4   0x08012ba4   0x00000020   Data   RO         3327    Region$$Table       anon$$obj.o
    0x08012bc4   0x08012bc4   0x00000008   Data   RO         3205    c$$dinf             fz_wv.l(fpconst.o)
    0x08012bcc   0x08012bcc   0x00000008   Data   RO         3208    c$$dmax             fz_wv.l(fpconst.o)
    0x08012bd4   0x08012bd4   0x0000001c   Data   RO         3069    locale$$data        c_w.l(lc_numeric_c.o)
    0x08012bf0   0x08012bf0   0x00000110   Data   RO         3122    locale$$data        c_w.l(lc_ctype_c.o)


    Execution Region RW_IRAM1 (Exec base: 0x20000000, Load base: 0x08012d00, Size: 0x00000000, Max: 0x00020000, ABSOLUTE)

    **** No section assigned to this execution region ****


    Execution Region RW_IRAM2 (Exec base: 0x24000000, Load base: 0x08012d00, Size: 0x00005b90, Max: 0x00050000, ABSOLUTE)

    Exec Addr    Load Addr    Size         Type   Attr      Idx    E Section Name        Object

    0x24000000   0x08012d00   0x00000004   Data   RW         2781    .data               c_w.l(strtok.o)
    0x24000004   0x08012d04   0x00000004   Data   RW         2600    .data.Contrl_Speed.current_buf  motor520.o
    0x24000008   0x08012d08   0x00000004   Data   RW         1853    .data.SystemCoreClock  system_stm32h7xx.o
    0x2400000c   0x08012d0c   0x00000004   Data   RW         1854    .data.SystemD2Clock  system_stm32h7xx.o
    0x24000010   0x08012d10   0x00000001   Data   RW         1432    .data.uwTickFreq    stm32h7xx_hal.o
    0x24000011   0x08012d11   0x00000003   PAD
    0x24000014   0x08012d14   0x00000004   Data   RW         1431    .data.uwTickPrio    stm32h7xx_hal.o
    0x24000018   0x08012d18   0x00000004   Data   RW         2548    .data.uxCriticalNesting  port.o
    0x2400001c   0x08012d1c   0x00000004   PAD
    0x24000020        -       0x00000060   Zero   RW         3022    .bss                c_w.l(libspace.o)
    0x24000080        -       0x00000004   Zero   RW         2749    .bss.ARM2_Handle    arm2.o
    0x24000084        -       0x00000004   Zero   RW         2750    .bss.Analysis_Handle  arm2.o
    0x24000088        -       0x00000001   Zero   RW         2602    .bss.Deal_Control_Rxtemp.start_flag  motor520.o
    0x24000089        -       0x00000001   Zero   RW         2601    .bss.Deal_Control_Rxtemp.step  motor520.o
    0x2400008a        -       0x00000064   Zero   RW         2606    .bss.Deal_data_real.data  motor520.o
    0x240000ee   0x08012d1c   0x00000002   PAD
    0x240000f0        -       0x00000010   Zero   RW         2607    .bss.Encoder_Now    motor520.o
    0x24000100        -       0x00000010   Zero   RW         2608    .bss.Encoder_Offset  motor520.o
    0x24000110        -       0x00000004   Zero   RW           71    .bss.HAL_RCC_FDCAN_CLK_ENABLED  fdcan.o
    0x24000114        -       0x00000004   Zero   RW         2475    .bss.KernelState    cmsis_os2.o
    0x24000118        -       0x00000024   Zero   RW         2744    .bss.Motor1_PID     arm2.o
    0x2400013c        -       0x00000024   Zero   RW         2746    .bss.Motor2_PID     arm2.o
    0x24000160        -       0x00000024   Zero   RW         2748    .bss.Motor3_PID     arm2.o
    0x24000184        -       0x00000004   Zero   RW           44    .bss.action_semaphore  freertos.o
    0x24000188        -       0x00000004   Zero   RW           45    .bss.defaultTaskHandle  freertos.o
    0x2400018c        -       0x00000010   Zero   RW         2609    .bss.g_Speed        motor520.o
    0x2400019c        -       0x00000064   Zero   RW         2603    .bss.g_recv_buff    motor520.o
    0x24000200        -       0x00000064   Zero   RW         2605    .bss.g_recv_buff_deal  motor520.o
    0x24000264        -       0x00000001   Zero   RW         2604    .bss.g_recv_flag    motor520.o
    0x24000265   0x08012d1c   0x00000003   PAD
    0x24000268        -       0x00000078   Zero   RW           98    .bss.hdma_uart4_rx  usart.o
    0x240002e0        -       0x00000078   Zero   RW           99    .bss.hdma_uart4_tx  usart.o
    0x24000358        -       0x00000078   Zero   RW          100    .bss.hdma_uart5_rx  usart.o
    0x240003d0        -       0x00000078   Zero   RW          101    .bss.hdma_uart5_tx  usart.o
    0x24000448        -       0x00000078   Zero   RW          102    .bss.hdma_uart7_rx  usart.o
    0x240004c0        -       0x00000078   Zero   RW          103    .bss.hdma_uart7_tx  usart.o
    0x24000538        -       0x00000078   Zero   RW          104    .bss.hdma_usart2_rx  usart.o
    0x240005b0        -       0x00000078   Zero   RW          105    .bss.hdma_usart2_tx  usart.o
    0x24000628        -       0x00000078   Zero   RW          107    .bss.hdma_usart6_rx  usart.o
    0x240006a0        -       0x00000078   Zero   RW          106    .bss.hdma_usart6_tx  usart.o
    0x24000718        -       0x000000a0   Zero   RW           69    .bss.hfdcan1        fdcan.o
    0x240007b8        -       0x000000a0   Zero   RW           70    .bss.hfdcan2        fdcan.o
    0x24000858        -       0x0000004c   Zero   RW          184    .bss.htim1          stm32h7xx_hal_timebase_tim.o
    0x240008a4        -       0x00000094   Zero   RW           96    .bss.huart2         usart.o
    0x24000938        -       0x00000094   Zero   RW           93    .bss.huart4         usart.o
    0x240009cc        -       0x00000094   Zero   RW           94    .bss.huart5         usart.o
    0x24000a60        -       0x00000094   Zero   RW           97    .bss.huart6         usart.o
    0x24000af4        -       0x00000094   Zero   RW           95    .bss.huart7         usart.o
    0x24000b88        -       0x00000008   Zero   RW         2743    .bss.motor1         arm2.o
    0x24000b90        -       0x00000008   Zero   RW         2745    .bss.motor2         arm2.o
    0x24000b98        -       0x00000008   Zero   RW         2747    .bss.motor3         arm2.o
    0x24000ba0        -       0x00000004   Zero   RW         2624    .bss.pending_buf    motors520.o
    0x24000ba4        -       0x00000002   Zero   RW         2625    .bss.pending_len    motors520.o
    0x24000ba6        -       0x000000a0   Zero   RW         2299    .bss.prvCheckForValidListAndQueue.ucStaticTimerQueueStorage  timers.o
    0x24000c46   0x08012d1c   0x00000002   PAD
    0x24000c48        -       0x00000050   Zero   RW         2298    .bss.prvCheckForValidListAndQueue.xStaticTimerQueue  timers.o
    0x24000c98        -       0x00000004   Zero   RW         2295    .bss.prvSampleTimeNow.xLastTime  timers.o
    0x24000c9c        -       0x00000004   Zero   RW         2200    .bss.pxCurrentTCB   tasks.o
    0x24000ca0        -       0x00000004   Zero   RW         2293    .bss.pxCurrentTimerList  timers.o
    0x24000ca4        -       0x00000004   Zero   RW         2209    .bss.pxDelayedTaskList  tasks.o
    0x24000ca8        -       0x00000004   Zero   RW         2506    .bss.pxEnd          heap_4.o
    0x24000cac        -       0x00000004   Zero   RW         2210    .bss.pxOverflowDelayedTaskList  tasks.o
    0x24000cb0        -       0x00000004   Zero   RW         2294    .bss.pxOverflowTimerList  timers.o
    0x24000cb4        -       0x00000460   Zero   RW         2213    .bss.pxReadyTasksLists  tasks.o
    0x24001114        -       0x00000004   Zero   RW           43    .bss.remote_semaphore  freertos.o
    0x24001118        -       0x00000032   Zero   RW         2598    .bss.send_buff      motor520.o
    0x2400114a        -       0x00000032   Zero   RW         2626    .bss.send_buff1     motors520.o
    0x2400117c        -       0x00000032   Zero   RW         2627    .bss.send_buff2     motors520.o
    0x240011ae        -       0x00000001   Zero   RW         2623    .bss.send_busy      motors520.o
    0x240011af        -       0x00000001   Zero   RW         2764    .bss.uart7_rx_byte  task_init.o
    0x240011b0        -       0x00003c00   Zero   RW         2512    .bss.ucHeap         heap_4.o
    0x24004db0        -       0x00000001   Zero   RW         2546    .bss.ucMaxSysCallPriority  port.o
    0x24004db1   0x08012d1c   0x00000003   PAD
    0x24004db4        -       0x00000004   Zero   RW         2547    .bss.ulMaxPRIGROUPValue  port.o
    0x24004db8        -       0x00000004   Zero   RW         1433    .bss.uwTick         stm32h7xx_hal.o
    0x24004dbc        -       0x00000004   Zero   RW         2205    .bss.uxCurrentNumberOfTasks  tasks.o
    0x24004dc0        -       0x00000004   Zero   RW         2204    .bss.uxDeletedTasksWaitingCleanUp  tasks.o
    0x24004dc4        -       0x00000004   Zero   RW         2207    .bss.uxSchedulerSuspended  tasks.o
    0x24004dc8        -       0x00000004   Zero   RW         2202    .bss.uxTaskNumber   tasks.o
    0x24004dcc        -       0x00000004   Zero   RW         2214    .bss.uxTopReadyPriority  tasks.o
    0x24004dd0        -       0x00000200   Zero   RW         2478    .bss.vApplicationGetIdleTaskMemory.Idle_Stack  cmsis_os2.o
    0x24004fd0        -       0x0000005c   Zero   RW         2477    .bss.vApplicationGetIdleTaskMemory.Idle_TCB  cmsis_os2.o
    0x2400502c        -       0x00000400   Zero   RW         2480    .bss.vApplicationGetTimerTaskMemory.Timer_Stack  cmsis_os2.o
    0x2400542c        -       0x0000005c   Zero   RW         2479    .bss.vApplicationGetTimerTaskMemory.Timer_TCB  cmsis_os2.o
    0x24005488        -       0x00000014   Zero   RW         2296    .bss.xActiveTimerList1  timers.o
    0x2400549c        -       0x00000014   Zero   RW         2297    .bss.xActiveTimerList2  timers.o
    0x240054b0        -       0x00000014   Zero   RW         2221    .bss.xDelayedTaskList1  tasks.o
    0x240054c4        -       0x00000014   Zero   RW         2222    .bss.xDelayedTaskList2  tasks.o
    0x240054d8        -       0x00000004   Zero   RW         2507    .bss.xFreeBytesRemaining  heap_4.o
    0x240054dc        -       0x00000004   Zero   RW         2217    .bss.xIdleTaskHandle  tasks.o
    0x240054e0        -       0x00000004   Zero   RW         2509    .bss.xMinimumEverFreeBytesRemaining  heap_4.o
    0x240054e4        -       0x00000004   Zero   RW         2218    .bss.xNextTaskUnblockTime  tasks.o
    0x240054e8        -       0x00000004   Zero   RW         2220    .bss.xNumOfOverflows  tasks.o
    0x240054ec        -       0x00000004   Zero   RW         2510    .bss.xNumberOfSuccessfulAllocations  heap_4.o
    0x240054f0        -       0x00000004   Zero   RW         2511    .bss.xNumberOfSuccessfulFrees  heap_4.o
    0x240054f4        -       0x00000004   Zero   RW         2219    .bss.xPendedTicks   tasks.o
    0x240054f8        -       0x00000014   Zero   RW         2211    .bss.xPendingReadyList  tasks.o
    0x2400550c        -       0x00000040   Zero   RW         2007    .bss.xQueueRegistry  queue.o
    0x2400554c        -       0x00000004   Zero   RW         2206    .bss.xSchedulerRunning  tasks.o
    0x24005550        -       0x00000008   Zero   RW         2508    .bss.xStart         heap_4.o
    0x24005558        -       0x00000014   Zero   RW         2212    .bss.xSuspendedTaskList  tasks.o
    0x2400556c        -       0x00000014   Zero   RW         2203    .bss.xTasksWaitingTermination  tasks.o
    0x24005580        -       0x00000004   Zero   RW         2208    .bss.xTickCount     tasks.o
    0x24005584        -       0x00000004   Zero   RW         2290    .bss.xTimerQueue    timers.o
    0x24005588        -       0x00000004   Zero   RW         2292    .bss.xTimerTaskHandle  timers.o
    0x2400558c        -       0x00000004   Zero   RW         2215    .bss.xYieldPending  tasks.o
    0x24005590        -       0x00000200   Zero   RW            2    HEAP                startup_stm32h723xx.o
    0x24005790        -       0x00000400   Zero   RW            1    STACK               startup_stm32h723xx.o


==============================================================================

Image component sizes


      Code (inc. data)   RO Data    RW Data    ZI Data      Debug   Object Name

       394          4          0          0        140       2283   arm2.o
       840          0          0          0       1724      34901   cmsis_os2.o
       252          0          0          0          0       5259   dma.o
       602          0          0          0        324       9878   fdcan.o
       116          0         48          0         12       3048   freertos.o
       278          0          0          0          0       2909   gpio.o
      1052          0          0          0      15388       4620   heap_4.o
       296          0          0          0          0       2206   list.o
       396          0          0          0          0       7531   main.o
      1536          0        159          4        401       4303   motor520.o
       228          0          0          0        107       4516   motors520.o
       248          0          0          0          0       1270   pid_old.o
       996         16          0          4          5       3812   port.o
      1736          0          0          0         64      18487   queue.o
        72         30        716          0       1536        836   startup_stm32h723xx.o
       160          0          0          5          4      14604   stm32h7xx_hal.o
       380          0          0          0          0      11503   stm32h7xx_hal_cortex.o
     15540          8          8          0          0      12461   stm32h7xx_hal_dma.o
      3364          0         76          0          0      33584   stm32h7xx_hal_fdcan.o
       960          0          0          0          0       7012   stm32h7xx_hal_gpio.o
        50          0          0          0          0       5238   stm32h7xx_hal_msp.o
       162          0          0          0          0       9328   stm32h7xx_hal_pwr_ex.o
      4830         66          0          0          0      11388   stm32h7xx_hal_rcc.o
      6358         96          0          0          0      18630   stm32h7xx_hal_rcc_ex.o
      1548          0          0          0          0      37743   stm32h7xx_hal_tim.o
        24          0          0          0          0      18119   stm32h7xx_hal_tim_ex.o
       198          0          0          0         76       9517   stm32h7xx_hal_timebase_tim.o
      9426        342         24          0          0      29485   stm32h7xx_hal_uart.o
       770          0         16          0          0       8876   stm32h7xx_hal_uart_ex.o
       378          0          0          0          0       2887   stm32h7xx_it.o
       398          0         16          8          0       5559   system_stm32h7xx.o
       240          0         14          0          1       4365   task_init.o
      5040          0          9          0       1280      26414   tasks.o
      1362         10         13          0        300      11802   timers.o
      2438          0          0          0       1940      13544   usart.o

    ----------------------------------------------------------------------
     63292        592       1132         24      23316     397918   Object Totals
         0          0         32          0          0          0   (incl. Generated)
       624         20          1          3         14          0   (incl. Padding)

    ----------------------------------------------------------------------

      Code (inc. data)   RO Data    RW Data    ZI Data      Debug   Library Member Name

         8          0          0          0          0         68   __main.o
       392          4         17          0          0         92   __printf_flags_ss_wp.o
        14          0          0          0          0         68   __printf_wp.o
         0          0          0          0          0          0   __rtentry.o
        12          0          0          0          0          0   __rtentry2.o
         6          0          0          0          0          0   __rtentry4.o
        94          8          0          0          0          0   __scatter.o
        26          0          0          0          0          0   __scatter_copy.o
        28          0          0          0          0          0   __scatter_zi.o
        72          0          0          0          0         96   _c16rtomb.o
        28          0          0          0          0         68   _chval.o
         6          0          0          0          0          0   _printf_a.o
         6          0          0          0          0          0   _printf_c.o
        44          0          0          0          0        108   _printf_char.o
        48          6          0          0          0         96   _printf_char_common.o
        40          0          0          0          0         68   _printf_charcount.o
         6          0          0          0          0          0   _printf_d.o
       120         16          0          0          0         92   _printf_dec.o
         6          0          0          0          0          0   _printf_e.o
         6          0          0          0          0          0   _printf_f.o
      1052          0          0          0          0        148   _printf_fp_dec.o
       764          8         38          0          0        100   _printf_fp_hex.o
       128         16          0          0          0         84   _printf_fp_infnan.o
         6          0          0          0          0          0   _printf_g.o
       148          4         40          0          0        160   _printf_hex_int_ll_ptr.o
         6          0          0          0          0          0   _printf_i.o
       178          0          0          0          0         88   _printf_intcommon.o
        10          0          0          0          0          0   _printf_l.o
         6          0          0          0          0          0   _printf_lc.o
        10          0          0          0          0          0   _printf_ll.o
         6          0          0          0          0          0   _printf_lld.o
         6          0          0          0          0          0   _printf_lli.o
         6          0          0          0          0          0   _printf_llo.o
         6          0          0          0          0          0   _printf_llu.o
         6          0          0          0          0          0   _printf_llx.o
       124         16          0          0          0         92   _printf_longlong_dec.o
         6          0          0          0          0          0   _printf_ls.o
         6          0          0          0          0          0   _printf_n.o
         6          0          0          0          0          0   _printf_o.o
       112          8          0          0          0        124   _printf_oct_int_ll.o
         6          0          0          0          0          0   _printf_p.o
        78          0          0          0          0        108   _printf_pad.o
         0          0          0          0          0          0   _printf_percent.o
         4          0          0          0          0          0   _printf_percent_end.o
         6          0          0          0          0          0   _printf_s.o
        82          0          0          0          0         80   _printf_str.o
        36          0          0          0          0         84   _printf_truncate.o
         6          0          0          0          0          0   _printf_u.o
        44          0          0          0          0        108   _printf_wchar.o
       188          6          8          0          0         92   _printf_wctomb.o
         6          0          0          0          0          0   _printf_x.o
        22          0          0          0          0        100   _rserrno.o
        64          0          0          0          0         84   _sgetc.o
        10          0          0          0          0         68   _sputc.o
       158          0          0          0          0         92   _strtoul.o
        16          0          0          0          0         68   aeabi_memset4.o
        26          0          0          0          0         80   atoi.o
       228          4        148          0          0         96   bigflt0.o
      2152        136          0          0          0        956   btod.o
        18          0          0          0          0         80   exit.o
         6          0          0          0          0        152   heapauxi.o
         0          0          0          0          0          0   indicate_semi.o
        18          0          0          0          0         76   isspace.o
        44         10        272          0          0         76   lc_ctype_c.o
        44         10         28          0          0         76   lc_numeric_c.o
         2          0          0          0          0          0   libinit.o
        34          0          0          0          0          0   libinit2.o
         2          0          0          0          0          0   libshutdown.o
         2          0          0          0          0          0   libshutdown2.o
         8          4          0          0         96         68   libspace.o
        38          0          0          0          0         68   llshl.o
       138          0          0          0          0         80   lludiv10.o
       240          0          0          0          0        100   lludivv7m.o
        16          4          0          0          0         76   rt_ctype_table.o
         8          4          0          0          0         68   rt_errno_addr_intlibspace.o
         8          4          0          0          0         68   rt_locale_intlibspace.o
        68          0          0          0          0         68   rt_memclr.o
        78          0          0          0          0         80   rt_memclr_w.o
       138          0          0          0          0         68   rt_memcpy_v6.o
       100          0          0          0          0         80   rt_memcpy_w.o
         2          0          0          0          0          0   rtexit.o
        10          0          0          0          0          0   rtexit2.o
      1272         16          0          0          0        168   scanf_fp.o
       800         14          0          0          0        100   scanf_hexfp.o
       308         16          0          0          0        100   scanf_infnan.o
        44          6          0          0          0         84   sprintf.o
       124          0          0          0          0         88   strcmpv7m_pel.o
        72          0          0          0          0         80   strcpy.o
        32          0          0          0          0         80   strcspn.o
        62          0          0          0          0         76   strlen.o
       150          0          0          0          0         80   strncmp.o
        28          0          0          0          0         80   strspn.o
       176         14          0          0          0        124   strtod.o
        12          6          0          4          0         68   strtok.o
        68          4          0          0          0         84   strtok_int.o
       112          0          0          0          0         88   strtol.o
        12          4          0          0          0         68   sys_exit.o
        74          0          0          0          0         80   sys_stackheap_outer.o
         2          0          0          0          0         68   use_no_semi.o
        16          4          0          0          0        116   dcheck1.o
         0          0         16          0          0          0   fpconst.o
        26          0          0          0          0        116   fpinit.o
         6          0          0          0          0        116   istatus.o
         4          0          0          0          0        116   printf1.o
         4          0          0          0          0        116   printf2.o
       100          0          0          0          0        116   retnan.o
        92          0          0          0          0        116   scalbn.o
         4          0          0          0          0        116   scanf1.o
         8          0          0          0          0        132   scanf2.o
        48          0          0          0          0        116   trapv.o
         0          0          0          0          0          0   usenofp.o
        56         10          0          0          0        132   atof.o
        48         28          0          0          0        232   dunder.o
        48          0          0          0          0        124   fpclassify.o
       140         22          0          0          0        128   frexp.o
       166          0          0          0          0        148   ldexp.o
       214         10          0          0          0        292   narrow.o

    ----------------------------------------------------------------------
     12064        422        568          4         96       8600   Library Totals
        28          0          1          0          0          0   (incl. Padding)

    ----------------------------------------------------------------------

      Code (inc. data)   RO Data    RW Data    ZI Data      Debug   Library Name

     11056        348        551          4         96       6368   c_w.l
       308          4         16          0          0       1176   fz_wv.l
       672         70          0          0          0       1056   m_wv.l

    ----------------------------------------------------------------------
     12064        422        568          4         96       8600   Library Totals

    ----------------------------------------------------------------------

==============================================================================


      Code (inc. data)   RO Data    RW Data    ZI Data      Debug   

     75356       1014       1700         28      23412     400790   Grand Totals
     75356       1014       1700         28      23412     400790   ELF Image Totals
     75356       1014       1700         28          0          0   ROM Totals

==============================================================================

    Total RO  Size (Code + RO Data)                77056 (  75.25kB)
    Total RW  Size (RW Data + ZI Data)             23440 (  22.89kB)
    Total ROM Size (Code + RO Data + RW Data)      77084 (  75.28kB)

==============================================================================

