<html>
<body>
<pre>
<h1>µVision Build Log</h1>
<h2>Tool Versions:</h2>
IDE-Version: ¦ÌVision V5.43.1.0
Copyright (C) 2025 ARM Ltd and ARM Germany GmbH. All rights reserved.
License Information: 1 1, 1, LIC=ATTQ1-CIHC5-ARAXW-QC84A-F78GJ-I7R6M
 
Tool Versions:
Toolchain:       MDK-ARM Plus  Version: 5.43.0.0
Toolchain Path:  C:\Keil_v5\ARM\ARMCLANG\Bin
C Compiler:      ArmClang.exe V6.24
Assembler:       Armasm.exe V6.24
Linker/Locator:  ArmLink.exe V6.24
Library Manager: ArmAr.exe V6.24
Hex Converter:   FromElf.exe V6.24
CPU DLL:         SARMCM3.DLL V5.43.0.0
Dialog DLL:      DCM.DLL V1.17.5.0
Target DLL:      Segger\JL2CM3.dll V2.99.45.0
Dialog DLL:      TCM.DLL V1.56.6.0
 
<h2>Project:</h2>
E:\My_enginerring\RoboArm_H7 Or\MDK-ARM\Volley_R2_H7_V1.uvprojx
Project File Date:  04/26/2026

<h2>Output:</h2>
*** Using Compiler 'V6.24', folder: 'C:\Keil_v5\ARM\ARMCLANG\Bin'
Build target 'Volley_R2_H7_V1'
compiling ARM2.c...
linking...
Program Size: Code=75356 RO-data=1700 RW-data=28 ZI-data=23412  
FromELF: creating hex file...
"Volley_R2_H7_V1\Volley_R2_H7_V1.axf" - 0 Error(s), 0 Warning(s).

<h2>Software Packages used:</h2>

Package Vendor: ARM
                https://www.keil.com/pack/ARM.CMSIS.6.2.0.pack
                ARM::CMSIS@6.2.0
                CMSIS (Common Microcontroller Software Interface Standard)
   * Component: CORE Version: 6.1.1

Package Vendor: Keil
                https://www.keil.com/pack/Keil.STM32H7xx_DFP.4.1.3.pack
                Keil::STM32H7xx_DFP@4.1.3
                STMicroelectronics STM32H7 Series Device Support

<h2>Collection of Component include folders:</h2>
  ./RTE/_Volley_R2_H7_V1
  C:/Users/s6250/AppData/Local/Arm/Packs/ARM/CMSIS/6.2.0/CMSIS/Core/Include

<h2>Collection of Component Files used:</h2>

   * Component: ARM::CMSIS:CORE@6.1.1
      Include file:  CMSIS/Core/Include/tz_context.h
Build Time Elapsed:  00:00:01
</pre>
</body>
</html>
